ARM GAS  C:\Users\Admin\AppData\Local\Temp\ccMxdbqq.s 			page 1


   1              		.syntax unified
   2              		.cpu cortex-m3
   3              		.fpu softvfp
   4              		.eabi_attribute 20, 1
   5              		.eabi_attribute 21, 1
   6              		.eabi_attribute 23, 3
   7              		.eabi_attribute 24, 1
   8              		.eabi_attribute 25, 1
   9              		.eabi_attribute 26, 1
  10              		.eabi_attribute 30, 1
  11              		.eabi_attribute 34, 1
  12              		.eabi_attribute 18, 4
  13              		.thumb
  14              		.syntax unified
  15              		.file	"cyfitter_cfg.c"
  16              		.text
  17              	.Ltext0:
  18              		.cfi_sections	.debug_frame
  19              		.section	.text.CyClockStartupError,"ax",%progbits
  20              		.align	2
  21              		.thumb
  22              		.thumb_func
  23              		.type	CyClockStartupError, %function
  24              	CyClockStartupError:
  25              	.LFB3:
  26              		.file 1 "Generated_Source\\PSoC5\\cyfitter_cfg.c"
   1:Generated_Source\PSoC5/cyfitter_cfg.c **** 
   2:Generated_Source\PSoC5/cyfitter_cfg.c **** /*******************************************************************************
   3:Generated_Source\PSoC5/cyfitter_cfg.c **** * File Name: cyfitter_cfg.c
   4:Generated_Source\PSoC5/cyfitter_cfg.c **** * 
   5:Generated_Source\PSoC5/cyfitter_cfg.c **** * PSoC Creator  4.3
   6:Generated_Source\PSoC5/cyfitter_cfg.c **** *
   7:Generated_Source\PSoC5/cyfitter_cfg.c **** * Description:
   8:Generated_Source\PSoC5/cyfitter_cfg.c **** * This file contains device initialization code.
   9:Generated_Source\PSoC5/cyfitter_cfg.c **** * Except for the user defined sections in CyClockStartupError(), this file should not be modified.
  10:Generated_Source\PSoC5/cyfitter_cfg.c **** * This file is automatically generated by PSoC Creator.
  11:Generated_Source\PSoC5/cyfitter_cfg.c **** *
  12:Generated_Source\PSoC5/cyfitter_cfg.c **** ********************************************************************************
  13:Generated_Source\PSoC5/cyfitter_cfg.c **** * Copyright (c) 2007-2019 Cypress Semiconductor.  All rights reserved.
  14:Generated_Source\PSoC5/cyfitter_cfg.c **** * You may use this file only in accordance with the license, terms, conditions, 
  15:Generated_Source\PSoC5/cyfitter_cfg.c **** * disclaimers, and limitations in the end user license agreement accompanying 
  16:Generated_Source\PSoC5/cyfitter_cfg.c **** * the software package with which this file was provided.
  17:Generated_Source\PSoC5/cyfitter_cfg.c **** ********************************************************************************/
  18:Generated_Source\PSoC5/cyfitter_cfg.c **** 
  19:Generated_Source\PSoC5/cyfitter_cfg.c **** #include <string.h>
  20:Generated_Source\PSoC5/cyfitter_cfg.c **** #include "cytypes.h"
  21:Generated_Source\PSoC5/cyfitter_cfg.c **** #include "cydevice_trm.h"
  22:Generated_Source\PSoC5/cyfitter_cfg.c **** #include "cyfitter.h"
  23:Generated_Source\PSoC5/cyfitter_cfg.c **** #include "CyLib.h"
  24:Generated_Source\PSoC5/cyfitter_cfg.c **** #include "cyfitter_cfg.h"
  25:Generated_Source\PSoC5/cyfitter_cfg.c **** #include "cyapicallbacks.h"
  26:Generated_Source\PSoC5/cyfitter_cfg.c **** 
  27:Generated_Source\PSoC5/cyfitter_cfg.c **** #define CY_NEED_CYCLOCKSTARTUPERROR 1
  28:Generated_Source\PSoC5/cyfitter_cfg.c **** 
  29:Generated_Source\PSoC5/cyfitter_cfg.c **** 
  30:Generated_Source\PSoC5/cyfitter_cfg.c **** #if defined(__GNUC__) || defined(__ARMCC_VERSION)
  31:Generated_Source\PSoC5/cyfitter_cfg.c ****     #define CYPACKED 
ARM GAS  C:\Users\Admin\AppData\Local\Temp\ccMxdbqq.s 			page 2


  32:Generated_Source\PSoC5/cyfitter_cfg.c ****     #define CYPACKED_ATTR __attribute__ ((packed))
  33:Generated_Source\PSoC5/cyfitter_cfg.c ****     #define CYALIGNED __attribute__ ((aligned))
  34:Generated_Source\PSoC5/cyfitter_cfg.c ****     #define CY_CFG_UNUSED __attribute__ ((unused))
  35:Generated_Source\PSoC5/cyfitter_cfg.c ****     #ifndef CY_CFG_SECTION
  36:Generated_Source\PSoC5/cyfitter_cfg.c ****         #define CY_CFG_SECTION __attribute__ ((section(".psocinit")))
  37:Generated_Source\PSoC5/cyfitter_cfg.c ****     #endif
  38:Generated_Source\PSoC5/cyfitter_cfg.c ****     
  39:Generated_Source\PSoC5/cyfitter_cfg.c ****     #if defined(__ARMCC_VERSION)
  40:Generated_Source\PSoC5/cyfitter_cfg.c ****         #define CY_CFG_MEMORY_BARRIER() __memory_changed()
  41:Generated_Source\PSoC5/cyfitter_cfg.c ****     #else
  42:Generated_Source\PSoC5/cyfitter_cfg.c ****         #define CY_CFG_MEMORY_BARRIER() __sync_synchronize()
  43:Generated_Source\PSoC5/cyfitter_cfg.c ****     #endif
  44:Generated_Source\PSoC5/cyfitter_cfg.c ****     
  45:Generated_Source\PSoC5/cyfitter_cfg.c **** #elif defined(__ICCARM__)
  46:Generated_Source\PSoC5/cyfitter_cfg.c ****     #include <intrinsics.h>
  47:Generated_Source\PSoC5/cyfitter_cfg.c **** 
  48:Generated_Source\PSoC5/cyfitter_cfg.c ****     #define CYPACKED __packed
  49:Generated_Source\PSoC5/cyfitter_cfg.c ****     #define CYPACKED_ATTR 
  50:Generated_Source\PSoC5/cyfitter_cfg.c ****     #define CYALIGNED _Pragma("data_alignment=4")
  51:Generated_Source\PSoC5/cyfitter_cfg.c ****     #define CY_CFG_UNUSED _Pragma("diag_suppress=Pe177")
  52:Generated_Source\PSoC5/cyfitter_cfg.c ****     #define CY_CFG_SECTION _Pragma("location=\".psocinit\"")
  53:Generated_Source\PSoC5/cyfitter_cfg.c ****     
  54:Generated_Source\PSoC5/cyfitter_cfg.c ****     #define CY_CFG_MEMORY_BARRIER() __DMB()
  55:Generated_Source\PSoC5/cyfitter_cfg.c ****     
  56:Generated_Source\PSoC5/cyfitter_cfg.c **** #else
  57:Generated_Source\PSoC5/cyfitter_cfg.c ****     #error Unsupported toolchain
  58:Generated_Source\PSoC5/cyfitter_cfg.c **** #endif
  59:Generated_Source\PSoC5/cyfitter_cfg.c **** 
  60:Generated_Source\PSoC5/cyfitter_cfg.c **** #ifndef CYCODE
  61:Generated_Source\PSoC5/cyfitter_cfg.c ****     #define CYCODE
  62:Generated_Source\PSoC5/cyfitter_cfg.c **** #endif
  63:Generated_Source\PSoC5/cyfitter_cfg.c **** #ifndef CYDATA
  64:Generated_Source\PSoC5/cyfitter_cfg.c ****     #define CYDATA
  65:Generated_Source\PSoC5/cyfitter_cfg.c **** #endif
  66:Generated_Source\PSoC5/cyfitter_cfg.c **** #ifndef CYFAR
  67:Generated_Source\PSoC5/cyfitter_cfg.c ****     #define CYFAR
  68:Generated_Source\PSoC5/cyfitter_cfg.c **** #endif
  69:Generated_Source\PSoC5/cyfitter_cfg.c **** #ifndef CYXDATA
  70:Generated_Source\PSoC5/cyfitter_cfg.c ****     #define CYXDATA
  71:Generated_Source\PSoC5/cyfitter_cfg.c **** #endif
  72:Generated_Source\PSoC5/cyfitter_cfg.c **** 
  73:Generated_Source\PSoC5/cyfitter_cfg.c **** 
  74:Generated_Source\PSoC5/cyfitter_cfg.c **** CY_CFG_UNUSED
  75:Generated_Source\PSoC5/cyfitter_cfg.c **** static void CYMEMZERO(void *s, size_t n);
  76:Generated_Source\PSoC5/cyfitter_cfg.c **** CY_CFG_UNUSED
  77:Generated_Source\PSoC5/cyfitter_cfg.c **** static void CYMEMZERO(void *s, size_t n)
  78:Generated_Source\PSoC5/cyfitter_cfg.c **** {
  79:Generated_Source\PSoC5/cyfitter_cfg.c **** 	(void)memset(s, 0, n);
  80:Generated_Source\PSoC5/cyfitter_cfg.c **** }
  81:Generated_Source\PSoC5/cyfitter_cfg.c **** CY_CFG_UNUSED
  82:Generated_Source\PSoC5/cyfitter_cfg.c **** static void CYCONFIGCPY(void *dest, const void *src, size_t n);
  83:Generated_Source\PSoC5/cyfitter_cfg.c **** CY_CFG_UNUSED
  84:Generated_Source\PSoC5/cyfitter_cfg.c **** static void CYCONFIGCPY(void *dest, const void *src, size_t n)
  85:Generated_Source\PSoC5/cyfitter_cfg.c **** {
  86:Generated_Source\PSoC5/cyfitter_cfg.c **** 	(void)memcpy(dest, src, n);
  87:Generated_Source\PSoC5/cyfitter_cfg.c **** }
  88:Generated_Source\PSoC5/cyfitter_cfg.c **** CY_CFG_UNUSED
ARM GAS  C:\Users\Admin\AppData\Local\Temp\ccMxdbqq.s 			page 3


  89:Generated_Source\PSoC5/cyfitter_cfg.c **** static void CYCONFIGCPYCODE(void *dest, const void *src, size_t n);
  90:Generated_Source\PSoC5/cyfitter_cfg.c **** CY_CFG_UNUSED
  91:Generated_Source\PSoC5/cyfitter_cfg.c **** static void CYCONFIGCPYCODE(void *dest, const void *src, size_t n)
  92:Generated_Source\PSoC5/cyfitter_cfg.c **** {
  93:Generated_Source\PSoC5/cyfitter_cfg.c **** 	(void)memcpy(dest, src, n);
  94:Generated_Source\PSoC5/cyfitter_cfg.c **** }
  95:Generated_Source\PSoC5/cyfitter_cfg.c **** 
  96:Generated_Source\PSoC5/cyfitter_cfg.c **** 
  97:Generated_Source\PSoC5/cyfitter_cfg.c **** 
  98:Generated_Source\PSoC5/cyfitter_cfg.c **** 
  99:Generated_Source\PSoC5/cyfitter_cfg.c **** /* Clock startup error codes                                                   */
 100:Generated_Source\PSoC5/cyfitter_cfg.c **** #define CYCLOCKSTART_NO_ERROR    0u
 101:Generated_Source\PSoC5/cyfitter_cfg.c **** #define CYCLOCKSTART_XTAL_ERROR  1u
 102:Generated_Source\PSoC5/cyfitter_cfg.c **** #define CYCLOCKSTART_32KHZ_ERROR 2u
 103:Generated_Source\PSoC5/cyfitter_cfg.c **** #define CYCLOCKSTART_PLL_ERROR   3u
 104:Generated_Source\PSoC5/cyfitter_cfg.c **** #define CYCLOCKSTART_FLL_ERROR   4u
 105:Generated_Source\PSoC5/cyfitter_cfg.c **** #define CYCLOCKSTART_WCO_ERROR   5u
 106:Generated_Source\PSoC5/cyfitter_cfg.c **** 
 107:Generated_Source\PSoC5/cyfitter_cfg.c **** 
 108:Generated_Source\PSoC5/cyfitter_cfg.c **** #ifdef CY_NEED_CYCLOCKSTARTUPERROR
 109:Generated_Source\PSoC5/cyfitter_cfg.c **** /*******************************************************************************
 110:Generated_Source\PSoC5/cyfitter_cfg.c **** * Function Name: CyClockStartupError
 111:Generated_Source\PSoC5/cyfitter_cfg.c **** ********************************************************************************
 112:Generated_Source\PSoC5/cyfitter_cfg.c **** * Summary:
 113:Generated_Source\PSoC5/cyfitter_cfg.c **** *  If an error is encountered during clock configuration (crystal startup error,
 114:Generated_Source\PSoC5/cyfitter_cfg.c **** *  PLL lock error, etc.), the system will end up here.  Unless reimplemented by
 115:Generated_Source\PSoC5/cyfitter_cfg.c **** *  the customer, this function will stop in an infinite loop.
 116:Generated_Source\PSoC5/cyfitter_cfg.c **** *
 117:Generated_Source\PSoC5/cyfitter_cfg.c **** * Parameters:
 118:Generated_Source\PSoC5/cyfitter_cfg.c **** *   void
 119:Generated_Source\PSoC5/cyfitter_cfg.c **** *
 120:Generated_Source\PSoC5/cyfitter_cfg.c **** * Return:
 121:Generated_Source\PSoC5/cyfitter_cfg.c **** *   void
 122:Generated_Source\PSoC5/cyfitter_cfg.c **** *
 123:Generated_Source\PSoC5/cyfitter_cfg.c **** *******************************************************************************/
 124:Generated_Source\PSoC5/cyfitter_cfg.c **** CY_CFG_UNUSED
 125:Generated_Source\PSoC5/cyfitter_cfg.c **** static void CyClockStartupError(uint8 errorCode);
 126:Generated_Source\PSoC5/cyfitter_cfg.c **** CY_CFG_UNUSED
 127:Generated_Source\PSoC5/cyfitter_cfg.c **** static void CyClockStartupError(uint8 errorCode)
 128:Generated_Source\PSoC5/cyfitter_cfg.c **** {
  27              		.loc 1 128 0
  28              		.cfi_startproc
  29              		@ Volatile: function does not return.
  30              		@ args = 0, pretend = 0, frame = 0
  31              		@ frame_needed = 0, uses_anonymous_args = 0
  32              		@ link register save eliminated.
  33              	.LVL0:
  34              	.L2:
  35 0000 FEE7     		b	.L2
  36              		.cfi_endproc
  37              	.LFE3:
  38              		.size	CyClockStartupError, .-CyClockStartupError
  39 0002 00BF     		.section	.text.AnalogSetDefault,"ax",%progbits
  40              		.align	2
  41              		.thumb
  42              		.thumb_func
  43              		.type	AnalogSetDefault, %function
ARM GAS  C:\Users\Admin\AppData\Local\Temp\ccMxdbqq.s 			page 4


  44              	AnalogSetDefault:
  45              	.LFB5:
 129:Generated_Source\PSoC5/cyfitter_cfg.c ****     /* To remove the compiler warning if errorCode not used.                */
 130:Generated_Source\PSoC5/cyfitter_cfg.c ****     errorCode = errorCode;
 131:Generated_Source\PSoC5/cyfitter_cfg.c **** 
 132:Generated_Source\PSoC5/cyfitter_cfg.c ****     /* If we have a clock startup error (bad MHz crystal, PLL lock, etc.),  */
 133:Generated_Source\PSoC5/cyfitter_cfg.c ****     /* we will end up here to allow the customer to implement something to  */
 134:Generated_Source\PSoC5/cyfitter_cfg.c ****     /* deal with the clock condition.                                       */
 135:Generated_Source\PSoC5/cyfitter_cfg.c **** 
 136:Generated_Source\PSoC5/cyfitter_cfg.c **** #ifdef CY_CFG_CLOCK_STARTUP_ERROR_CALLBACK
 137:Generated_Source\PSoC5/cyfitter_cfg.c ****     CY_CFG_Clock_Startup_ErrorCallback();
 138:Generated_Source\PSoC5/cyfitter_cfg.c **** #else
 139:Generated_Source\PSoC5/cyfitter_cfg.c ****     /*  If not using CY_CFG_CLOCK_STARTUP_ERROR_CALLBACK, place your clock startup code here. */
 140:Generated_Source\PSoC5/cyfitter_cfg.c ****     /* `#START CyClockStartupError` */
 141:Generated_Source\PSoC5/cyfitter_cfg.c **** 
 142:Generated_Source\PSoC5/cyfitter_cfg.c **** 
 143:Generated_Source\PSoC5/cyfitter_cfg.c **** 
 144:Generated_Source\PSoC5/cyfitter_cfg.c ****     /* `#END` */
 145:Generated_Source\PSoC5/cyfitter_cfg.c **** 
 146:Generated_Source\PSoC5/cyfitter_cfg.c ****     while(1) {}
 147:Generated_Source\PSoC5/cyfitter_cfg.c **** #endif /* CY_CFG_CLOCK_STARTUP_ERROR_CALLBACK */
 148:Generated_Source\PSoC5/cyfitter_cfg.c **** }
 149:Generated_Source\PSoC5/cyfitter_cfg.c **** #endif
 150:Generated_Source\PSoC5/cyfitter_cfg.c **** 
 151:Generated_Source\PSoC5/cyfitter_cfg.c **** /* IOPINS0_0 Address: CYREG_PRT0_DM0 Size (bytes): 8 */
 152:Generated_Source\PSoC5/cyfitter_cfg.c **** #define BS_IOPINS0_0_VAL ((const uint8 CYFAR *)0x48000000u)
 153:Generated_Source\PSoC5/cyfitter_cfg.c **** 
 154:Generated_Source\PSoC5/cyfitter_cfg.c **** /* IOPINS0_1 Address: CYREG_PRT1_DM0 Size (bytes): 8 */
 155:Generated_Source\PSoC5/cyfitter_cfg.c **** #define BS_IOPINS0_1_VAL ((const uint8 CYFAR *)0x48000008u)
 156:Generated_Source\PSoC5/cyfitter_cfg.c **** 
 157:Generated_Source\PSoC5/cyfitter_cfg.c **** 
 158:Generated_Source\PSoC5/cyfitter_cfg.c **** /*******************************************************************************
 159:Generated_Source\PSoC5/cyfitter_cfg.c **** * Function Name: ClockSetup
 160:Generated_Source\PSoC5/cyfitter_cfg.c **** ********************************************************************************
 161:Generated_Source\PSoC5/cyfitter_cfg.c **** *
 162:Generated_Source\PSoC5/cyfitter_cfg.c **** * Summary:
 163:Generated_Source\PSoC5/cyfitter_cfg.c **** *  Performs the initialization of all of the clocks in the device based on the
 164:Generated_Source\PSoC5/cyfitter_cfg.c **** *  settings in the Clock tab of the DWR.  This includes enabling the requested
 165:Generated_Source\PSoC5/cyfitter_cfg.c **** *  clocks and setting the necessary dividers to produce the desired frequency. 
 166:Generated_Source\PSoC5/cyfitter_cfg.c **** *
 167:Generated_Source\PSoC5/cyfitter_cfg.c **** * Parameters:
 168:Generated_Source\PSoC5/cyfitter_cfg.c **** *  void
 169:Generated_Source\PSoC5/cyfitter_cfg.c **** *
 170:Generated_Source\PSoC5/cyfitter_cfg.c **** * Return:
 171:Generated_Source\PSoC5/cyfitter_cfg.c **** *  void
 172:Generated_Source\PSoC5/cyfitter_cfg.c **** *
 173:Generated_Source\PSoC5/cyfitter_cfg.c **** *******************************************************************************/
 174:Generated_Source\PSoC5/cyfitter_cfg.c **** static void ClockSetup(void);
 175:Generated_Source\PSoC5/cyfitter_cfg.c **** static void ClockSetup(void)
 176:Generated_Source\PSoC5/cyfitter_cfg.c **** {
 177:Generated_Source\PSoC5/cyfitter_cfg.c **** 	uint32 timeout;
 178:Generated_Source\PSoC5/cyfitter_cfg.c **** 	uint8 pllLock;
 179:Generated_Source\PSoC5/cyfitter_cfg.c **** 
 180:Generated_Source\PSoC5/cyfitter_cfg.c **** 
 181:Generated_Source\PSoC5/cyfitter_cfg.c **** 	/* Configure ILO based on settings from Clock DWR */
 182:Generated_Source\PSoC5/cyfitter_cfg.c **** 	CY_SET_XTND_REG8((void CYFAR *)(CYREG_SLOWCLK_ILO_CR0), 0x02u);
 183:Generated_Source\PSoC5/cyfitter_cfg.c **** 	CY_SET_XTND_REG8((void CYFAR *)(CYREG_CLKDIST_CR), 0x08u);
ARM GAS  C:\Users\Admin\AppData\Local\Temp\ccMxdbqq.s 			page 5


 184:Generated_Source\PSoC5/cyfitter_cfg.c **** 
 185:Generated_Source\PSoC5/cyfitter_cfg.c **** 	/* Configure IMO based on settings from Clock DWR */
 186:Generated_Source\PSoC5/cyfitter_cfg.c **** 	CY_SET_XTND_REG8((void CYFAR *)(CYREG_FASTCLK_IMO_CR), 0x03u);
 187:Generated_Source\PSoC5/cyfitter_cfg.c **** 	CY_SET_XTND_REG8((void CYFAR *)(CYREG_IMO_TR1), (CY_GET_XTND_REG8((void CYFAR *)CYREG_FLSHID_CUST_
 188:Generated_Source\PSoC5/cyfitter_cfg.c **** 
 189:Generated_Source\PSoC5/cyfitter_cfg.c **** 	/* Configure PLL based on settings from Clock DWR */
 190:Generated_Source\PSoC5/cyfitter_cfg.c **** 	CY_SET_XTND_REG16((void CYFAR *)(CYREG_FASTCLK_PLL_P), 0x0008u);
 191:Generated_Source\PSoC5/cyfitter_cfg.c **** 	CY_SET_XTND_REG16((void CYFAR *)(CYREG_FASTCLK_PLL_CFG0), 0x1251u);
 192:Generated_Source\PSoC5/cyfitter_cfg.c **** 	/* Wait up to 250us for the PLL to lock */
 193:Generated_Source\PSoC5/cyfitter_cfg.c **** 	pllLock = 0u;
 194:Generated_Source\PSoC5/cyfitter_cfg.c **** 	for (timeout = 250u / 10u; (timeout > 0u) && (pllLock != 0x03u); timeout--)
 195:Generated_Source\PSoC5/cyfitter_cfg.c **** 	{ 
 196:Generated_Source\PSoC5/cyfitter_cfg.c **** 		pllLock = 0x03u & ((uint8)((uint8)pllLock << 1) | ((CY_GET_XTND_REG8((void CYFAR *)CYREG_FASTCLK_
 197:Generated_Source\PSoC5/cyfitter_cfg.c **** 		CyDelayCycles(10u * 48u); /* Delay 10us based on 48MHz clock */
 198:Generated_Source\PSoC5/cyfitter_cfg.c **** 	}
 199:Generated_Source\PSoC5/cyfitter_cfg.c **** 	/* If we ran out of time the PLL didn't lock so go to the error function */
 200:Generated_Source\PSoC5/cyfitter_cfg.c **** 	if (timeout == 0u)
 201:Generated_Source\PSoC5/cyfitter_cfg.c **** 	{
 202:Generated_Source\PSoC5/cyfitter_cfg.c **** 		CyClockStartupError(CYCLOCKSTART_PLL_ERROR);
 203:Generated_Source\PSoC5/cyfitter_cfg.c **** 	}
 204:Generated_Source\PSoC5/cyfitter_cfg.c **** 
 205:Generated_Source\PSoC5/cyfitter_cfg.c **** 	/* Configure Bus/Master Clock based on settings from Clock DWR */
 206:Generated_Source\PSoC5/cyfitter_cfg.c **** 	CY_SET_XTND_REG16((void CYFAR *)(CYREG_CLKDIST_MSTR0), 0x0100u);
 207:Generated_Source\PSoC5/cyfitter_cfg.c **** 	CY_SET_XTND_REG8((void CYFAR *)(CYREG_CLKDIST_MSTR0), 0x07u);
 208:Generated_Source\PSoC5/cyfitter_cfg.c **** 	CY_SET_XTND_REG8((void CYFAR *)(CYREG_CLKDIST_BCFG0), 0x00u);
 209:Generated_Source\PSoC5/cyfitter_cfg.c **** 	CY_SET_XTND_REG8((void CYFAR *)(CYREG_CLKDIST_BCFG2), 0x48u);
 210:Generated_Source\PSoC5/cyfitter_cfg.c **** 	CY_SET_XTND_REG8((void CYFAR *)(CYREG_CLKDIST_MSTR0), 0x00u);
 211:Generated_Source\PSoC5/cyfitter_cfg.c **** 	CY_SET_XTND_REG8((void CYFAR *)(CYREG_CLKDIST_LD), 0x02u);
 212:Generated_Source\PSoC5/cyfitter_cfg.c **** }
 213:Generated_Source\PSoC5/cyfitter_cfg.c **** 
 214:Generated_Source\PSoC5/cyfitter_cfg.c **** 
 215:Generated_Source\PSoC5/cyfitter_cfg.c **** /* Analog API Functions */
 216:Generated_Source\PSoC5/cyfitter_cfg.c **** 
 217:Generated_Source\PSoC5/cyfitter_cfg.c **** 
 218:Generated_Source\PSoC5/cyfitter_cfg.c **** /*******************************************************************************
 219:Generated_Source\PSoC5/cyfitter_cfg.c **** * Function Name: AnalogSetDefault
 220:Generated_Source\PSoC5/cyfitter_cfg.c **** ********************************************************************************
 221:Generated_Source\PSoC5/cyfitter_cfg.c **** *
 222:Generated_Source\PSoC5/cyfitter_cfg.c **** * Summary:
 223:Generated_Source\PSoC5/cyfitter_cfg.c **** *  Sets up the analog portions of the chip to default values based on chip
 224:Generated_Source\PSoC5/cyfitter_cfg.c **** *  configuration options from the project.
 225:Generated_Source\PSoC5/cyfitter_cfg.c **** *
 226:Generated_Source\PSoC5/cyfitter_cfg.c **** * Parameters:
 227:Generated_Source\PSoC5/cyfitter_cfg.c **** *  void
 228:Generated_Source\PSoC5/cyfitter_cfg.c **** *
 229:Generated_Source\PSoC5/cyfitter_cfg.c **** * Return:
 230:Generated_Source\PSoC5/cyfitter_cfg.c **** *  void
 231:Generated_Source\PSoC5/cyfitter_cfg.c **** *
 232:Generated_Source\PSoC5/cyfitter_cfg.c **** *******************************************************************************/
 233:Generated_Source\PSoC5/cyfitter_cfg.c **** static void AnalogSetDefault(void);
 234:Generated_Source\PSoC5/cyfitter_cfg.c **** static void AnalogSetDefault(void)
 235:Generated_Source\PSoC5/cyfitter_cfg.c **** {
  46              		.loc 1 235 0
  47              		.cfi_startproc
  48              		@ args = 0, pretend = 0, frame = 0
  49              		@ frame_needed = 0, uses_anonymous_args = 0
  50              		@ link register save eliminated.
ARM GAS  C:\Users\Admin\AppData\Local\Temp\ccMxdbqq.s 			page 6


 236:Generated_Source\PSoC5/cyfitter_cfg.c **** 	uint8 bg_xover_inl_trim = CY_GET_XTND_REG8((void CYFAR *)(CYREG_FLSHID_MFG_CFG_BG_XOVER_INL_TRIM +
  51              		.loc 1 236 0
  52 0000 084B     		ldr	r3, .L4
  53 0002 1B78     		ldrb	r3, [r3]	@ zero_extendqisi2
  54 0004 DBB2     		uxtb	r3, r3
  55              	.LVL1:
 237:Generated_Source\PSoC5/cyfitter_cfg.c **** 	CY_SET_XTND_REG8((void CYFAR *)(CYREG_BG_DFT0), (bg_xover_inl_trim & 0x07u));
  56              		.loc 1 237 0
  57 0006 03F00701 		and	r1, r3, #7
  58 000a 074A     		ldr	r2, .L4+4
  59 000c 1170     		strb	r1, [r2]
 238:Generated_Source\PSoC5/cyfitter_cfg.c **** 	CY_SET_XTND_REG8((void CYFAR *)(CYREG_BG_DFT1), ((bg_xover_inl_trim >> 4) & 0x0Fu));
  60              		.loc 1 238 0
  61 000e 1B09     		lsrs	r3, r3, #4
  62              	.LVL2:
  63 0010 0132     		adds	r2, r2, #1
  64 0012 1370     		strb	r3, [r2]
 239:Generated_Source\PSoC5/cyfitter_cfg.c **** 	CY_SET_XTND_REG8((void CYFAR *)CYREG_DAC0_SW3, 0x80u);
  65              		.loc 1 239 0
  66 0014 8022     		movs	r2, #128
  67 0016 054B     		ldr	r3, .L4+8
  68 0018 1A70     		strb	r2, [r3]
 240:Generated_Source\PSoC5/cyfitter_cfg.c **** 	CY_SET_XTND_REG8((void CYFAR *)CYREG_PUMP_CR0, 0x44u);
  69              		.loc 1 240 0
  70 001a 4422     		movs	r2, #68
  71 001c A3F20D23 		subw	r3, r3, #525
  72 0020 1A70     		strb	r2, [r3]
  73 0022 7047     		bx	lr
  74              	.L5:
  75              		.align	2
  76              	.L4:
  77 0024 CF010049 		.word	1224737231
  78 0028 6E580040 		.word	1073764462
  79 002c 835A0040 		.word	1073764995
  80              		.cfi_endproc
  81              	.LFE5:
  82              		.size	AnalogSetDefault, .-AnalogSetDefault
  83              		.section	.text.CYMEMZERO,"ax",%progbits
  84              		.align	2
  85              		.thumb
  86              		.thumb_func
  87              		.type	CYMEMZERO, %function
  88              	CYMEMZERO:
  89              	.LFB0:
  78:Generated_Source\PSoC5/cyfitter_cfg.c **** 	(void)memset(s, 0, n);
  90              		.loc 1 78 0
  91              		.cfi_startproc
  92              		@ args = 0, pretend = 0, frame = 0
  93              		@ frame_needed = 0, uses_anonymous_args = 0
  94              	.LVL3:
  95 0000 08B5     		push	{r3, lr}
  96              		.cfi_def_cfa_offset 8
  97              		.cfi_offset 3, -8
  98              		.cfi_offset 14, -4
  79:Generated_Source\PSoC5/cyfitter_cfg.c **** }
  99              		.loc 1 79 0
 100 0002 0A46     		mov	r2, r1
ARM GAS  C:\Users\Admin\AppData\Local\Temp\ccMxdbqq.s 			page 7


 101 0004 0021     		movs	r1, #0
 102              	.LVL4:
 103 0006 FFF7FEFF 		bl	memset
 104              	.LVL5:
 105 000a 08BD     		pop	{r3, pc}
 106              		.cfi_endproc
 107              	.LFE0:
 108              		.size	CYMEMZERO, .-CYMEMZERO
 109              		.section	.text.ClockSetup,"ax",%progbits
 110              		.align	2
 111              		.thumb
 112              		.thumb_func
 113              		.type	ClockSetup, %function
 114              	ClockSetup:
 115              	.LFB4:
 176:Generated_Source\PSoC5/cyfitter_cfg.c **** 	uint32 timeout;
 116              		.loc 1 176 0
 117              		.cfi_startproc
 118              		@ args = 0, pretend = 0, frame = 0
 119              		@ frame_needed = 0, uses_anonymous_args = 0
 120 0000 38B5     		push	{r3, r4, r5, lr}
 121              		.cfi_def_cfa_offset 16
 122              		.cfi_offset 3, -16
 123              		.cfi_offset 4, -12
 124              		.cfi_offset 5, -8
 125              		.cfi_offset 14, -4
 182:Generated_Source\PSoC5/cyfitter_cfg.c **** 	CY_SET_XTND_REG8((void CYFAR *)(CYREG_CLKDIST_CR), 0x08u);
 126              		.loc 1 182 0
 127 0002 0222     		movs	r2, #2
 128 0004 1E4B     		ldr	r3, .L14
 129 0006 1A70     		strb	r2, [r3]
 183:Generated_Source\PSoC5/cyfitter_cfg.c **** 
 130              		.loc 1 183 0
 131 0008 0822     		movs	r2, #8
 132 000a 4FF04023 		mov	r3, #1073758208
 133 000e 1A70     		strb	r2, [r3]
 186:Generated_Source\PSoC5/cyfitter_cfg.c **** 	CY_SET_XTND_REG8((void CYFAR *)(CYREG_IMO_TR1), (CY_GET_XTND_REG8((void CYFAR *)CYREG_FLSHID_CUST_
 134              		.loc 1 186 0
 135 0010 0321     		movs	r1, #3
 136 0012 03F50073 		add	r3, r3, #512
 137 0016 1970     		strb	r1, [r3]
 187:Generated_Source\PSoC5/cyfitter_cfg.c **** 
 138              		.loc 1 187 0
 139 0018 1A4B     		ldr	r3, .L14+4
 140 001a 1B78     		ldrb	r3, [r3]	@ zero_extendqisi2
 141 001c DBB2     		uxtb	r3, r3
 142 001e 1A49     		ldr	r1, .L14+8
 143 0020 0B70     		strb	r3, [r1]
 190:Generated_Source\PSoC5/cyfitter_cfg.c **** 	CY_SET_XTND_REG16((void CYFAR *)(CYREG_FASTCLK_PLL_CFG0), 0x1251u);
 144              		.loc 1 190 0
 145 0022 1A4B     		ldr	r3, .L14+12
 146 0024 1A80     		strh	r2, [r3]	@ movhi
 191:Generated_Source\PSoC5/cyfitter_cfg.c **** 	/* Wait up to 250us for the PLL to lock */
 147              		.loc 1 191 0
 148 0026 41F25122 		movw	r2, #4689
 149 002a 023B     		subs	r3, r3, #2
 150 002c 1A80     		strh	r2, [r3]	@ movhi
ARM GAS  C:\Users\Admin\AppData\Local\Temp\ccMxdbqq.s 			page 8


 151              	.LVL6:
 193:Generated_Source\PSoC5/cyfitter_cfg.c **** 	for (timeout = 250u / 10u; (timeout > 0u) && (pllLock != 0x03u); timeout--)
 152              		.loc 1 193 0
 153 002e 0024     		movs	r4, #0
 194:Generated_Source\PSoC5/cyfitter_cfg.c **** 	{ 
 154              		.loc 1 194 0
 155 0030 1925     		movs	r5, #25
 156 0032 0CE0     		b	.L9
 157              	.LVL7:
 158              	.L11:
 196:Generated_Source\PSoC5/cyfitter_cfg.c **** 		CyDelayCycles(10u * 48u); /* Delay 10us based on 48MHz clock */
 159              		.loc 1 196 0 discriminator 4
 160 0034 164B     		ldr	r3, .L14+16
 161 0036 1B78     		ldrb	r3, [r3]	@ zero_extendqisi2
 162 0038 03F00103 		and	r3, r3, #1
 163 003c 43EA4404 		orr	r4, r3, r4, lsl #1
 164              	.LVL8:
 165 0040 04F00304 		and	r4, r4, #3
 166              	.LVL9:
 197:Generated_Source\PSoC5/cyfitter_cfg.c **** 	}
 167              		.loc 1 197 0 discriminator 4
 168 0044 4FF4F070 		mov	r0, #480
 169 0048 FFF7FEFF 		bl	CyDelayCycles
 170              	.LVL10:
 194:Generated_Source\PSoC5/cyfitter_cfg.c **** 	{ 
 171              		.loc 1 194 0 discriminator 4
 172 004c 013D     		subs	r5, r5, #1
 173              	.LVL11:
 174              	.L9:
 194:Generated_Source\PSoC5/cyfitter_cfg.c **** 	{ 
 175              		.loc 1 194 0 is_stmt 0 discriminator 1
 176 004e 0DB1     		cbz	r5, .L10
 194:Generated_Source\PSoC5/cyfitter_cfg.c **** 	{ 
 177              		.loc 1 194 0 discriminator 3
 178 0050 032C     		cmp	r4, #3
 179 0052 EFD1     		bne	.L11
 180              	.L10:
 200:Generated_Source\PSoC5/cyfitter_cfg.c **** 	{
 181              		.loc 1 200 0 is_stmt 1
 182 0054 15B9     		cbnz	r5, .L12
 202:Generated_Source\PSoC5/cyfitter_cfg.c **** 	}
 183              		.loc 1 202 0
 184 0056 0320     		movs	r0, #3
 185 0058 FFF7FEFF 		bl	CyClockStartupError
 186              	.LVL12:
 187              	.L12:
 206:Generated_Source\PSoC5/cyfitter_cfg.c **** 	CY_SET_XTND_REG8((void CYFAR *)(CYREG_CLKDIST_MSTR0), 0x07u);
 188              		.loc 1 206 0
 189 005c 0D4B     		ldr	r3, .L14+20
 190 005e 4FF48072 		mov	r2, #256
 191 0062 1A80     		strh	r2, [r3]	@ movhi
 207:Generated_Source\PSoC5/cyfitter_cfg.c **** 	CY_SET_XTND_REG8((void CYFAR *)(CYREG_CLKDIST_BCFG0), 0x00u);
 192              		.loc 1 207 0
 193 0064 0722     		movs	r2, #7
 194 0066 1A70     		strb	r2, [r3]
 208:Generated_Source\PSoC5/cyfitter_cfg.c **** 	CY_SET_XTND_REG8((void CYFAR *)(CYREG_CLKDIST_BCFG2), 0x48u);
 195              		.loc 1 208 0
ARM GAS  C:\Users\Admin\AppData\Local\Temp\ccMxdbqq.s 			page 9


 196 0068 0022     		movs	r2, #0
 197 006a 0B49     		ldr	r1, .L14+24
 198 006c 0A70     		strb	r2, [r1]
 209:Generated_Source\PSoC5/cyfitter_cfg.c **** 	CY_SET_XTND_REG8((void CYFAR *)(CYREG_CLKDIST_MSTR0), 0x00u);
 199              		.loc 1 209 0
 200 006e 4820     		movs	r0, #72
 201 0070 0231     		adds	r1, r1, #2
 202 0072 0870     		strb	r0, [r1]
 210:Generated_Source\PSoC5/cyfitter_cfg.c **** 	CY_SET_XTND_REG8((void CYFAR *)(CYREG_CLKDIST_LD), 0x02u);
 203              		.loc 1 210 0
 204 0074 1A70     		strb	r2, [r3]
 211:Generated_Source\PSoC5/cyfitter_cfg.c **** }
 205              		.loc 1 211 0
 206 0076 0222     		movs	r2, #2
 207 0078 033B     		subs	r3, r3, #3
 208 007a 1A70     		strb	r2, [r3]
 209 007c 38BD     		pop	{r3, r4, r5, pc}
 210              	.LVL13:
 211              	.L15:
 212 007e 00BF     		.align	2
 213              	.L14:
 214 0080 00430040 		.word	1073758976
 215 0084 08010049 		.word	1224737032
 216 0088 A1460040 		.word	1073759905
 217 008c 22420040 		.word	1073758754
 218 0090 25420040 		.word	1073758757
 219 0094 04400040 		.word	1073758212
 220 0098 06400040 		.word	1073758214
 221              		.cfi_endproc
 222              	.LFE4:
 223              		.size	ClockSetup, .-ClockSetup
 224              		.section	.text.CYCONFIGCPY,"ax",%progbits
 225              		.align	2
 226              		.thumb
 227              		.thumb_func
 228              		.type	CYCONFIGCPY, %function
 229              	CYCONFIGCPY:
 230              	.LFB1:
  85:Generated_Source\PSoC5/cyfitter_cfg.c **** 	(void)memcpy(dest, src, n);
 231              		.loc 1 85 0
 232              		.cfi_startproc
 233              		@ args = 0, pretend = 0, frame = 0
 234              		@ frame_needed = 0, uses_anonymous_args = 0
 235              	.LVL14:
 236 0000 08B5     		push	{r3, lr}
 237              		.cfi_def_cfa_offset 8
 238              		.cfi_offset 3, -8
 239              		.cfi_offset 14, -4
  86:Generated_Source\PSoC5/cyfitter_cfg.c **** }
 240              		.loc 1 86 0
 241 0002 FFF7FEFF 		bl	memcpy
 242              	.LVL15:
 243 0006 08BD     		pop	{r3, pc}
 244              		.cfi_endproc
 245              	.LFE1:
 246              		.size	CYCONFIGCPY, .-CYCONFIGCPY
 247              		.section	.text.SetAnalogRoutingPumps,"ax",%progbits
ARM GAS  C:\Users\Admin\AppData\Local\Temp\ccMxdbqq.s 			page 10


 248              		.align	2
 249              		.global	SetAnalogRoutingPumps
 250              		.thumb
 251              		.thumb_func
 252              		.type	SetAnalogRoutingPumps, %function
 253              	SetAnalogRoutingPumps:
 254              	.LFB6:
 241:Generated_Source\PSoC5/cyfitter_cfg.c **** }
 242:Generated_Source\PSoC5/cyfitter_cfg.c **** 
 243:Generated_Source\PSoC5/cyfitter_cfg.c **** 
 244:Generated_Source\PSoC5/cyfitter_cfg.c **** /*******************************************************************************
 245:Generated_Source\PSoC5/cyfitter_cfg.c **** * Function Name: SetAnalogRoutingPumps
 246:Generated_Source\PSoC5/cyfitter_cfg.c **** ********************************************************************************
 247:Generated_Source\PSoC5/cyfitter_cfg.c **** *
 248:Generated_Source\PSoC5/cyfitter_cfg.c **** * Summary:
 249:Generated_Source\PSoC5/cyfitter_cfg.c **** * Enables or disables the analog pumps feeding analog routing switches.
 250:Generated_Source\PSoC5/cyfitter_cfg.c **** * Intended to be called at startup, based on the Vdda system configuration;
 251:Generated_Source\PSoC5/cyfitter_cfg.c **** * may be called during operation when the user informs us that the Vdda voltage
 252:Generated_Source\PSoC5/cyfitter_cfg.c **** * crossed the pump threshold.
 253:Generated_Source\PSoC5/cyfitter_cfg.c **** *
 254:Generated_Source\PSoC5/cyfitter_cfg.c **** * Parameters:
 255:Generated_Source\PSoC5/cyfitter_cfg.c **** *  enabled - 1 to enable the pumps, 0 to disable the pumps
 256:Generated_Source\PSoC5/cyfitter_cfg.c **** *
 257:Generated_Source\PSoC5/cyfitter_cfg.c **** * Return:
 258:Generated_Source\PSoC5/cyfitter_cfg.c **** *  void
 259:Generated_Source\PSoC5/cyfitter_cfg.c **** *
 260:Generated_Source\PSoC5/cyfitter_cfg.c **** *******************************************************************************/
 261:Generated_Source\PSoC5/cyfitter_cfg.c **** void SetAnalogRoutingPumps(uint8 enabled)
 262:Generated_Source\PSoC5/cyfitter_cfg.c **** {
 255              		.loc 1 262 0
 256              		.cfi_startproc
 257              		@ args = 0, pretend = 0, frame = 0
 258              		@ frame_needed = 0, uses_anonymous_args = 0
 259              		@ link register save eliminated.
 260              	.LVL16:
 263:Generated_Source\PSoC5/cyfitter_cfg.c **** 	uint8 regValue = CY_GET_XTND_REG8((void CYFAR *)CYREG_PUMP_CR0);
 261              		.loc 1 263 0
 262 0000 054B     		ldr	r3, .L21
 263 0002 1B78     		ldrb	r3, [r3]	@ zero_extendqisi2
 264 0004 DBB2     		uxtb	r3, r3
 265              	.LVL17:
 264:Generated_Source\PSoC5/cyfitter_cfg.c **** 	if (enabled != 0u)
 266              		.loc 1 264 0
 267 0006 10B1     		cbz	r0, .L19
 265:Generated_Source\PSoC5/cyfitter_cfg.c **** 	{
 266:Generated_Source\PSoC5/cyfitter_cfg.c **** 		regValue |= 0x22u;
 268              		.loc 1 266 0
 269 0008 43F02203 		orr	r3, r3, #34
 270              	.LVL18:
 271 000c 01E0     		b	.L20
 272              	.L19:
 267:Generated_Source\PSoC5/cyfitter_cfg.c **** 	}
 268:Generated_Source\PSoC5/cyfitter_cfg.c **** 	else
 269:Generated_Source\PSoC5/cyfitter_cfg.c **** 	{
 270:Generated_Source\PSoC5/cyfitter_cfg.c **** 		regValue &= (uint8)~0x22u;
 273              		.loc 1 270 0
 274 000e 03F0DD03 		and	r3, r3, #221
ARM GAS  C:\Users\Admin\AppData\Local\Temp\ccMxdbqq.s 			page 11


 275              	.LVL19:
 276              	.L20:
 271:Generated_Source\PSoC5/cyfitter_cfg.c **** 	}
 272:Generated_Source\PSoC5/cyfitter_cfg.c **** 	CY_SET_XTND_REG8((void CYFAR *)CYREG_PUMP_CR0, regValue);
 277              		.loc 1 272 0
 278 0012 014A     		ldr	r2, .L21
 279 0014 1370     		strb	r3, [r2]
 280 0016 7047     		bx	lr
 281              	.L22:
 282              		.align	2
 283              	.L21:
 284 0018 76580040 		.word	1073764470
 285              		.cfi_endproc
 286              	.LFE6:
 287              		.size	SetAnalogRoutingPumps, .-SetAnalogRoutingPumps
 288              		.section	.text.cyfitter_cfg,"ax",%progbits
 289              		.align	2
 290              		.global	cyfitter_cfg
 291              		.thumb
 292              		.thumb_func
 293              		.type	cyfitter_cfg, %function
 294              	cyfitter_cfg:
 295              	.LFB7:
 273:Generated_Source\PSoC5/cyfitter_cfg.c **** }
 274:Generated_Source\PSoC5/cyfitter_cfg.c **** 
 275:Generated_Source\PSoC5/cyfitter_cfg.c **** 
 276:Generated_Source\PSoC5/cyfitter_cfg.c **** 
 277:Generated_Source\PSoC5/cyfitter_cfg.c **** 
 278:Generated_Source\PSoC5/cyfitter_cfg.c **** /*******************************************************************************
 279:Generated_Source\PSoC5/cyfitter_cfg.c **** * Function Name: cyfitter_cfg
 280:Generated_Source\PSoC5/cyfitter_cfg.c **** ********************************************************************************
 281:Generated_Source\PSoC5/cyfitter_cfg.c **** * Summary:
 282:Generated_Source\PSoC5/cyfitter_cfg.c **** *  This function is called by the start-up code for the selected device. It
 283:Generated_Source\PSoC5/cyfitter_cfg.c **** *  performs all of the necessary device configuration based on the design
 284:Generated_Source\PSoC5/cyfitter_cfg.c **** *  settings.  This includes settings from the Design Wide Resources (DWR) such
 285:Generated_Source\PSoC5/cyfitter_cfg.c **** *  as Clocks and Pins as well as any component configuration that is necessary.
 286:Generated_Source\PSoC5/cyfitter_cfg.c **** *
 287:Generated_Source\PSoC5/cyfitter_cfg.c **** * Parameters:
 288:Generated_Source\PSoC5/cyfitter_cfg.c **** *   void
 289:Generated_Source\PSoC5/cyfitter_cfg.c **** *
 290:Generated_Source\PSoC5/cyfitter_cfg.c **** * Return:
 291:Generated_Source\PSoC5/cyfitter_cfg.c **** *   void
 292:Generated_Source\PSoC5/cyfitter_cfg.c **** *
 293:Generated_Source\PSoC5/cyfitter_cfg.c **** *******************************************************************************/
 294:Generated_Source\PSoC5/cyfitter_cfg.c **** 
 295:Generated_Source\PSoC5/cyfitter_cfg.c **** void cyfitter_cfg(void)
 296:Generated_Source\PSoC5/cyfitter_cfg.c **** {
 296              		.loc 1 296 0
 297              		.cfi_startproc
 298              		@ args = 0, pretend = 0, frame = 0
 299              		@ frame_needed = 0, uses_anonymous_args = 0
 300 0000 38B5     		push	{r3, r4, r5, lr}
 301              		.cfi_def_cfa_offset 16
 302              		.cfi_offset 3, -16
 303              		.cfi_offset 4, -12
 304              		.cfi_offset 5, -8
 305              		.cfi_offset 14, -4
ARM GAS  C:\Users\Admin\AppData\Local\Temp\ccMxdbqq.s 			page 12


 297:Generated_Source\PSoC5/cyfitter_cfg.c **** #ifdef CYGlobalIntDisable
 298:Generated_Source\PSoC5/cyfitter_cfg.c **** 	/* Disable interrupts by default. Let user enable if/when they want. */
 299:Generated_Source\PSoC5/cyfitter_cfg.c **** 	CYGlobalIntDisable
 306              		.loc 1 299 0
 307              		.syntax unified
 308              	@ 299 "Generated_Source\PSoC5\cyfitter_cfg.c" 1
 309 0002 72B6     		CPSID   i
 310              	@ 0 "" 2
 300:Generated_Source\PSoC5/cyfitter_cfg.c **** #endif
 301:Generated_Source\PSoC5/cyfitter_cfg.c **** 
 302:Generated_Source\PSoC5/cyfitter_cfg.c **** 	/* Enable/Disable Debug functionality based on settings from System DWR */
 303:Generated_Source\PSoC5/cyfitter_cfg.c **** 	CY_SET_XTND_REG8((void CYFAR *)CYREG_MLOGIC_DEBUG, (CY_GET_XTND_REG8((void CYFAR *)CYREG_MLOGIC_DE
 311              		.loc 1 303 0
 312              		.thumb
 313              		.syntax unified
 314 0004 204A     		ldr	r2, .L27
 315 0006 1378     		ldrb	r3, [r2]	@ zero_extendqisi2
 316 0008 43F00403 		orr	r3, r3, #4
 317 000c 1370     		strb	r3, [r2]
 318              	.LVL20:
 319              	.LBB2:
 304:Generated_Source\PSoC5/cyfitter_cfg.c **** 
 305:Generated_Source\PSoC5/cyfitter_cfg.c **** 	{
 306:Generated_Source\PSoC5/cyfitter_cfg.c **** 
 307:Generated_Source\PSoC5/cyfitter_cfg.c **** 		CYPACKED typedef struct {
 308:Generated_Source\PSoC5/cyfitter_cfg.c **** 			void CYFAR *address;
 309:Generated_Source\PSoC5/cyfitter_cfg.c **** 			uint16 size;
 310:Generated_Source\PSoC5/cyfitter_cfg.c **** 		} CYPACKED_ATTR cfg_memset_t;
 311:Generated_Source\PSoC5/cyfitter_cfg.c **** 
 312:Generated_Source\PSoC5/cyfitter_cfg.c **** 		static const cfg_memset_t CYCODE cfg_memset_list[] = {
 313:Generated_Source\PSoC5/cyfitter_cfg.c **** 			/* address, size */
 314:Generated_Source\PSoC5/cyfitter_cfg.c **** 			{(void CYFAR *)(CYREG_PRT2_DR), 80u},
 315:Generated_Source\PSoC5/cyfitter_cfg.c **** 			{(void CYFAR *)(CYREG_PRT12_DR), 16u},
 316:Generated_Source\PSoC5/cyfitter_cfg.c **** 			{(void CYFAR *)(CYREG_PRT15_DR), 16u},
 317:Generated_Source\PSoC5/cyfitter_cfg.c **** 			{(void CYFAR *)(CYDEV_UCFG_B0_P0_U0_BASE), 4096u},
 318:Generated_Source\PSoC5/cyfitter_cfg.c **** 			{(void CYFAR *)(CYDEV_UCFG_B1_P2_U0_BASE), 2048u},
 319:Generated_Source\PSoC5/cyfitter_cfg.c **** 			{(void CYFAR *)(CYDEV_UCFG_DSI0_BASE), 2560u},
 320:Generated_Source\PSoC5/cyfitter_cfg.c **** 			{(void CYFAR *)(CYDEV_UCFG_DSI12_BASE), 512u},
 321:Generated_Source\PSoC5/cyfitter_cfg.c **** 			{(void CYFAR *)(CYREG_BCTL0_MDCLK_EN), 32u},
 322:Generated_Source\PSoC5/cyfitter_cfg.c **** 		};
 323:Generated_Source\PSoC5/cyfitter_cfg.c **** 
 324:Generated_Source\PSoC5/cyfitter_cfg.c **** 		uint8 CYDATA i;
 325:Generated_Source\PSoC5/cyfitter_cfg.c **** 
 326:Generated_Source\PSoC5/cyfitter_cfg.c **** 		/* Zero out critical memory blocks before beginning configuration */
 327:Generated_Source\PSoC5/cyfitter_cfg.c **** 		for (i = 0u; i < (sizeof(cfg_memset_list)/sizeof(cfg_memset_list[0])); i++)
 320              		.loc 1 327 0
 321 000e 0024     		movs	r4, #0
 322 0010 0CE0     		b	.L24
 323              	.LVL21:
 324              	.L25:
 325              	.LBB3:
 328:Generated_Source\PSoC5/cyfitter_cfg.c **** 		{
 329:Generated_Source\PSoC5/cyfitter_cfg.c **** 			const cfg_memset_t CYCODE * CYDATA ms = &cfg_memset_list[i];
 330:Generated_Source\PSoC5/cyfitter_cfg.c **** 			CYMEMZERO(ms->address, (size_t)(uint32)(ms->size));
 326              		.loc 1 330 0 discriminator 3
 327 0012 1E4D     		ldr	r5, .L27+4
 328 0014 6300     		lsls	r3, r4, #1
ARM GAS  C:\Users\Admin\AppData\Local\Temp\ccMxdbqq.s 			page 13


 329 0016 1919     		adds	r1, r3, r4
 330 0018 4A00     		lsls	r2, r1, #1
 331 001a 1146     		mov	r1, r2
 332 001c 2A44     		add	r2, r2, r5
 333 001e 0846     		mov	r0, r1
 334 0020 9188     		ldrh	r1, [r2, #4]
 335 0022 2858     		ldr	r0, [r5, r0]	@ unaligned
 336 0024 FFF7FEFF 		bl	CYMEMZERO
 337              	.LVL22:
 338              	.LBE3:
 327:Generated_Source\PSoC5/cyfitter_cfg.c **** 		{
 339              		.loc 1 327 0 discriminator 3
 340 0028 0134     		adds	r4, r4, #1
 341              	.LVL23:
 342 002a E4B2     		uxtb	r4, r4
 343              	.LVL24:
 344              	.L24:
 327:Generated_Source\PSoC5/cyfitter_cfg.c **** 		{
 345              		.loc 1 327 0 is_stmt 0 discriminator 1
 346 002c 072C     		cmp	r4, #7
 347 002e F0D9     		bls	.L25
 331:Generated_Source\PSoC5/cyfitter_cfg.c **** 		}
 332:Generated_Source\PSoC5/cyfitter_cfg.c **** 
 333:Generated_Source\PSoC5/cyfitter_cfg.c **** 		/* Enable digital routing */
 334:Generated_Source\PSoC5/cyfitter_cfg.c **** 		CY_SET_XTND_REG8((void CYFAR *)CYREG_BCTL0_BANK_CTL, CY_GET_XTND_REG8((void CYFAR *)CYREG_BCTL0_B
 348              		.loc 1 334 0 is_stmt 1
 349 0030 174A     		ldr	r2, .L27+8
 350 0032 1378     		ldrb	r3, [r2]	@ zero_extendqisi2
 351 0034 43F00203 		orr	r3, r3, #2
 352 0038 1370     		strb	r3, [r2]
 335:Generated_Source\PSoC5/cyfitter_cfg.c **** 		CY_SET_XTND_REG8((void CYFAR *)CYREG_BCTL1_BANK_CTL, CY_GET_XTND_REG8((void CYFAR *)CYREG_BCTL1_B
 353              		.loc 1 335 0
 354 003a 1032     		adds	r2, r2, #16
 355 003c 1378     		ldrb	r3, [r2]	@ zero_extendqisi2
 356 003e 43F00203 		orr	r3, r3, #2
 357 0042 1370     		strb	r3, [r2]
 358              	.LBE2:
 336:Generated_Source\PSoC5/cyfitter_cfg.c **** 	}
 337:Generated_Source\PSoC5/cyfitter_cfg.c **** 
 338:Generated_Source\PSoC5/cyfitter_cfg.c **** 
 339:Generated_Source\PSoC5/cyfitter_cfg.c **** 	/* Perform second pass device configuration. These items must be configured in specific order afte
 340:Generated_Source\PSoC5/cyfitter_cfg.c **** 	CYCONFIGCPY((void CYFAR *)(CYREG_PRT0_DM0), (const void CYFAR *)(BS_IOPINS0_0_VAL), 8u);
 359              		.loc 1 340 0
 360 0044 0822     		movs	r2, #8
 361 0046 4FF09041 		mov	r1, #1207959552
 362 004a 1248     		ldr	r0, .L27+12
 363 004c FFF7FEFF 		bl	CYCONFIGCPY
 364              	.LVL25:
 341:Generated_Source\PSoC5/cyfitter_cfg.c **** 	CYCONFIGCPY((void CYFAR *)(CYREG_PRT1_DM0), (const void CYFAR *)(BS_IOPINS0_1_VAL), 8u);
 365              		.loc 1 341 0
 366 0050 0822     		movs	r2, #8
 367 0052 1149     		ldr	r1, .L27+16
 368 0054 1148     		ldr	r0, .L27+20
 369 0056 FFF7FEFF 		bl	CYCONFIGCPY
 370              	.LVL26:
 342:Generated_Source\PSoC5/cyfitter_cfg.c **** 	/* Switch Boost to the precision bandgap reference from its internal reference */
 343:Generated_Source\PSoC5/cyfitter_cfg.c **** 	CY_SET_REG8((void CYXDATA *)CYREG_BOOST_CR2, (CY_GET_REG8((void CYXDATA *)CYREG_BOOST_CR2) | 0x08u
ARM GAS  C:\Users\Admin\AppData\Local\Temp\ccMxdbqq.s 			page 14


 371              		.loc 1 343 0
 372 005a 114A     		ldr	r2, .L27+24
 373 005c 1378     		ldrb	r3, [r2]	@ zero_extendqisi2
 374 005e 43F00803 		orr	r3, r3, #8
 375 0062 1370     		strb	r3, [r2]
 344:Generated_Source\PSoC5/cyfitter_cfg.c **** 
 345:Generated_Source\PSoC5/cyfitter_cfg.c **** 	/* Set Flash Cycles based on max possible frequency in case a glitch occurs during ClockSetup(). *
 346:Generated_Source\PSoC5/cyfitter_cfg.c **** 	CY_SET_XTND_REG8((void CYFAR *)(CYREG_CACHE_CC_CTL), (((CYDEV_INSTRUCT_CACHE_ENABLED) != 0) ? 0x61
 376              		.loc 1 346 0
 377 0064 0F4C     		ldr	r4, .L27+28
 378              	.LVL27:
 379 0066 6123     		movs	r3, #97
 380 0068 2370     		strb	r3, [r4]
 347:Generated_Source\PSoC5/cyfitter_cfg.c **** 	/* Setup clocks based on selections from Clock DWR */
 348:Generated_Source\PSoC5/cyfitter_cfg.c **** 	ClockSetup();
 381              		.loc 1 348 0
 382 006a FFF7FEFF 		bl	ClockSetup
 383              	.LVL28:
 349:Generated_Source\PSoC5/cyfitter_cfg.c **** 	/* Set Flash Cycles based on newly configured 24.00MHz Bus Clock. */
 350:Generated_Source\PSoC5/cyfitter_cfg.c **** 	CY_SET_XTND_REG8((void CYFAR *)(CYREG_CACHE_CC_CTL), (((CYDEV_INSTRUCT_CACHE_ENABLED) != 0) ? 0x81
 384              		.loc 1 350 0
 385 006e 8123     		movs	r3, #129
 386 0070 2370     		strb	r3, [r4]
 351:Generated_Source\PSoC5/cyfitter_cfg.c **** 	CY_SET_XTND_REG8((void CYFAR *)(CYREG_PANTHER_WAITPIPE), 0x01u);
 387              		.loc 1 351 0
 388 0072 0122     		movs	r2, #1
 389 0074 0C4B     		ldr	r3, .L27+32
 390 0076 1A70     		strb	r2, [r3]
 352:Generated_Source\PSoC5/cyfitter_cfg.c **** 
 353:Generated_Source\PSoC5/cyfitter_cfg.c **** 	/* Perform basic analog initialization to defaults */
 354:Generated_Source\PSoC5/cyfitter_cfg.c **** 	AnalogSetDefault();
 391              		.loc 1 354 0
 392 0078 FFF7FEFF 		bl	AnalogSetDefault
 393              	.LVL29:
 355:Generated_Source\PSoC5/cyfitter_cfg.c **** 
 356:Generated_Source\PSoC5/cyfitter_cfg.c **** 	/* Configure alternate active mode */
 357:Generated_Source\PSoC5/cyfitter_cfg.c **** 	CYCONFIGCPY((void CYFAR *)CYDEV_PM_STBY_BASE, (const void CYFAR *)CYDEV_PM_ACT_BASE, 14u);
 394              		.loc 1 357 0
 395 007c 0E22     		movs	r2, #14
 396 007e 0B49     		ldr	r1, .L27+36
 397 0080 0B48     		ldr	r0, .L27+40
 398 0082 FFF7FEFF 		bl	CYCONFIGCPY
 399              	.LVL30:
 400 0086 38BD     		pop	{r3, r4, r5, pc}
 401              	.L28:
 402              		.align	2
 403              	.L27:
 404 0088 E8460040 		.word	1073759976
 405 008c 00000000 		.word	.LANCHOR0
 406 0090 03500140 		.word	1073827843
 407 0094 02510040 		.word	1073762562
 408 0098 08000048 		.word	1207959560
 409 009c 12510040 		.word	1073762578
 410 00a0 22430040 		.word	1073759010
 411 00a4 00480040 		.word	1073760256
 412 00a8 04000840 		.word	1074266116
 413 00ac A0430040 		.word	1073759136
ARM GAS  C:\Users\Admin\AppData\Local\Temp\ccMxdbqq.s 			page 15


 414 00b0 B0430040 		.word	1073759152
 415              		.cfi_endproc
 416              	.LFE7:
 417              		.size	cyfitter_cfg, .-cyfitter_cfg
 418              		.section	.rodata
 419              		.align	2
 420              		.set	.LANCHOR0,. + 0
 421              		.type	cfg_memset_list.4992, %object
 422              		.size	cfg_memset_list.4992, 48
 423              	cfg_memset_list.4992:
 424 0000 20510040 		.word	1073762592
 425 0004 5000     		.short	80
 426 0006 C0510040 		.4byte	1073762752
 427 000a 1000     		.short	16
 428 000c F0510040 		.word	1073762800
 429 0010 1000     		.short	16
 430 0012 00000140 		.4byte	1073807360
 431 0016 0010     		.short	4096
 432 0018 00140140 		.word	1073812480
 433 001c 0008     		.short	2048
 434 001e 00400140 		.4byte	1073823744
 435 0022 000A     		.short	2560
 436 0024 004C0140 		.word	1073826816
 437 0028 0002     		.short	512
 438 002a 00500140 		.4byte	1073827840
 439 002e 2000     		.short	32
 440              		.text
 441              	.Letext0:
 442              		.file 2 "c:\\program files (x86)\\cypress\\psoc creator\\4.3\\psoc creator\\import\\gnu\\arm\\5.4.
 443              		.file 3 "Generated_Source\\PSoC5\\cytypes.h"
 444              		.file 4 "Generated_Source\\PSoC5\\CyLib.h"
 445              		.section	.debug_info,"",%progbits
 446              	.Ldebug_info0:
 447 0000 CD030000 		.4byte	0x3cd
 448 0004 0400     		.2byte	0x4
 449 0006 00000000 		.4byte	.Ldebug_abbrev0
 450 000a 04       		.byte	0x4
 451 000b 01       		.uleb128 0x1
 452 000c 95000000 		.4byte	.LASF39
 453 0010 0C       		.byte	0xc
 454 0011 0C020000 		.4byte	.LASF40
 455 0015 6E010000 		.4byte	.LASF41
 456 0019 00000000 		.4byte	.Ldebug_ranges0+0
 457 001d 00000000 		.4byte	0
 458 0021 00000000 		.4byte	.Ldebug_line0
 459 0025 02       		.uleb128 0x2
 460 0026 04       		.byte	0x4
 461 0027 05       		.byte	0x5
 462 0028 696E7400 		.ascii	"int\000"
 463 002c 03       		.uleb128 0x3
 464 002d 14000000 		.4byte	.LASF12
 465 0031 02       		.byte	0x2
 466 0032 D8       		.byte	0xd8
 467 0033 37000000 		.4byte	0x37
 468 0037 04       		.uleb128 0x4
 469 0038 04       		.byte	0x4
 470 0039 07       		.byte	0x7
ARM GAS  C:\Users\Admin\AppData\Local\Temp\ccMxdbqq.s 			page 16


 471 003a BC010000 		.4byte	.LASF0
 472 003e 04       		.uleb128 0x4
 473 003f 08       		.byte	0x8
 474 0040 05       		.byte	0x5
 475 0041 FE010000 		.4byte	.LASF1
 476 0045 04       		.uleb128 0x4
 477 0046 08       		.byte	0x8
 478 0047 04       		.byte	0x4
 479 0048 59020000 		.4byte	.LASF2
 480 004c 04       		.uleb128 0x4
 481 004d 01       		.byte	0x1
 482 004e 06       		.byte	0x6
 483 004f 77020000 		.4byte	.LASF3
 484 0053 04       		.uleb128 0x4
 485 0054 01       		.byte	0x1
 486 0055 08       		.byte	0x8
 487 0056 60010000 		.4byte	.LASF4
 488 005a 04       		.uleb128 0x4
 489 005b 02       		.byte	0x2
 490 005c 05       		.byte	0x5
 491 005d 39020000 		.4byte	.LASF5
 492 0061 04       		.uleb128 0x4
 493 0062 02       		.byte	0x2
 494 0063 07       		.byte	0x7
 495 0064 56000000 		.4byte	.LASF6
 496 0068 04       		.uleb128 0x4
 497 0069 04       		.byte	0x4
 498 006a 05       		.byte	0x5
 499 006b 4B020000 		.4byte	.LASF7
 500 006f 04       		.uleb128 0x4
 501 0070 04       		.byte	0x4
 502 0071 07       		.byte	0x7
 503 0072 28010000 		.4byte	.LASF8
 504 0076 04       		.uleb128 0x4
 505 0077 08       		.byte	0x8
 506 0078 07       		.byte	0x7
 507 0079 D1010000 		.4byte	.LASF9
 508 007d 04       		.uleb128 0x4
 509 007e 04       		.byte	0x4
 510 007f 07       		.byte	0x7
 511 0080 F5010000 		.4byte	.LASF10
 512 0084 05       		.uleb128 0x5
 513 0085 04       		.byte	0x4
 514 0086 04       		.uleb128 0x4
 515 0087 01       		.byte	0x1
 516 0088 08       		.byte	0x8
 517 0089 54020000 		.4byte	.LASF11
 518 008d 06       		.uleb128 0x6
 519 008e 3A010000 		.4byte	.LASF13
 520 0092 03       		.byte	0x3
 521 0093 E401     		.2byte	0x1e4
 522 0095 53000000 		.4byte	0x53
 523 0099 06       		.uleb128 0x6
 524 009a A4010000 		.4byte	.LASF14
 525 009e 03       		.byte	0x3
 526 009f E501     		.2byte	0x1e5
 527 00a1 61000000 		.4byte	0x61
ARM GAS  C:\Users\Admin\AppData\Local\Temp\ccMxdbqq.s 			page 17


 528 00a5 06       		.uleb128 0x6
 529 00a6 B5010000 		.4byte	.LASF15
 530 00aa 03       		.byte	0x3
 531 00ab E601     		.2byte	0x1e6
 532 00ad 6F000000 		.4byte	0x6f
 533 00b1 04       		.uleb128 0x4
 534 00b2 04       		.byte	0x4
 535 00b3 04       		.byte	0x4
 536 00b4 71000000 		.4byte	.LASF16
 537 00b8 04       		.uleb128 0x4
 538 00b9 08       		.byte	0x8
 539 00ba 04       		.byte	0x4
 540 00bb 90010000 		.4byte	.LASF17
 541 00bf 06       		.uleb128 0x6
 542 00c0 23010000 		.4byte	.LASF18
 543 00c4 03       		.byte	0x3
 544 00c5 8E02     		.2byte	0x28e
 545 00c7 CB000000 		.4byte	0xcb
 546 00cb 07       		.uleb128 0x7
 547 00cc 8D000000 		.4byte	0x8d
 548 00d0 06       		.uleb128 0x6
 549 00d1 00000000 		.4byte	.LASF19
 550 00d5 03       		.byte	0x3
 551 00d6 8F02     		.2byte	0x28f
 552 00d8 DC000000 		.4byte	0xdc
 553 00dc 07       		.uleb128 0x7
 554 00dd 99000000 		.4byte	0x99
 555 00e1 08       		.uleb128 0x8
 556 00e2 77000000 		.4byte	.LASF42
 557 00e6 01       		.byte	0x1
 558 00e7 7F       		.byte	0x7f
 559 00e8 00000000 		.4byte	.LFB3
 560 00ec 02000000 		.4byte	.LFE3-.LFB3
 561 00f0 01       		.uleb128 0x1
 562 00f1 9C       		.byte	0x9c
 563 00f2 04010000 		.4byte	0x104
 564 00f6 09       		.uleb128 0x9
 565 00f7 AB010000 		.4byte	.LASF22
 566 00fb 01       		.byte	0x1
 567 00fc 7F       		.byte	0x7f
 568 00fd 8D000000 		.4byte	0x8d
 569 0101 01       		.uleb128 0x1
 570 0102 50       		.byte	0x50
 571 0103 00       		.byte	0
 572 0104 0A       		.uleb128 0xa
 573 0105 1B000000 		.4byte	.LASF20
 574 0109 01       		.byte	0x1
 575 010a EA       		.byte	0xea
 576 010b 00000000 		.4byte	.LFB5
 577 010f 30000000 		.4byte	.LFE5-.LFB5
 578 0113 01       		.uleb128 0x1
 579 0114 9C       		.byte	0x9c
 580 0115 29010000 		.4byte	0x129
 581 0119 0B       		.uleb128 0xb
 582 011a 65020000 		.4byte	.LASF24
 583 011e 01       		.byte	0x1
 584 011f EC       		.byte	0xec
ARM GAS  C:\Users\Admin\AppData\Local\Temp\ccMxdbqq.s 			page 18


 585 0120 8D000000 		.4byte	0x8d
 586 0124 00000000 		.4byte	.LLST0
 587 0128 00       		.byte	0
 588 0129 0A       		.uleb128 0xa
 589 012a 40010000 		.4byte	.LASF21
 590 012e 01       		.byte	0x1
 591 012f 4D       		.byte	0x4d
 592 0130 00000000 		.4byte	.LFB0
 593 0134 0C000000 		.4byte	.LFE0-.LFB0
 594 0138 01       		.uleb128 0x1
 595 0139 9C       		.byte	0x9c
 596 013a 76010000 		.4byte	0x176
 597 013e 0C       		.uleb128 0xc
 598 013f 7300     		.ascii	"s\000"
 599 0141 01       		.byte	0x1
 600 0142 4D       		.byte	0x4d
 601 0143 84000000 		.4byte	0x84
 602 0147 13000000 		.4byte	.LLST1
 603 014b 0C       		.uleb128 0xc
 604 014c 6E00     		.ascii	"n\000"
 605 014e 01       		.byte	0x1
 606 014f 4D       		.byte	0x4d
 607 0150 2C000000 		.4byte	0x2c
 608 0154 34000000 		.4byte	.LLST2
 609 0158 0D       		.uleb128 0xd
 610 0159 0A000000 		.4byte	.LVL5
 611 015d B3030000 		.4byte	0x3b3
 612 0161 0E       		.uleb128 0xe
 613 0162 01       		.uleb128 0x1
 614 0163 50       		.byte	0x50
 615 0164 03       		.uleb128 0x3
 616 0165 F3       		.byte	0xf3
 617 0166 01       		.uleb128 0x1
 618 0167 50       		.byte	0x50
 619 0168 0E       		.uleb128 0xe
 620 0169 01       		.uleb128 0x1
 621 016a 51       		.byte	0x51
 622 016b 01       		.uleb128 0x1
 623 016c 30       		.byte	0x30
 624 016d 0E       		.uleb128 0xe
 625 016e 01       		.uleb128 0x1
 626 016f 52       		.byte	0x52
 627 0170 03       		.uleb128 0x3
 628 0171 F3       		.byte	0xf3
 629 0172 01       		.uleb128 0x1
 630 0173 51       		.byte	0x51
 631 0174 00       		.byte	0
 632 0175 00       		.byte	0
 633 0176 0A       		.uleb128 0xa
 634 0177 44000000 		.4byte	.LASF23
 635 017b 01       		.byte	0x1
 636 017c AF       		.byte	0xaf
 637 017d 00000000 		.4byte	.LFB4
 638 0181 9C000000 		.4byte	.LFE4-.LFB4
 639 0185 01       		.uleb128 0x1
 640 0186 9C       		.byte	0x9c
 641 0187 CE010000 		.4byte	0x1ce
ARM GAS  C:\Users\Admin\AppData\Local\Temp\ccMxdbqq.s 			page 19


 642 018b 0B       		.uleb128 0xb
 643 018c 2C000000 		.4byte	.LASF25
 644 0190 01       		.byte	0x1
 645 0191 B1       		.byte	0xb1
 646 0192 A5000000 		.4byte	0xa5
 647 0196 60000000 		.4byte	.LLST3
 648 019a 0B       		.uleb128 0xb
 649 019b 69000000 		.4byte	.LASF26
 650 019f 01       		.byte	0x1
 651 01a0 B2       		.byte	0xb2
 652 01a1 8D000000 		.4byte	0x8d
 653 01a5 7F000000 		.4byte	.LLST4
 654 01a9 0F       		.uleb128 0xf
 655 01aa 4C000000 		.4byte	.LVL10
 656 01ae BC030000 		.4byte	0x3bc
 657 01b2 BE010000 		.4byte	0x1be
 658 01b6 0E       		.uleb128 0xe
 659 01b7 01       		.uleb128 0x1
 660 01b8 50       		.byte	0x50
 661 01b9 03       		.uleb128 0x3
 662 01ba 0A       		.byte	0xa
 663 01bb E001     		.2byte	0x1e0
 664 01bd 00       		.byte	0
 665 01be 0D       		.uleb128 0xd
 666 01bf 5C000000 		.4byte	.LVL12
 667 01c3 E1000000 		.4byte	0xe1
 668 01c7 0E       		.uleb128 0xe
 669 01c8 01       		.uleb128 0x1
 670 01c9 50       		.byte	0x50
 671 01ca 01       		.uleb128 0x1
 672 01cb 33       		.byte	0x33
 673 01cc 00       		.byte	0
 674 01cd 00       		.byte	0
 675 01ce 0A       		.uleb128 0xa
 676 01cf 8C020000 		.4byte	.LASF27
 677 01d3 01       		.byte	0x1
 678 01d4 54       		.byte	0x54
 679 01d5 00000000 		.4byte	.LFB1
 680 01d9 08000000 		.4byte	.LFE1-.LFB1
 681 01dd 01       		.uleb128 0x1
 682 01de 9C       		.byte	0x9c
 683 01df 2E020000 		.4byte	0x22e
 684 01e3 10       		.uleb128 0x10
 685 01e4 8B000000 		.4byte	.LASF28
 686 01e8 01       		.byte	0x1
 687 01e9 54       		.byte	0x54
 688 01ea 84000000 		.4byte	0x84
 689 01ee A9000000 		.4byte	.LLST5
 690 01f2 0C       		.uleb128 0xc
 691 01f3 73726300 		.ascii	"src\000"
 692 01f7 01       		.byte	0x1
 693 01f8 54       		.byte	0x54
 694 01f9 2E020000 		.4byte	0x22e
 695 01fd CA000000 		.4byte	.LLST6
 696 0201 0C       		.uleb128 0xc
 697 0202 6E00     		.ascii	"n\000"
 698 0204 01       		.byte	0x1
ARM GAS  C:\Users\Admin\AppData\Local\Temp\ccMxdbqq.s 			page 20


 699 0205 54       		.byte	0x54
 700 0206 2C000000 		.4byte	0x2c
 701 020a EB000000 		.4byte	.LLST7
 702 020e 0D       		.uleb128 0xd
 703 020f 06000000 		.4byte	.LVL15
 704 0213 C7030000 		.4byte	0x3c7
 705 0217 0E       		.uleb128 0xe
 706 0218 01       		.uleb128 0x1
 707 0219 50       		.byte	0x50
 708 021a 03       		.uleb128 0x3
 709 021b F3       		.byte	0xf3
 710 021c 01       		.uleb128 0x1
 711 021d 50       		.byte	0x50
 712 021e 0E       		.uleb128 0xe
 713 021f 01       		.uleb128 0x1
 714 0220 51       		.byte	0x51
 715 0221 03       		.uleb128 0x3
 716 0222 F3       		.byte	0xf3
 717 0223 01       		.uleb128 0x1
 718 0224 51       		.byte	0x51
 719 0225 0E       		.uleb128 0xe
 720 0226 01       		.uleb128 0x1
 721 0227 52       		.byte	0x52
 722 0228 03       		.uleb128 0x3
 723 0229 F3       		.byte	0xf3
 724 022a 01       		.uleb128 0x1
 725 022b 52       		.byte	0x52
 726 022c 00       		.byte	0
 727 022d 00       		.byte	0
 728 022e 11       		.uleb128 0x11
 729 022f 04       		.byte	0x4
 730 0230 34020000 		.4byte	0x234
 731 0234 12       		.uleb128 0x12
 732 0235 13       		.uleb128 0x13
 733 0236 4A010000 		.4byte	.LASF31
 734 023a 01       		.byte	0x1
 735 023b 0501     		.2byte	0x105
 736 023d 00000000 		.4byte	.LFB6
 737 0241 1C000000 		.4byte	.LFE6-.LFB6
 738 0245 01       		.uleb128 0x1
 739 0246 9C       		.byte	0x9c
 740 0247 68020000 		.4byte	0x268
 741 024b 14       		.uleb128 0x14
 742 024c 43020000 		.4byte	.LASF29
 743 0250 01       		.byte	0x1
 744 0251 0501     		.2byte	0x105
 745 0253 8D000000 		.4byte	0x8d
 746 0257 01       		.uleb128 0x1
 747 0258 50       		.byte	0x50
 748 0259 15       		.uleb128 0x15
 749 025a 83020000 		.4byte	.LASF30
 750 025e 01       		.byte	0x1
 751 025f 0701     		.2byte	0x107
 752 0261 8D000000 		.4byte	0x8d
 753 0265 01       		.uleb128 0x1
 754 0266 53       		.byte	0x53
 755 0267 00       		.byte	0
ARM GAS  C:\Users\Admin\AppData\Local\Temp\ccMxdbqq.s 			page 21


 756 0268 13       		.uleb128 0x13
 757 0269 97010000 		.4byte	.LASF32
 758 026d 01       		.byte	0x1
 759 026e 2701     		.2byte	0x127
 760 0270 00000000 		.4byte	.LFB7
 761 0274 B4000000 		.4byte	.LFE7-.LFB7
 762 0278 01       		.uleb128 0x1
 763 0279 9C       		.byte	0x9c
 764 027a B3030000 		.4byte	0x3b3
 765 027e 16       		.uleb128 0x16
 766 027f 0E000000 		.4byte	.LBB2
 767 0283 36000000 		.4byte	.LBE2-.LBB2
 768 0287 37030000 		.4byte	0x337
 769 028b 17       		.uleb128 0x17
 770 028c 06       		.byte	0x6
 771 028d 01       		.byte	0x1
 772 028e 3301     		.2byte	0x133
 773 0290 AF020000 		.4byte	0x2af
 774 0294 18       		.uleb128 0x18
 775 0295 C9010000 		.4byte	.LASF33
 776 0299 01       		.byte	0x1
 777 029a 3401     		.2byte	0x134
 778 029c 84000000 		.4byte	0x84
 779 02a0 00       		.byte	0
 780 02a1 18       		.uleb128 0x18
 781 02a2 90000000 		.4byte	.LASF34
 782 02a6 01       		.byte	0x1
 783 02a7 3501     		.2byte	0x135
 784 02a9 99000000 		.4byte	0x99
 785 02ad 04       		.byte	0x4
 786 02ae 00       		.byte	0
 787 02af 06       		.uleb128 0x6
 788 02b0 E8010000 		.4byte	.LASF35
 789 02b4 01       		.byte	0x1
 790 02b5 3601     		.2byte	0x136
 791 02b7 8B020000 		.4byte	0x28b
 792 02bb 19       		.uleb128 0x19
 793 02bc CB020000 		.4byte	0x2cb
 794 02c0 CB020000 		.4byte	0x2cb
 795 02c4 1A       		.uleb128 0x1a
 796 02c5 7D000000 		.4byte	0x7d
 797 02c9 07       		.byte	0x7
 798 02ca 00       		.byte	0
 799 02cb 1B       		.uleb128 0x1b
 800 02cc AF020000 		.4byte	0x2af
 801 02d0 15       		.uleb128 0x15
 802 02d1 34000000 		.4byte	.LASF36
 803 02d5 01       		.byte	0x1
 804 02d6 3801     		.2byte	0x138
 805 02d8 E2020000 		.4byte	0x2e2
 806 02dc 05       		.uleb128 0x5
 807 02dd 03       		.byte	0x3
 808 02de 00000000 		.4byte	cfg_memset_list.4992
 809 02e2 1B       		.uleb128 0x1b
 810 02e3 BB020000 		.4byte	0x2bb
 811 02e7 1C       		.uleb128 0x1c
 812 02e8 6900     		.ascii	"i\000"
ARM GAS  C:\Users\Admin\AppData\Local\Temp\ccMxdbqq.s 			page 22


 813 02ea 01       		.byte	0x1
 814 02eb 4401     		.2byte	0x144
 815 02ed 8D000000 		.4byte	0x8d
 816 02f1 0C010000 		.4byte	.LLST8
 817 02f5 1D       		.uleb128 0x1d
 818 02f6 12000000 		.4byte	.LBB3
 819 02fa 16000000 		.4byte	.LBE3-.LBB3
 820 02fe 1C       		.uleb128 0x1c
 821 02ff 6D7300   		.ascii	"ms\000"
 822 0302 01       		.byte	0x1
 823 0303 4901     		.2byte	0x149
 824 0305 0D030000 		.4byte	0x30d
 825 0309 36010000 		.4byte	.LLST9
 826 030d 11       		.uleb128 0x11
 827 030e 04       		.byte	0x4
 828 030f CB020000 		.4byte	0x2cb
 829 0313 0D       		.uleb128 0xd
 830 0314 28000000 		.4byte	.LVL22
 831 0318 29010000 		.4byte	0x129
 832 031c 0E       		.uleb128 0xe
 833 031d 01       		.uleb128 0x1
 834 031e 51       		.byte	0x51
 835 031f 14       		.uleb128 0x14
 836 0320 74       		.byte	0x74
 837 0321 00       		.sleb128 0
 838 0322 31       		.byte	0x31
 839 0323 24       		.byte	0x24
 840 0324 74       		.byte	0x74
 841 0325 00       		.sleb128 0
 842 0326 22       		.byte	0x22
 843 0327 31       		.byte	0x31
 844 0328 24       		.byte	0x24
 845 0329 75       		.byte	0x75
 846 032a 00       		.sleb128 0
 847 032b 22       		.byte	0x22
 848 032c 23       		.byte	0x23
 849 032d 04       		.uleb128 0x4
 850 032e 94       		.byte	0x94
 851 032f 02       		.byte	0x2
 852 0330 0A       		.byte	0xa
 853 0331 FFFF     		.2byte	0xffff
 854 0333 1A       		.byte	0x1a
 855 0334 00       		.byte	0
 856 0335 00       		.byte	0
 857 0336 00       		.byte	0
 858 0337 0F       		.uleb128 0xf
 859 0338 50000000 		.4byte	.LVL25
 860 033c CE010000 		.4byte	0x1ce
 861 0340 5A030000 		.4byte	0x35a
 862 0344 0E       		.uleb128 0xe
 863 0345 01       		.uleb128 0x1
 864 0346 50       		.byte	0x50
 865 0347 05       		.uleb128 0x5
 866 0348 0C       		.byte	0xc
 867 0349 02510040 		.4byte	0x40005102
 868 034d 0E       		.uleb128 0xe
 869 034e 01       		.uleb128 0x1
ARM GAS  C:\Users\Admin\AppData\Local\Temp\ccMxdbqq.s 			page 23


 870 034f 51       		.byte	0x51
 871 0350 03       		.uleb128 0x3
 872 0351 42       		.byte	0x42
 873 0352 4A       		.byte	0x4a
 874 0353 24       		.byte	0x24
 875 0354 0E       		.uleb128 0xe
 876 0355 01       		.uleb128 0x1
 877 0356 52       		.byte	0x52
 878 0357 01       		.uleb128 0x1
 879 0358 38       		.byte	0x38
 880 0359 00       		.byte	0
 881 035a 0F       		.uleb128 0xf
 882 035b 5A000000 		.4byte	.LVL26
 883 035f CE010000 		.4byte	0x1ce
 884 0363 7F030000 		.4byte	0x37f
 885 0367 0E       		.uleb128 0xe
 886 0368 01       		.uleb128 0x1
 887 0369 50       		.byte	0x50
 888 036a 05       		.uleb128 0x5
 889 036b 0C       		.byte	0xc
 890 036c 12510040 		.4byte	0x40005112
 891 0370 0E       		.uleb128 0xe
 892 0371 01       		.uleb128 0x1
 893 0372 51       		.byte	0x51
 894 0373 05       		.uleb128 0x5
 895 0374 0C       		.byte	0xc
 896 0375 08000048 		.4byte	0x48000008
 897 0379 0E       		.uleb128 0xe
 898 037a 01       		.uleb128 0x1
 899 037b 52       		.byte	0x52
 900 037c 01       		.uleb128 0x1
 901 037d 38       		.byte	0x38
 902 037e 00       		.byte	0
 903 037f 1E       		.uleb128 0x1e
 904 0380 6E000000 		.4byte	.LVL28
 905 0384 76010000 		.4byte	0x176
 906 0388 1E       		.uleb128 0x1e
 907 0389 7C000000 		.4byte	.LVL29
 908 038d 04010000 		.4byte	0x104
 909 0391 0D       		.uleb128 0xd
 910 0392 86000000 		.4byte	.LVL30
 911 0396 CE010000 		.4byte	0x1ce
 912 039a 0E       		.uleb128 0xe
 913 039b 01       		.uleb128 0x1
 914 039c 50       		.byte	0x50
 915 039d 05       		.uleb128 0x5
 916 039e 0C       		.byte	0xc
 917 039f B0430040 		.4byte	0x400043b0
 918 03a3 0E       		.uleb128 0xe
 919 03a4 01       		.uleb128 0x1
 920 03a5 51       		.byte	0x51
 921 03a6 05       		.uleb128 0x5
 922 03a7 0C       		.byte	0xc
 923 03a8 A0430040 		.4byte	0x400043a0
 924 03ac 0E       		.uleb128 0xe
 925 03ad 01       		.uleb128 0x1
 926 03ae 52       		.byte	0x52
ARM GAS  C:\Users\Admin\AppData\Local\Temp\ccMxdbqq.s 			page 24


 927 03af 01       		.uleb128 0x1
 928 03b0 3E       		.byte	0x3e
 929 03b1 00       		.byte	0
 930 03b2 00       		.byte	0
 931 03b3 1F       		.uleb128 0x1f
 932 03b4 4F000000 		.4byte	.LASF37
 933 03b8 4F000000 		.4byte	.LASF37
 934 03bc 20       		.uleb128 0x20
 935 03bd 06000000 		.4byte	.LASF43
 936 03c1 06000000 		.4byte	.LASF43
 937 03c5 04       		.byte	0x4
 938 03c6 79       		.byte	0x79
 939 03c7 1F       		.uleb128 0x1f
 940 03c8 32020000 		.4byte	.LASF38
 941 03cc 32020000 		.4byte	.LASF38
 942 03d0 00       		.byte	0
 943              		.section	.debug_abbrev,"",%progbits
 944              	.Ldebug_abbrev0:
 945 0000 01       		.uleb128 0x1
 946 0001 11       		.uleb128 0x11
 947 0002 01       		.byte	0x1
 948 0003 25       		.uleb128 0x25
 949 0004 0E       		.uleb128 0xe
 950 0005 13       		.uleb128 0x13
 951 0006 0B       		.uleb128 0xb
 952 0007 03       		.uleb128 0x3
 953 0008 0E       		.uleb128 0xe
 954 0009 1B       		.uleb128 0x1b
 955 000a 0E       		.uleb128 0xe
 956 000b 55       		.uleb128 0x55
 957 000c 17       		.uleb128 0x17
 958 000d 11       		.uleb128 0x11
 959 000e 01       		.uleb128 0x1
 960 000f 10       		.uleb128 0x10
 961 0010 17       		.uleb128 0x17
 962 0011 00       		.byte	0
 963 0012 00       		.byte	0
 964 0013 02       		.uleb128 0x2
 965 0014 24       		.uleb128 0x24
 966 0015 00       		.byte	0
 967 0016 0B       		.uleb128 0xb
 968 0017 0B       		.uleb128 0xb
 969 0018 3E       		.uleb128 0x3e
 970 0019 0B       		.uleb128 0xb
 971 001a 03       		.uleb128 0x3
 972 001b 08       		.uleb128 0x8
 973 001c 00       		.byte	0
 974 001d 00       		.byte	0
 975 001e 03       		.uleb128 0x3
 976 001f 16       		.uleb128 0x16
 977 0020 00       		.byte	0
 978 0021 03       		.uleb128 0x3
 979 0022 0E       		.uleb128 0xe
 980 0023 3A       		.uleb128 0x3a
 981 0024 0B       		.uleb128 0xb
 982 0025 3B       		.uleb128 0x3b
 983 0026 0B       		.uleb128 0xb
ARM GAS  C:\Users\Admin\AppData\Local\Temp\ccMxdbqq.s 			page 25


 984 0027 49       		.uleb128 0x49
 985 0028 13       		.uleb128 0x13
 986 0029 00       		.byte	0
 987 002a 00       		.byte	0
 988 002b 04       		.uleb128 0x4
 989 002c 24       		.uleb128 0x24
 990 002d 00       		.byte	0
 991 002e 0B       		.uleb128 0xb
 992 002f 0B       		.uleb128 0xb
 993 0030 3E       		.uleb128 0x3e
 994 0031 0B       		.uleb128 0xb
 995 0032 03       		.uleb128 0x3
 996 0033 0E       		.uleb128 0xe
 997 0034 00       		.byte	0
 998 0035 00       		.byte	0
 999 0036 05       		.uleb128 0x5
 1000 0037 0F       		.uleb128 0xf
 1001 0038 00       		.byte	0
 1002 0039 0B       		.uleb128 0xb
 1003 003a 0B       		.uleb128 0xb
 1004 003b 00       		.byte	0
 1005 003c 00       		.byte	0
 1006 003d 06       		.uleb128 0x6
 1007 003e 16       		.uleb128 0x16
 1008 003f 00       		.byte	0
 1009 0040 03       		.uleb128 0x3
 1010 0041 0E       		.uleb128 0xe
 1011 0042 3A       		.uleb128 0x3a
 1012 0043 0B       		.uleb128 0xb
 1013 0044 3B       		.uleb128 0x3b
 1014 0045 05       		.uleb128 0x5
 1015 0046 49       		.uleb128 0x49
 1016 0047 13       		.uleb128 0x13
 1017 0048 00       		.byte	0
 1018 0049 00       		.byte	0
 1019 004a 07       		.uleb128 0x7
 1020 004b 35       		.uleb128 0x35
 1021 004c 00       		.byte	0
 1022 004d 49       		.uleb128 0x49
 1023 004e 13       		.uleb128 0x13
 1024 004f 00       		.byte	0
 1025 0050 00       		.byte	0
 1026 0051 08       		.uleb128 0x8
 1027 0052 2E       		.uleb128 0x2e
 1028 0053 01       		.byte	0x1
 1029 0054 03       		.uleb128 0x3
 1030 0055 0E       		.uleb128 0xe
 1031 0056 3A       		.uleb128 0x3a
 1032 0057 0B       		.uleb128 0xb
 1033 0058 3B       		.uleb128 0x3b
 1034 0059 0B       		.uleb128 0xb
 1035 005a 27       		.uleb128 0x27
 1036 005b 19       		.uleb128 0x19
 1037 005c 8701     		.uleb128 0x87
 1038 005e 19       		.uleb128 0x19
 1039 005f 11       		.uleb128 0x11
 1040 0060 01       		.uleb128 0x1
ARM GAS  C:\Users\Admin\AppData\Local\Temp\ccMxdbqq.s 			page 26


 1041 0061 12       		.uleb128 0x12
 1042 0062 06       		.uleb128 0x6
 1043 0063 40       		.uleb128 0x40
 1044 0064 18       		.uleb128 0x18
 1045 0065 9742     		.uleb128 0x2117
 1046 0067 19       		.uleb128 0x19
 1047 0068 01       		.uleb128 0x1
 1048 0069 13       		.uleb128 0x13
 1049 006a 00       		.byte	0
 1050 006b 00       		.byte	0
 1051 006c 09       		.uleb128 0x9
 1052 006d 05       		.uleb128 0x5
 1053 006e 00       		.byte	0
 1054 006f 03       		.uleb128 0x3
 1055 0070 0E       		.uleb128 0xe
 1056 0071 3A       		.uleb128 0x3a
 1057 0072 0B       		.uleb128 0xb
 1058 0073 3B       		.uleb128 0x3b
 1059 0074 0B       		.uleb128 0xb
 1060 0075 49       		.uleb128 0x49
 1061 0076 13       		.uleb128 0x13
 1062 0077 02       		.uleb128 0x2
 1063 0078 18       		.uleb128 0x18
 1064 0079 00       		.byte	0
 1065 007a 00       		.byte	0
 1066 007b 0A       		.uleb128 0xa
 1067 007c 2E       		.uleb128 0x2e
 1068 007d 01       		.byte	0x1
 1069 007e 03       		.uleb128 0x3
 1070 007f 0E       		.uleb128 0xe
 1071 0080 3A       		.uleb128 0x3a
 1072 0081 0B       		.uleb128 0xb
 1073 0082 3B       		.uleb128 0x3b
 1074 0083 0B       		.uleb128 0xb
 1075 0084 27       		.uleb128 0x27
 1076 0085 19       		.uleb128 0x19
 1077 0086 11       		.uleb128 0x11
 1078 0087 01       		.uleb128 0x1
 1079 0088 12       		.uleb128 0x12
 1080 0089 06       		.uleb128 0x6
 1081 008a 40       		.uleb128 0x40
 1082 008b 18       		.uleb128 0x18
 1083 008c 9742     		.uleb128 0x2117
 1084 008e 19       		.uleb128 0x19
 1085 008f 01       		.uleb128 0x1
 1086 0090 13       		.uleb128 0x13
 1087 0091 00       		.byte	0
 1088 0092 00       		.byte	0
 1089 0093 0B       		.uleb128 0xb
 1090 0094 34       		.uleb128 0x34
 1091 0095 00       		.byte	0
 1092 0096 03       		.uleb128 0x3
 1093 0097 0E       		.uleb128 0xe
 1094 0098 3A       		.uleb128 0x3a
 1095 0099 0B       		.uleb128 0xb
 1096 009a 3B       		.uleb128 0x3b
 1097 009b 0B       		.uleb128 0xb
ARM GAS  C:\Users\Admin\AppData\Local\Temp\ccMxdbqq.s 			page 27


 1098 009c 49       		.uleb128 0x49
 1099 009d 13       		.uleb128 0x13
 1100 009e 02       		.uleb128 0x2
 1101 009f 17       		.uleb128 0x17
 1102 00a0 00       		.byte	0
 1103 00a1 00       		.byte	0
 1104 00a2 0C       		.uleb128 0xc
 1105 00a3 05       		.uleb128 0x5
 1106 00a4 00       		.byte	0
 1107 00a5 03       		.uleb128 0x3
 1108 00a6 08       		.uleb128 0x8
 1109 00a7 3A       		.uleb128 0x3a
 1110 00a8 0B       		.uleb128 0xb
 1111 00a9 3B       		.uleb128 0x3b
 1112 00aa 0B       		.uleb128 0xb
 1113 00ab 49       		.uleb128 0x49
 1114 00ac 13       		.uleb128 0x13
 1115 00ad 02       		.uleb128 0x2
 1116 00ae 17       		.uleb128 0x17
 1117 00af 00       		.byte	0
 1118 00b0 00       		.byte	0
 1119 00b1 0D       		.uleb128 0xd
 1120 00b2 898201   		.uleb128 0x4109
 1121 00b5 01       		.byte	0x1
 1122 00b6 11       		.uleb128 0x11
 1123 00b7 01       		.uleb128 0x1
 1124 00b8 31       		.uleb128 0x31
 1125 00b9 13       		.uleb128 0x13
 1126 00ba 00       		.byte	0
 1127 00bb 00       		.byte	0
 1128 00bc 0E       		.uleb128 0xe
 1129 00bd 8A8201   		.uleb128 0x410a
 1130 00c0 00       		.byte	0
 1131 00c1 02       		.uleb128 0x2
 1132 00c2 18       		.uleb128 0x18
 1133 00c3 9142     		.uleb128 0x2111
 1134 00c5 18       		.uleb128 0x18
 1135 00c6 00       		.byte	0
 1136 00c7 00       		.byte	0
 1137 00c8 0F       		.uleb128 0xf
 1138 00c9 898201   		.uleb128 0x4109
 1139 00cc 01       		.byte	0x1
 1140 00cd 11       		.uleb128 0x11
 1141 00ce 01       		.uleb128 0x1
 1142 00cf 31       		.uleb128 0x31
 1143 00d0 13       		.uleb128 0x13
 1144 00d1 01       		.uleb128 0x1
 1145 00d2 13       		.uleb128 0x13
 1146 00d3 00       		.byte	0
 1147 00d4 00       		.byte	0
 1148 00d5 10       		.uleb128 0x10
 1149 00d6 05       		.uleb128 0x5
 1150 00d7 00       		.byte	0
 1151 00d8 03       		.uleb128 0x3
 1152 00d9 0E       		.uleb128 0xe
 1153 00da 3A       		.uleb128 0x3a
 1154 00db 0B       		.uleb128 0xb
ARM GAS  C:\Users\Admin\AppData\Local\Temp\ccMxdbqq.s 			page 28


 1155 00dc 3B       		.uleb128 0x3b
 1156 00dd 0B       		.uleb128 0xb
 1157 00de 49       		.uleb128 0x49
 1158 00df 13       		.uleb128 0x13
 1159 00e0 02       		.uleb128 0x2
 1160 00e1 17       		.uleb128 0x17
 1161 00e2 00       		.byte	0
 1162 00e3 00       		.byte	0
 1163 00e4 11       		.uleb128 0x11
 1164 00e5 0F       		.uleb128 0xf
 1165 00e6 00       		.byte	0
 1166 00e7 0B       		.uleb128 0xb
 1167 00e8 0B       		.uleb128 0xb
 1168 00e9 49       		.uleb128 0x49
 1169 00ea 13       		.uleb128 0x13
 1170 00eb 00       		.byte	0
 1171 00ec 00       		.byte	0
 1172 00ed 12       		.uleb128 0x12
 1173 00ee 26       		.uleb128 0x26
 1174 00ef 00       		.byte	0
 1175 00f0 00       		.byte	0
 1176 00f1 00       		.byte	0
 1177 00f2 13       		.uleb128 0x13
 1178 00f3 2E       		.uleb128 0x2e
 1179 00f4 01       		.byte	0x1
 1180 00f5 3F       		.uleb128 0x3f
 1181 00f6 19       		.uleb128 0x19
 1182 00f7 03       		.uleb128 0x3
 1183 00f8 0E       		.uleb128 0xe
 1184 00f9 3A       		.uleb128 0x3a
 1185 00fa 0B       		.uleb128 0xb
 1186 00fb 3B       		.uleb128 0x3b
 1187 00fc 05       		.uleb128 0x5
 1188 00fd 27       		.uleb128 0x27
 1189 00fe 19       		.uleb128 0x19
 1190 00ff 11       		.uleb128 0x11
 1191 0100 01       		.uleb128 0x1
 1192 0101 12       		.uleb128 0x12
 1193 0102 06       		.uleb128 0x6
 1194 0103 40       		.uleb128 0x40
 1195 0104 18       		.uleb128 0x18
 1196 0105 9742     		.uleb128 0x2117
 1197 0107 19       		.uleb128 0x19
 1198 0108 01       		.uleb128 0x1
 1199 0109 13       		.uleb128 0x13
 1200 010a 00       		.byte	0
 1201 010b 00       		.byte	0
 1202 010c 14       		.uleb128 0x14
 1203 010d 05       		.uleb128 0x5
 1204 010e 00       		.byte	0
 1205 010f 03       		.uleb128 0x3
 1206 0110 0E       		.uleb128 0xe
 1207 0111 3A       		.uleb128 0x3a
 1208 0112 0B       		.uleb128 0xb
 1209 0113 3B       		.uleb128 0x3b
 1210 0114 05       		.uleb128 0x5
 1211 0115 49       		.uleb128 0x49
ARM GAS  C:\Users\Admin\AppData\Local\Temp\ccMxdbqq.s 			page 29


 1212 0116 13       		.uleb128 0x13
 1213 0117 02       		.uleb128 0x2
 1214 0118 18       		.uleb128 0x18
 1215 0119 00       		.byte	0
 1216 011a 00       		.byte	0
 1217 011b 15       		.uleb128 0x15
 1218 011c 34       		.uleb128 0x34
 1219 011d 00       		.byte	0
 1220 011e 03       		.uleb128 0x3
 1221 011f 0E       		.uleb128 0xe
 1222 0120 3A       		.uleb128 0x3a
 1223 0121 0B       		.uleb128 0xb
 1224 0122 3B       		.uleb128 0x3b
 1225 0123 05       		.uleb128 0x5
 1226 0124 49       		.uleb128 0x49
 1227 0125 13       		.uleb128 0x13
 1228 0126 02       		.uleb128 0x2
 1229 0127 18       		.uleb128 0x18
 1230 0128 00       		.byte	0
 1231 0129 00       		.byte	0
 1232 012a 16       		.uleb128 0x16
 1233 012b 0B       		.uleb128 0xb
 1234 012c 01       		.byte	0x1
 1235 012d 11       		.uleb128 0x11
 1236 012e 01       		.uleb128 0x1
 1237 012f 12       		.uleb128 0x12
 1238 0130 06       		.uleb128 0x6
 1239 0131 01       		.uleb128 0x1
 1240 0132 13       		.uleb128 0x13
 1241 0133 00       		.byte	0
 1242 0134 00       		.byte	0
 1243 0135 17       		.uleb128 0x17
 1244 0136 13       		.uleb128 0x13
 1245 0137 01       		.byte	0x1
 1246 0138 0B       		.uleb128 0xb
 1247 0139 0B       		.uleb128 0xb
 1248 013a 3A       		.uleb128 0x3a
 1249 013b 0B       		.uleb128 0xb
 1250 013c 3B       		.uleb128 0x3b
 1251 013d 05       		.uleb128 0x5
 1252 013e 01       		.uleb128 0x1
 1253 013f 13       		.uleb128 0x13
 1254 0140 00       		.byte	0
 1255 0141 00       		.byte	0
 1256 0142 18       		.uleb128 0x18
 1257 0143 0D       		.uleb128 0xd
 1258 0144 00       		.byte	0
 1259 0145 03       		.uleb128 0x3
 1260 0146 0E       		.uleb128 0xe
 1261 0147 3A       		.uleb128 0x3a
 1262 0148 0B       		.uleb128 0xb
 1263 0149 3B       		.uleb128 0x3b
 1264 014a 05       		.uleb128 0x5
 1265 014b 49       		.uleb128 0x49
 1266 014c 13       		.uleb128 0x13
 1267 014d 38       		.uleb128 0x38
 1268 014e 0B       		.uleb128 0xb
ARM GAS  C:\Users\Admin\AppData\Local\Temp\ccMxdbqq.s 			page 30


 1269 014f 00       		.byte	0
 1270 0150 00       		.byte	0
 1271 0151 19       		.uleb128 0x19
 1272 0152 01       		.uleb128 0x1
 1273 0153 01       		.byte	0x1
 1274 0154 49       		.uleb128 0x49
 1275 0155 13       		.uleb128 0x13
 1276 0156 01       		.uleb128 0x1
 1277 0157 13       		.uleb128 0x13
 1278 0158 00       		.byte	0
 1279 0159 00       		.byte	0
 1280 015a 1A       		.uleb128 0x1a
 1281 015b 21       		.uleb128 0x21
 1282 015c 00       		.byte	0
 1283 015d 49       		.uleb128 0x49
 1284 015e 13       		.uleb128 0x13
 1285 015f 2F       		.uleb128 0x2f
 1286 0160 0B       		.uleb128 0xb
 1287 0161 00       		.byte	0
 1288 0162 00       		.byte	0
 1289 0163 1B       		.uleb128 0x1b
 1290 0164 26       		.uleb128 0x26
 1291 0165 00       		.byte	0
 1292 0166 49       		.uleb128 0x49
 1293 0167 13       		.uleb128 0x13
 1294 0168 00       		.byte	0
 1295 0169 00       		.byte	0
 1296 016a 1C       		.uleb128 0x1c
 1297 016b 34       		.uleb128 0x34
 1298 016c 00       		.byte	0
 1299 016d 03       		.uleb128 0x3
 1300 016e 08       		.uleb128 0x8
 1301 016f 3A       		.uleb128 0x3a
 1302 0170 0B       		.uleb128 0xb
 1303 0171 3B       		.uleb128 0x3b
 1304 0172 05       		.uleb128 0x5
 1305 0173 49       		.uleb128 0x49
 1306 0174 13       		.uleb128 0x13
 1307 0175 02       		.uleb128 0x2
 1308 0176 17       		.uleb128 0x17
 1309 0177 00       		.byte	0
 1310 0178 00       		.byte	0
 1311 0179 1D       		.uleb128 0x1d
 1312 017a 0B       		.uleb128 0xb
 1313 017b 01       		.byte	0x1
 1314 017c 11       		.uleb128 0x11
 1315 017d 01       		.uleb128 0x1
 1316 017e 12       		.uleb128 0x12
 1317 017f 06       		.uleb128 0x6
 1318 0180 00       		.byte	0
 1319 0181 00       		.byte	0
 1320 0182 1E       		.uleb128 0x1e
 1321 0183 898201   		.uleb128 0x4109
 1322 0186 00       		.byte	0
 1323 0187 11       		.uleb128 0x11
 1324 0188 01       		.uleb128 0x1
 1325 0189 31       		.uleb128 0x31
ARM GAS  C:\Users\Admin\AppData\Local\Temp\ccMxdbqq.s 			page 31


 1326 018a 13       		.uleb128 0x13
 1327 018b 00       		.byte	0
 1328 018c 00       		.byte	0
 1329 018d 1F       		.uleb128 0x1f
 1330 018e 2E       		.uleb128 0x2e
 1331 018f 00       		.byte	0
 1332 0190 3F       		.uleb128 0x3f
 1333 0191 19       		.uleb128 0x19
 1334 0192 3C       		.uleb128 0x3c
 1335 0193 19       		.uleb128 0x19
 1336 0194 6E       		.uleb128 0x6e
 1337 0195 0E       		.uleb128 0xe
 1338 0196 03       		.uleb128 0x3
 1339 0197 0E       		.uleb128 0xe
 1340 0198 00       		.byte	0
 1341 0199 00       		.byte	0
 1342 019a 20       		.uleb128 0x20
 1343 019b 2E       		.uleb128 0x2e
 1344 019c 00       		.byte	0
 1345 019d 3F       		.uleb128 0x3f
 1346 019e 19       		.uleb128 0x19
 1347 019f 3C       		.uleb128 0x3c
 1348 01a0 19       		.uleb128 0x19
 1349 01a1 6E       		.uleb128 0x6e
 1350 01a2 0E       		.uleb128 0xe
 1351 01a3 03       		.uleb128 0x3
 1352 01a4 0E       		.uleb128 0xe
 1353 01a5 3A       		.uleb128 0x3a
 1354 01a6 0B       		.uleb128 0xb
 1355 01a7 3B       		.uleb128 0x3b
 1356 01a8 0B       		.uleb128 0xb
 1357 01a9 00       		.byte	0
 1358 01aa 00       		.byte	0
 1359 01ab 00       		.byte	0
 1360              		.section	.debug_loc,"",%progbits
 1361              	.Ldebug_loc0:
 1362              	.LLST0:
 1363 0000 06000000 		.4byte	.LVL1
 1364 0004 10000000 		.4byte	.LVL2
 1365 0008 0100     		.2byte	0x1
 1366 000a 53       		.byte	0x53
 1367 000b 00000000 		.4byte	0
 1368 000f 00000000 		.4byte	0
 1369              	.LLST1:
 1370 0013 00000000 		.4byte	.LVL3
 1371 0017 09000000 		.4byte	.LVL5-1
 1372 001b 0100     		.2byte	0x1
 1373 001d 50       		.byte	0x50
 1374 001e 09000000 		.4byte	.LVL5-1
 1375 0022 0C000000 		.4byte	.LFE0
 1376 0026 0400     		.2byte	0x4
 1377 0028 F3       		.byte	0xf3
 1378 0029 01       		.uleb128 0x1
 1379 002a 50       		.byte	0x50
 1380 002b 9F       		.byte	0x9f
 1381 002c 00000000 		.4byte	0
 1382 0030 00000000 		.4byte	0
ARM GAS  C:\Users\Admin\AppData\Local\Temp\ccMxdbqq.s 			page 32


 1383              	.LLST2:
 1384 0034 00000000 		.4byte	.LVL3
 1385 0038 06000000 		.4byte	.LVL4
 1386 003c 0100     		.2byte	0x1
 1387 003e 51       		.byte	0x51
 1388 003f 06000000 		.4byte	.LVL4
 1389 0043 09000000 		.4byte	.LVL5-1
 1390 0047 0100     		.2byte	0x1
 1391 0049 52       		.byte	0x52
 1392 004a 09000000 		.4byte	.LVL5-1
 1393 004e 0C000000 		.4byte	.LFE0
 1394 0052 0400     		.2byte	0x4
 1395 0054 F3       		.byte	0xf3
 1396 0055 01       		.uleb128 0x1
 1397 0056 51       		.byte	0x51
 1398 0057 9F       		.byte	0x9f
 1399 0058 00000000 		.4byte	0
 1400 005c 00000000 		.4byte	0
 1401              	.LLST3:
 1402 0060 2E000000 		.4byte	.LVL6
 1403 0064 34000000 		.4byte	.LVL7
 1404 0068 0200     		.2byte	0x2
 1405 006a 49       		.byte	0x49
 1406 006b 9F       		.byte	0x9f
 1407 006c 34000000 		.4byte	.LVL7
 1408 0070 7E000000 		.4byte	.LVL13
 1409 0074 0100     		.2byte	0x1
 1410 0076 55       		.byte	0x55
 1411 0077 00000000 		.4byte	0
 1412 007b 00000000 		.4byte	0
 1413              	.LLST4:
 1414 007f 2E000000 		.4byte	.LVL6
 1415 0083 34000000 		.4byte	.LVL7
 1416 0087 0200     		.2byte	0x2
 1417 0089 30       		.byte	0x30
 1418 008a 9F       		.byte	0x9f
 1419 008b 34000000 		.4byte	.LVL7
 1420 008f 40000000 		.4byte	.LVL8
 1421 0093 0100     		.2byte	0x1
 1422 0095 54       		.byte	0x54
 1423 0096 44000000 		.4byte	.LVL9
 1424 009a 7E000000 		.4byte	.LVL13
 1425 009e 0100     		.2byte	0x1
 1426 00a0 54       		.byte	0x54
 1427 00a1 00000000 		.4byte	0
 1428 00a5 00000000 		.4byte	0
 1429              	.LLST5:
 1430 00a9 00000000 		.4byte	.LVL14
 1431 00ad 05000000 		.4byte	.LVL15-1
 1432 00b1 0100     		.2byte	0x1
 1433 00b3 50       		.byte	0x50
 1434 00b4 05000000 		.4byte	.LVL15-1
 1435 00b8 08000000 		.4byte	.LFE1
 1436 00bc 0400     		.2byte	0x4
 1437 00be F3       		.byte	0xf3
 1438 00bf 01       		.uleb128 0x1
 1439 00c0 50       		.byte	0x50
ARM GAS  C:\Users\Admin\AppData\Local\Temp\ccMxdbqq.s 			page 33


 1440 00c1 9F       		.byte	0x9f
 1441 00c2 00000000 		.4byte	0
 1442 00c6 00000000 		.4byte	0
 1443              	.LLST6:
 1444 00ca 00000000 		.4byte	.LVL14
 1445 00ce 05000000 		.4byte	.LVL15-1
 1446 00d2 0100     		.2byte	0x1
 1447 00d4 51       		.byte	0x51
 1448 00d5 05000000 		.4byte	.LVL15-1
 1449 00d9 08000000 		.4byte	.LFE1
 1450 00dd 0400     		.2byte	0x4
 1451 00df F3       		.byte	0xf3
 1452 00e0 01       		.uleb128 0x1
 1453 00e1 51       		.byte	0x51
 1454 00e2 9F       		.byte	0x9f
 1455 00e3 00000000 		.4byte	0
 1456 00e7 00000000 		.4byte	0
 1457              	.LLST7:
 1458 00eb 00000000 		.4byte	.LVL14
 1459 00ef 05000000 		.4byte	.LVL15-1
 1460 00f3 0100     		.2byte	0x1
 1461 00f5 52       		.byte	0x52
 1462 00f6 05000000 		.4byte	.LVL15-1
 1463 00fa 08000000 		.4byte	.LFE1
 1464 00fe 0400     		.2byte	0x4
 1465 0100 F3       		.byte	0xf3
 1466 0101 01       		.uleb128 0x1
 1467 0102 52       		.byte	0x52
 1468 0103 9F       		.byte	0x9f
 1469 0104 00000000 		.4byte	0
 1470 0108 00000000 		.4byte	0
 1471              	.LLST8:
 1472 010c 0E000000 		.4byte	.LVL20
 1473 0110 12000000 		.4byte	.LVL21
 1474 0114 0200     		.2byte	0x2
 1475 0116 30       		.byte	0x30
 1476 0117 9F       		.byte	0x9f
 1477 0118 12000000 		.4byte	.LVL21
 1478 011c 2A000000 		.4byte	.LVL23
 1479 0120 0100     		.2byte	0x1
 1480 0122 54       		.byte	0x54
 1481 0123 2C000000 		.4byte	.LVL24
 1482 0127 66000000 		.4byte	.LVL27
 1483 012b 0100     		.2byte	0x1
 1484 012d 54       		.byte	0x54
 1485 012e 00000000 		.4byte	0
 1486 0132 00000000 		.4byte	0
 1487              	.LLST9:
 1488 0136 12000000 		.4byte	.LVL21
 1489 013a 2A000000 		.4byte	.LVL23
 1490 013e 0B00     		.2byte	0xb
 1491 0140 74       		.byte	0x74
 1492 0141 00       		.sleb128 0
 1493 0142 36       		.byte	0x36
 1494 0143 1E       		.byte	0x1e
 1495 0144 03       		.byte	0x3
 1496 0145 00000000 		.4byte	cfg_memset_list.4992
ARM GAS  C:\Users\Admin\AppData\Local\Temp\ccMxdbqq.s 			page 34


 1497 0149 22       		.byte	0x22
 1498 014a 9F       		.byte	0x9f
 1499 014b 2A000000 		.4byte	.LVL23
 1500 014f 2C000000 		.4byte	.LVL24
 1501 0153 0B00     		.2byte	0xb
 1502 0155 74       		.byte	0x74
 1503 0156 7F       		.sleb128 -1
 1504 0157 36       		.byte	0x36
 1505 0158 1E       		.byte	0x1e
 1506 0159 03       		.byte	0x3
 1507 015a 00000000 		.4byte	cfg_memset_list.4992
 1508 015e 22       		.byte	0x22
 1509 015f 9F       		.byte	0x9f
 1510 0160 00000000 		.4byte	0
 1511 0164 00000000 		.4byte	0
 1512              		.section	.debug_aranges,"",%progbits
 1513 0000 4C000000 		.4byte	0x4c
 1514 0004 0200     		.2byte	0x2
 1515 0006 00000000 		.4byte	.Ldebug_info0
 1516 000a 04       		.byte	0x4
 1517 000b 00       		.byte	0
 1518 000c 0000     		.2byte	0
 1519 000e 0000     		.2byte	0
 1520 0010 00000000 		.4byte	.LFB3
 1521 0014 02000000 		.4byte	.LFE3-.LFB3
 1522 0018 00000000 		.4byte	.LFB5
 1523 001c 30000000 		.4byte	.LFE5-.LFB5
 1524 0020 00000000 		.4byte	.LFB0
 1525 0024 0C000000 		.4byte	.LFE0-.LFB0
 1526 0028 00000000 		.4byte	.LFB4
 1527 002c 9C000000 		.4byte	.LFE4-.LFB4
 1528 0030 00000000 		.4byte	.LFB1
 1529 0034 08000000 		.4byte	.LFE1-.LFB1
 1530 0038 00000000 		.4byte	.LFB6
 1531 003c 1C000000 		.4byte	.LFE6-.LFB6
 1532 0040 00000000 		.4byte	.LFB7
 1533 0044 B4000000 		.4byte	.LFE7-.LFB7
 1534 0048 00000000 		.4byte	0
 1535 004c 00000000 		.4byte	0
 1536              		.section	.debug_ranges,"",%progbits
 1537              	.Ldebug_ranges0:
 1538 0000 00000000 		.4byte	.LFB3
 1539 0004 02000000 		.4byte	.LFE3
 1540 0008 00000000 		.4byte	.LFB5
 1541 000c 30000000 		.4byte	.LFE5
 1542 0010 00000000 		.4byte	.LFB0
 1543 0014 0C000000 		.4byte	.LFE0
 1544 0018 00000000 		.4byte	.LFB4
 1545 001c 9C000000 		.4byte	.LFE4
 1546 0020 00000000 		.4byte	.LFB1
 1547 0024 08000000 		.4byte	.LFE1
 1548 0028 00000000 		.4byte	.LFB6
 1549 002c 1C000000 		.4byte	.LFE6
 1550 0030 00000000 		.4byte	.LFB7
 1551 0034 B4000000 		.4byte	.LFE7
 1552 0038 00000000 		.4byte	0
 1553 003c 00000000 		.4byte	0
ARM GAS  C:\Users\Admin\AppData\Local\Temp\ccMxdbqq.s 			page 35


 1554              		.section	.debug_line,"",%progbits
 1555              	.Ldebug_line0:
 1556 0000 A4010000 		.section	.debug_str,"MS",%progbits,1
 1556      0200D600 
 1556      00000201 
 1556      FB0E0D00 
 1556      01010101 
 1557              	.LASF19:
 1558 0000 72656731 		.ascii	"reg16\000"
 1558      3600
 1559              	.LASF43:
 1560 0006 43794465 		.ascii	"CyDelayCycles\000"
 1560      6C617943 
 1560      79636C65 
 1560      7300
 1561              	.LASF12:
 1562 0014 73697A65 		.ascii	"size_t\000"
 1562      5F7400
 1563              	.LASF20:
 1564 001b 416E616C 		.ascii	"AnalogSetDefault\000"
 1564      6F675365 
 1564      74446566 
 1564      61756C74 
 1564      00
 1565              	.LASF25:
 1566 002c 74696D65 		.ascii	"timeout\000"
 1566      6F757400 
 1567              	.LASF36:
 1568 0034 6366675F 		.ascii	"cfg_memset_list\000"
 1568      6D656D73 
 1568      65745F6C 
 1568      69737400 
 1569              	.LASF23:
 1570 0044 436C6F63 		.ascii	"ClockSetup\000"
 1570      6B536574 
 1570      757000
 1571              	.LASF37:
 1572 004f 6D656D73 		.ascii	"memset\000"
 1572      657400
 1573              	.LASF6:
 1574 0056 73686F72 		.ascii	"short unsigned int\000"
 1574      7420756E 
 1574      7369676E 
 1574      65642069 
 1574      6E7400
 1575              	.LASF26:
 1576 0069 706C6C4C 		.ascii	"pllLock\000"
 1576      6F636B00 
 1577              	.LASF16:
 1578 0071 666C6F61 		.ascii	"float\000"
 1578      7400
 1579              	.LASF42:
 1580 0077 4379436C 		.ascii	"CyClockStartupError\000"
 1580      6F636B53 
 1580      74617274 
 1580      75704572 
 1580      726F7200 
ARM GAS  C:\Users\Admin\AppData\Local\Temp\ccMxdbqq.s 			page 36


 1581              	.LASF28:
 1582 008b 64657374 		.ascii	"dest\000"
 1582      00
 1583              	.LASF34:
 1584 0090 73697A65 		.ascii	"size\000"
 1584      00
 1585              	.LASF39:
 1586 0095 474E5520 		.ascii	"GNU C11 5.4.1 20160609 (release) [ARM/embedded-5-br"
 1586      43313120 
 1586      352E342E 
 1586      31203230 
 1586      31363036 
 1587 00c8 616E6368 		.ascii	"anch revision 237715] -mcpu=cortex-m3 -mthumb -g -O"
 1587      20726576 
 1587      6973696F 
 1587      6E203233 
 1587      37373135 
 1588 00fb 67202D66 		.ascii	"g -ffunction-sections -ffat-lto-objects\000"
 1588      66756E63 
 1588      74696F6E 
 1588      2D736563 
 1588      74696F6E 
 1589              	.LASF18:
 1590 0123 72656738 		.ascii	"reg8\000"
 1590      00
 1591              	.LASF8:
 1592 0128 6C6F6E67 		.ascii	"long unsigned int\000"
 1592      20756E73 
 1592      69676E65 
 1592      6420696E 
 1592      7400
 1593              	.LASF13:
 1594 013a 75696E74 		.ascii	"uint8\000"
 1594      3800
 1595              	.LASF21:
 1596 0140 43594D45 		.ascii	"CYMEMZERO\000"
 1596      4D5A4552 
 1596      4F00
 1597              	.LASF31:
 1598 014a 53657441 		.ascii	"SetAnalogRoutingPumps\000"
 1598      6E616C6F 
 1598      67526F75 
 1598      74696E67 
 1598      50756D70 
 1599              	.LASF4:
 1600 0160 756E7369 		.ascii	"unsigned char\000"
 1600      676E6564 
 1600      20636861 
 1600      7200
 1601              	.LASF41:
 1602 016e 443A5C50 		.ascii	"D:\\PAZ_lab\\lab_1\\ppaz_lab_2.cydsn\000"
 1602      415A5F6C 
 1602      61625C6C 
 1602      61625F31 
 1602      5C707061 
 1603              	.LASF17:
 1604 0190 646F7562 		.ascii	"double\000"
ARM GAS  C:\Users\Admin\AppData\Local\Temp\ccMxdbqq.s 			page 37


 1604      6C6500
 1605              	.LASF32:
 1606 0197 63796669 		.ascii	"cyfitter_cfg\000"
 1606      74746572 
 1606      5F636667 
 1606      00
 1607              	.LASF14:
 1608 01a4 75696E74 		.ascii	"uint16\000"
 1608      313600
 1609              	.LASF22:
 1610 01ab 6572726F 		.ascii	"errorCode\000"
 1610      72436F64 
 1610      6500
 1611              	.LASF15:
 1612 01b5 75696E74 		.ascii	"uint32\000"
 1612      333200
 1613              	.LASF0:
 1614 01bc 756E7369 		.ascii	"unsigned int\000"
 1614      676E6564 
 1614      20696E74 
 1614      00
 1615              	.LASF33:
 1616 01c9 61646472 		.ascii	"address\000"
 1616      65737300 
 1617              	.LASF9:
 1618 01d1 6C6F6E67 		.ascii	"long long unsigned int\000"
 1618      206C6F6E 
 1618      6720756E 
 1618      7369676E 
 1618      65642069 
 1619              	.LASF35:
 1620 01e8 6366675F 		.ascii	"cfg_memset_t\000"
 1620      6D656D73 
 1620      65745F74 
 1620      00
 1621              	.LASF10:
 1622 01f5 73697A65 		.ascii	"sizetype\000"
 1622      74797065 
 1622      00
 1623              	.LASF1:
 1624 01fe 6C6F6E67 		.ascii	"long long int\000"
 1624      206C6F6E 
 1624      6720696E 
 1624      7400
 1625              	.LASF40:
 1626 020c 47656E65 		.ascii	"Generated_Source\\PSoC5\\cyfitter_cfg.c\000"
 1626      72617465 
 1626      645F536F 
 1626      75726365 
 1626      5C50536F 
 1627              	.LASF38:
 1628 0232 6D656D63 		.ascii	"memcpy\000"
 1628      707900
 1629              	.LASF5:
 1630 0239 73686F72 		.ascii	"short int\000"
 1630      7420696E 
 1630      7400
ARM GAS  C:\Users\Admin\AppData\Local\Temp\ccMxdbqq.s 			page 38


 1631              	.LASF29:
 1632 0243 656E6162 		.ascii	"enabled\000"
 1632      6C656400 
 1633              	.LASF7:
 1634 024b 6C6F6E67 		.ascii	"long int\000"
 1634      20696E74 
 1634      00
 1635              	.LASF11:
 1636 0254 63686172 		.ascii	"char\000"
 1636      00
 1637              	.LASF2:
 1638 0259 6C6F6E67 		.ascii	"long double\000"
 1638      20646F75 
 1638      626C6500 
 1639              	.LASF24:
 1640 0265 62675F78 		.ascii	"bg_xover_inl_trim\000"
 1640      6F766572 
 1640      5F696E6C 
 1640      5F747269 
 1640      6D00
 1641              	.LASF3:
 1642 0277 7369676E 		.ascii	"signed char\000"
 1642      65642063 
 1642      68617200 
 1643              	.LASF30:
 1644 0283 72656756 		.ascii	"regValue\000"
 1644      616C7565 
 1644      00
 1645              	.LASF27:
 1646 028c 4359434F 		.ascii	"CYCONFIGCPY\000"
 1646      4E464947 
 1646      43505900 
 1647              		.ident	"GCC: (GNU Tools for ARM Embedded Processors) 5.4.1 20160609 (release) [ARM/embedded-5-bran
