ARM GAS  C:\Users\slavi\AppData\Local\Temp\ccIpp60e.s 			page 1


   1              		.syntax unified
   2              		.cpu cortex-m3
   3              		.fpu softvfp
   4              		.eabi_attribute 20, 1
   5              		.eabi_attribute 21, 1
   6              		.eabi_attribute 23, 3
   7              		.eabi_attribute 24, 1
   8              		.eabi_attribute 25, 1
   9              		.eabi_attribute 26, 1
  10              		.eabi_attribute 30, 1
  11              		.eabi_attribute 34, 1
  12              		.eabi_attribute 18, 4
  13              		.thumb
  14              		.syntax unified
  15              		.file	"cyfitter_cfg.c"
  16              		.text
  17              	.Ltext0:
  18              		.cfi_sections	.debug_frame
  19              		.section	.text.CyClockStartupError,"ax",%progbits
  20              		.align	2
  21              		.thumb
  22              		.thumb_func
  23              		.type	CyClockStartupError, %function
  24              	CyClockStartupError:
  25              	.LFB3:
  26              		.file 1 "Generated_Source\\PSoC5\\cyfitter_cfg.c"
   1:Generated_Source\PSoC5/cyfitter_cfg.c **** 
   2:Generated_Source\PSoC5/cyfitter_cfg.c **** /*******************************************************************************
   3:Generated_Source\PSoC5/cyfitter_cfg.c **** * File Name: cyfitter_cfg.c
   4:Generated_Source\PSoC5/cyfitter_cfg.c **** * 
   5:Generated_Source\PSoC5/cyfitter_cfg.c **** * PSoC Creator  4.4
   6:Generated_Source\PSoC5/cyfitter_cfg.c **** *
   7:Generated_Source\PSoC5/cyfitter_cfg.c **** * Description:
   8:Generated_Source\PSoC5/cyfitter_cfg.c **** * This file contains device initialization code.
   9:Generated_Source\PSoC5/cyfitter_cfg.c **** * Except for the user defined sections in CyClockStartupError(), this file should not be modified.
  10:Generated_Source\PSoC5/cyfitter_cfg.c **** * This file is automatically generated by PSoC Creator.
  11:Generated_Source\PSoC5/cyfitter_cfg.c **** *
  12:Generated_Source\PSoC5/cyfitter_cfg.c **** ********************************************************************************
  13:Generated_Source\PSoC5/cyfitter_cfg.c **** * Copyright (c) 2007-2020 Cypress Semiconductor.  All rights reserved.
  14:Generated_Source\PSoC5/cyfitter_cfg.c **** * You may use this file only in accordance with the license, terms, conditions, 
  15:Generated_Source\PSoC5/cyfitter_cfg.c **** * disclaimers, and limitations in the end user license agreement accompanying 
  16:Generated_Source\PSoC5/cyfitter_cfg.c **** * the software package with which this file was provided.
  17:Generated_Source\PSoC5/cyfitter_cfg.c **** ********************************************************************************/
  18:Generated_Source\PSoC5/cyfitter_cfg.c **** 
  19:Generated_Source\PSoC5/cyfitter_cfg.c **** #include <string.h>
  20:Generated_Source\PSoC5/cyfitter_cfg.c **** #include "cytypes.h"
  21:Generated_Source\PSoC5/cyfitter_cfg.c **** #include "cydevice_trm.h"
  22:Generated_Source\PSoC5/cyfitter_cfg.c **** #include "cyfitter.h"
  23:Generated_Source\PSoC5/cyfitter_cfg.c **** #include "CyLib.h"
  24:Generated_Source\PSoC5/cyfitter_cfg.c **** #include "cyfitter_cfg.h"
  25:Generated_Source\PSoC5/cyfitter_cfg.c **** #include "cyapicallbacks.h"
  26:Generated_Source\PSoC5/cyfitter_cfg.c **** 
  27:Generated_Source\PSoC5/cyfitter_cfg.c **** #define CY_NEED_CYCLOCKSTARTUPERROR 1
  28:Generated_Source\PSoC5/cyfitter_cfg.c **** 
  29:Generated_Source\PSoC5/cyfitter_cfg.c **** 
  30:Generated_Source\PSoC5/cyfitter_cfg.c **** #if defined(__GNUC__) || defined(__ARMCC_VERSION)
  31:Generated_Source\PSoC5/cyfitter_cfg.c ****     #define CYPACKED 
ARM GAS  C:\Users\slavi\AppData\Local\Temp\ccIpp60e.s 			page 2


  32:Generated_Source\PSoC5/cyfitter_cfg.c ****     #define CYPACKED_ATTR __attribute__ ((packed))
  33:Generated_Source\PSoC5/cyfitter_cfg.c ****     #define CYALIGNED __attribute__ ((aligned))
  34:Generated_Source\PSoC5/cyfitter_cfg.c ****     #define CY_CFG_UNUSED __attribute__ ((unused))
  35:Generated_Source\PSoC5/cyfitter_cfg.c ****     #ifndef CY_CFG_SECTION
  36:Generated_Source\PSoC5/cyfitter_cfg.c ****         #define CY_CFG_SECTION __attribute__ ((section(".psocinit")))
  37:Generated_Source\PSoC5/cyfitter_cfg.c ****     #endif
  38:Generated_Source\PSoC5/cyfitter_cfg.c ****     
  39:Generated_Source\PSoC5/cyfitter_cfg.c ****     #if defined(__ARMCC_VERSION)
  40:Generated_Source\PSoC5/cyfitter_cfg.c ****         #define CY_CFG_MEMORY_BARRIER() __memory_changed()
  41:Generated_Source\PSoC5/cyfitter_cfg.c ****     #else
  42:Generated_Source\PSoC5/cyfitter_cfg.c ****         #define CY_CFG_MEMORY_BARRIER() __sync_synchronize()
  43:Generated_Source\PSoC5/cyfitter_cfg.c ****     #endif
  44:Generated_Source\PSoC5/cyfitter_cfg.c ****     
  45:Generated_Source\PSoC5/cyfitter_cfg.c **** #elif defined(__ICCARM__)
  46:Generated_Source\PSoC5/cyfitter_cfg.c ****     #include <intrinsics.h>
  47:Generated_Source\PSoC5/cyfitter_cfg.c **** 
  48:Generated_Source\PSoC5/cyfitter_cfg.c ****     #define CYPACKED __packed
  49:Generated_Source\PSoC5/cyfitter_cfg.c ****     #define CYPACKED_ATTR 
  50:Generated_Source\PSoC5/cyfitter_cfg.c ****     #define CYALIGNED _Pragma("data_alignment=4")
  51:Generated_Source\PSoC5/cyfitter_cfg.c ****     #define CY_CFG_UNUSED _Pragma("diag_suppress=Pe177")
  52:Generated_Source\PSoC5/cyfitter_cfg.c ****     #define CY_CFG_SECTION _Pragma("location=\".psocinit\"")
  53:Generated_Source\PSoC5/cyfitter_cfg.c ****     
  54:Generated_Source\PSoC5/cyfitter_cfg.c ****     #define CY_CFG_MEMORY_BARRIER() __DMB()
  55:Generated_Source\PSoC5/cyfitter_cfg.c ****     
  56:Generated_Source\PSoC5/cyfitter_cfg.c **** #else
  57:Generated_Source\PSoC5/cyfitter_cfg.c ****     #error Unsupported toolchain
  58:Generated_Source\PSoC5/cyfitter_cfg.c **** #endif
  59:Generated_Source\PSoC5/cyfitter_cfg.c **** 
  60:Generated_Source\PSoC5/cyfitter_cfg.c **** #ifndef CYCODE
  61:Generated_Source\PSoC5/cyfitter_cfg.c ****     #define CYCODE
  62:Generated_Source\PSoC5/cyfitter_cfg.c **** #endif
  63:Generated_Source\PSoC5/cyfitter_cfg.c **** #ifndef CYDATA
  64:Generated_Source\PSoC5/cyfitter_cfg.c ****     #define CYDATA
  65:Generated_Source\PSoC5/cyfitter_cfg.c **** #endif
  66:Generated_Source\PSoC5/cyfitter_cfg.c **** #ifndef CYFAR
  67:Generated_Source\PSoC5/cyfitter_cfg.c ****     #define CYFAR
  68:Generated_Source\PSoC5/cyfitter_cfg.c **** #endif
  69:Generated_Source\PSoC5/cyfitter_cfg.c **** #ifndef CYXDATA
  70:Generated_Source\PSoC5/cyfitter_cfg.c ****     #define CYXDATA
  71:Generated_Source\PSoC5/cyfitter_cfg.c **** #endif
  72:Generated_Source\PSoC5/cyfitter_cfg.c **** 
  73:Generated_Source\PSoC5/cyfitter_cfg.c **** 
  74:Generated_Source\PSoC5/cyfitter_cfg.c **** CY_CFG_UNUSED
  75:Generated_Source\PSoC5/cyfitter_cfg.c **** static void CYMEMZERO(void *s, size_t n);
  76:Generated_Source\PSoC5/cyfitter_cfg.c **** CY_CFG_UNUSED
  77:Generated_Source\PSoC5/cyfitter_cfg.c **** static void CYMEMZERO(void *s, size_t n)
  78:Generated_Source\PSoC5/cyfitter_cfg.c **** {
  79:Generated_Source\PSoC5/cyfitter_cfg.c **** 	(void)memset(s, 0, n);
  80:Generated_Source\PSoC5/cyfitter_cfg.c **** }
  81:Generated_Source\PSoC5/cyfitter_cfg.c **** CY_CFG_UNUSED
  82:Generated_Source\PSoC5/cyfitter_cfg.c **** static void CYCONFIGCPY(void *dest, const void *src, size_t n);
  83:Generated_Source\PSoC5/cyfitter_cfg.c **** CY_CFG_UNUSED
  84:Generated_Source\PSoC5/cyfitter_cfg.c **** static void CYCONFIGCPY(void *dest, const void *src, size_t n)
  85:Generated_Source\PSoC5/cyfitter_cfg.c **** {
  86:Generated_Source\PSoC5/cyfitter_cfg.c **** 	(void)memcpy(dest, src, n);
  87:Generated_Source\PSoC5/cyfitter_cfg.c **** }
  88:Generated_Source\PSoC5/cyfitter_cfg.c **** CY_CFG_UNUSED
ARM GAS  C:\Users\slavi\AppData\Local\Temp\ccIpp60e.s 			page 3


  89:Generated_Source\PSoC5/cyfitter_cfg.c **** static void CYCONFIGCPYCODE(void *dest, const void *src, size_t n);
  90:Generated_Source\PSoC5/cyfitter_cfg.c **** CY_CFG_UNUSED
  91:Generated_Source\PSoC5/cyfitter_cfg.c **** static void CYCONFIGCPYCODE(void *dest, const void *src, size_t n)
  92:Generated_Source\PSoC5/cyfitter_cfg.c **** {
  93:Generated_Source\PSoC5/cyfitter_cfg.c **** 	(void)memcpy(dest, src, n);
  94:Generated_Source\PSoC5/cyfitter_cfg.c **** }
  95:Generated_Source\PSoC5/cyfitter_cfg.c **** 
  96:Generated_Source\PSoC5/cyfitter_cfg.c **** 
  97:Generated_Source\PSoC5/cyfitter_cfg.c **** 
  98:Generated_Source\PSoC5/cyfitter_cfg.c **** 
  99:Generated_Source\PSoC5/cyfitter_cfg.c **** /* Clock startup error codes                                                   */
 100:Generated_Source\PSoC5/cyfitter_cfg.c **** #define CYCLOCKSTART_NO_ERROR    0u
 101:Generated_Source\PSoC5/cyfitter_cfg.c **** #define CYCLOCKSTART_XTAL_ERROR  1u
 102:Generated_Source\PSoC5/cyfitter_cfg.c **** #define CYCLOCKSTART_32KHZ_ERROR 2u
 103:Generated_Source\PSoC5/cyfitter_cfg.c **** #define CYCLOCKSTART_PLL_ERROR   3u
 104:Generated_Source\PSoC5/cyfitter_cfg.c **** #define CYCLOCKSTART_FLL_ERROR   4u
 105:Generated_Source\PSoC5/cyfitter_cfg.c **** #define CYCLOCKSTART_WCO_ERROR   5u
 106:Generated_Source\PSoC5/cyfitter_cfg.c **** 
 107:Generated_Source\PSoC5/cyfitter_cfg.c **** 
 108:Generated_Source\PSoC5/cyfitter_cfg.c **** #ifdef CY_NEED_CYCLOCKSTARTUPERROR
 109:Generated_Source\PSoC5/cyfitter_cfg.c **** /*******************************************************************************
 110:Generated_Source\PSoC5/cyfitter_cfg.c **** * Function Name: CyClockStartupError
 111:Generated_Source\PSoC5/cyfitter_cfg.c **** ********************************************************************************
 112:Generated_Source\PSoC5/cyfitter_cfg.c **** * Summary:
 113:Generated_Source\PSoC5/cyfitter_cfg.c **** *  If an error is encountered during clock configuration (crystal startup error,
 114:Generated_Source\PSoC5/cyfitter_cfg.c **** *  PLL lock error, etc.), the system will end up here.  Unless reimplemented by
 115:Generated_Source\PSoC5/cyfitter_cfg.c **** *  the customer, this function will stop in an infinite loop.
 116:Generated_Source\PSoC5/cyfitter_cfg.c **** *
 117:Generated_Source\PSoC5/cyfitter_cfg.c **** * Parameters:
 118:Generated_Source\PSoC5/cyfitter_cfg.c **** *   void
 119:Generated_Source\PSoC5/cyfitter_cfg.c **** *
 120:Generated_Source\PSoC5/cyfitter_cfg.c **** * Return:
 121:Generated_Source\PSoC5/cyfitter_cfg.c **** *   void
 122:Generated_Source\PSoC5/cyfitter_cfg.c **** *
 123:Generated_Source\PSoC5/cyfitter_cfg.c **** *******************************************************************************/
 124:Generated_Source\PSoC5/cyfitter_cfg.c **** CY_CFG_UNUSED
 125:Generated_Source\PSoC5/cyfitter_cfg.c **** static void CyClockStartupError(uint8 errorCode);
 126:Generated_Source\PSoC5/cyfitter_cfg.c **** CY_CFG_UNUSED
 127:Generated_Source\PSoC5/cyfitter_cfg.c **** static void CyClockStartupError(uint8 errorCode)
 128:Generated_Source\PSoC5/cyfitter_cfg.c **** {
  27              		.loc 1 128 0
  28              		.cfi_startproc
  29              		@ Volatile: function does not return.
  30              		@ args = 0, pretend = 0, frame = 0
  31              		@ frame_needed = 0, uses_anonymous_args = 0
  32              		@ link register save eliminated.
  33              	.LVL0:
  34              	.L2:
  35 0000 FEE7     		b	.L2
  36              		.cfi_endproc
  37              	.LFE3:
  38              		.size	CyClockStartupError, .-CyClockStartupError
  39 0002 00BF     		.section	.text.AnalogSetDefault,"ax",%progbits
  40              		.align	2
  41              		.thumb
  42              		.thumb_func
  43              		.type	AnalogSetDefault, %function
ARM GAS  C:\Users\slavi\AppData\Local\Temp\ccIpp60e.s 			page 4


  44              	AnalogSetDefault:
  45              	.LFB5:
 129:Generated_Source\PSoC5/cyfitter_cfg.c ****     /* To remove the compiler warning if errorCode not used.                */
 130:Generated_Source\PSoC5/cyfitter_cfg.c ****     errorCode = errorCode;
 131:Generated_Source\PSoC5/cyfitter_cfg.c **** 
 132:Generated_Source\PSoC5/cyfitter_cfg.c ****     /* If we have a clock startup error (bad MHz crystal, PLL lock, etc.),  */
 133:Generated_Source\PSoC5/cyfitter_cfg.c ****     /* we will end up here to allow the customer to implement something to  */
 134:Generated_Source\PSoC5/cyfitter_cfg.c ****     /* deal with the clock condition.                                       */
 135:Generated_Source\PSoC5/cyfitter_cfg.c **** 
 136:Generated_Source\PSoC5/cyfitter_cfg.c **** #ifdef CY_CFG_CLOCK_STARTUP_ERROR_CALLBACK
 137:Generated_Source\PSoC5/cyfitter_cfg.c ****     CY_CFG_Clock_Startup_ErrorCallback();
 138:Generated_Source\PSoC5/cyfitter_cfg.c **** #else
 139:Generated_Source\PSoC5/cyfitter_cfg.c ****     /*  If not using CY_CFG_CLOCK_STARTUP_ERROR_CALLBACK, place your clock startup code here. */
 140:Generated_Source\PSoC5/cyfitter_cfg.c ****     /* `#START CyClockStartupError` */
 141:Generated_Source\PSoC5/cyfitter_cfg.c **** 
 142:Generated_Source\PSoC5/cyfitter_cfg.c **** 
 143:Generated_Source\PSoC5/cyfitter_cfg.c **** 
 144:Generated_Source\PSoC5/cyfitter_cfg.c ****     /* `#END` */
 145:Generated_Source\PSoC5/cyfitter_cfg.c **** 
 146:Generated_Source\PSoC5/cyfitter_cfg.c ****     while(1) {}
 147:Generated_Source\PSoC5/cyfitter_cfg.c **** #endif /* CY_CFG_CLOCK_STARTUP_ERROR_CALLBACK */
 148:Generated_Source\PSoC5/cyfitter_cfg.c **** }
 149:Generated_Source\PSoC5/cyfitter_cfg.c **** #endif
 150:Generated_Source\PSoC5/cyfitter_cfg.c **** 
 151:Generated_Source\PSoC5/cyfitter_cfg.c **** /* IOPINS0_1 Address: CYREG_PRT1_DM0 Size (bytes): 8 */
 152:Generated_Source\PSoC5/cyfitter_cfg.c **** #define BS_IOPINS0_1_VAL ((const uint8 CYFAR *)0x48000000u)
 153:Generated_Source\PSoC5/cyfitter_cfg.c **** 
 154:Generated_Source\PSoC5/cyfitter_cfg.c **** /* IOPINS0_2 Address: CYREG_PRT2_DM0 Size (bytes): 8 */
 155:Generated_Source\PSoC5/cyfitter_cfg.c **** #define BS_IOPINS0_2_VAL ((const uint8 CYFAR *)0x48000008u)
 156:Generated_Source\PSoC5/cyfitter_cfg.c **** 
 157:Generated_Source\PSoC5/cyfitter_cfg.c **** 
 158:Generated_Source\PSoC5/cyfitter_cfg.c **** /*******************************************************************************
 159:Generated_Source\PSoC5/cyfitter_cfg.c **** * Function Name: ClockSetup
 160:Generated_Source\PSoC5/cyfitter_cfg.c **** ********************************************************************************
 161:Generated_Source\PSoC5/cyfitter_cfg.c **** *
 162:Generated_Source\PSoC5/cyfitter_cfg.c **** * Summary:
 163:Generated_Source\PSoC5/cyfitter_cfg.c **** *  Performs the initialization of all of the clocks in the device based on the
 164:Generated_Source\PSoC5/cyfitter_cfg.c **** *  settings in the Clock tab of the DWR.  This includes enabling the requested
 165:Generated_Source\PSoC5/cyfitter_cfg.c **** *  clocks and setting the necessary dividers to produce the desired frequency. 
 166:Generated_Source\PSoC5/cyfitter_cfg.c **** *
 167:Generated_Source\PSoC5/cyfitter_cfg.c **** * Parameters:
 168:Generated_Source\PSoC5/cyfitter_cfg.c **** *  void
 169:Generated_Source\PSoC5/cyfitter_cfg.c **** *
 170:Generated_Source\PSoC5/cyfitter_cfg.c **** * Return:
 171:Generated_Source\PSoC5/cyfitter_cfg.c **** *  void
 172:Generated_Source\PSoC5/cyfitter_cfg.c **** *
 173:Generated_Source\PSoC5/cyfitter_cfg.c **** *******************************************************************************/
 174:Generated_Source\PSoC5/cyfitter_cfg.c **** static void ClockSetup(void);
 175:Generated_Source\PSoC5/cyfitter_cfg.c **** static void ClockSetup(void)
 176:Generated_Source\PSoC5/cyfitter_cfg.c **** {
 177:Generated_Source\PSoC5/cyfitter_cfg.c **** 	uint32 timeout;
 178:Generated_Source\PSoC5/cyfitter_cfg.c **** 	uint8 pllLock;
 179:Generated_Source\PSoC5/cyfitter_cfg.c **** 
 180:Generated_Source\PSoC5/cyfitter_cfg.c **** 
 181:Generated_Source\PSoC5/cyfitter_cfg.c **** 	/* Configure ILO based on settings from Clock DWR */
 182:Generated_Source\PSoC5/cyfitter_cfg.c **** 	CY_SET_XTND_REG8((void CYFAR *)(CYREG_SLOWCLK_ILO_CR0), 0x02u);
 183:Generated_Source\PSoC5/cyfitter_cfg.c **** 	CY_SET_XTND_REG8((void CYFAR *)(CYREG_CLKDIST_CR), 0x08u);
ARM GAS  C:\Users\slavi\AppData\Local\Temp\ccIpp60e.s 			page 5


 184:Generated_Source\PSoC5/cyfitter_cfg.c **** 
 185:Generated_Source\PSoC5/cyfitter_cfg.c **** 	/* Configure IMO based on settings from Clock DWR */
 186:Generated_Source\PSoC5/cyfitter_cfg.c **** 	CY_SET_XTND_REG8((void CYFAR *)(CYREG_FASTCLK_IMO_CR), 0x03u);
 187:Generated_Source\PSoC5/cyfitter_cfg.c **** 	CY_SET_XTND_REG8((void CYFAR *)(CYREG_IMO_TR1), (CY_GET_XTND_REG8((void CYFAR *)CYREG_FLSHID_CUST_
 188:Generated_Source\PSoC5/cyfitter_cfg.c **** 
 189:Generated_Source\PSoC5/cyfitter_cfg.c **** 	/* Configure PLL based on settings from Clock DWR */
 190:Generated_Source\PSoC5/cyfitter_cfg.c **** 	CY_SET_XTND_REG16((void CYFAR *)(CYREG_FASTCLK_PLL_P), 0x0008u);
 191:Generated_Source\PSoC5/cyfitter_cfg.c **** 	CY_SET_XTND_REG16((void CYFAR *)(CYREG_FASTCLK_PLL_CFG0), 0x1251u);
 192:Generated_Source\PSoC5/cyfitter_cfg.c **** 	/* Wait up to 250us for the PLL to lock */
 193:Generated_Source\PSoC5/cyfitter_cfg.c **** 	pllLock = 0u;
 194:Generated_Source\PSoC5/cyfitter_cfg.c **** 	for (timeout = 250u / 10u; (timeout > 0u) && (pllLock != 0x03u); timeout--)
 195:Generated_Source\PSoC5/cyfitter_cfg.c **** 	{ 
 196:Generated_Source\PSoC5/cyfitter_cfg.c **** 		pllLock = 0x03u & ((uint8)((uint8)pllLock << 1) | ((CY_GET_XTND_REG8((void CYFAR *)CYREG_FASTCLK_
 197:Generated_Source\PSoC5/cyfitter_cfg.c **** 		CyDelayCycles(10u * 48u); /* Delay 10us based on 48MHz clock */
 198:Generated_Source\PSoC5/cyfitter_cfg.c **** 	}
 199:Generated_Source\PSoC5/cyfitter_cfg.c **** 	/* If we ran out of time the PLL didn't lock so go to the error function */
 200:Generated_Source\PSoC5/cyfitter_cfg.c **** 	if (timeout == 0u)
 201:Generated_Source\PSoC5/cyfitter_cfg.c **** 	{
 202:Generated_Source\PSoC5/cyfitter_cfg.c **** 		CyClockStartupError(CYCLOCKSTART_PLL_ERROR);
 203:Generated_Source\PSoC5/cyfitter_cfg.c **** 	}
 204:Generated_Source\PSoC5/cyfitter_cfg.c **** 
 205:Generated_Source\PSoC5/cyfitter_cfg.c **** 	/* Configure Bus/Master Clock based on settings from Clock DWR */
 206:Generated_Source\PSoC5/cyfitter_cfg.c **** 	CY_SET_XTND_REG16((void CYFAR *)(CYREG_CLKDIST_MSTR0), 0x0100u);
 207:Generated_Source\PSoC5/cyfitter_cfg.c **** 	CY_SET_XTND_REG8((void CYFAR *)(CYREG_CLKDIST_MSTR0), 0x07u);
 208:Generated_Source\PSoC5/cyfitter_cfg.c **** 	CY_SET_XTND_REG8((void CYFAR *)(CYREG_CLKDIST_BCFG0), 0x00u);
 209:Generated_Source\PSoC5/cyfitter_cfg.c **** 	CY_SET_XTND_REG8((void CYFAR *)(CYREG_CLKDIST_BCFG2), 0x48u);
 210:Generated_Source\PSoC5/cyfitter_cfg.c **** 	CY_SET_XTND_REG8((void CYFAR *)(CYREG_CLKDIST_MSTR0), 0x00u);
 211:Generated_Source\PSoC5/cyfitter_cfg.c **** 	CY_SET_XTND_REG8((void CYFAR *)(CYREG_CLKDIST_LD), 0x02u);
 212:Generated_Source\PSoC5/cyfitter_cfg.c **** }
 213:Generated_Source\PSoC5/cyfitter_cfg.c **** 
 214:Generated_Source\PSoC5/cyfitter_cfg.c **** 
 215:Generated_Source\PSoC5/cyfitter_cfg.c **** /* Analog API Functions */
 216:Generated_Source\PSoC5/cyfitter_cfg.c **** 
 217:Generated_Source\PSoC5/cyfitter_cfg.c **** 
 218:Generated_Source\PSoC5/cyfitter_cfg.c **** /*******************************************************************************
 219:Generated_Source\PSoC5/cyfitter_cfg.c **** * Function Name: AnalogSetDefault
 220:Generated_Source\PSoC5/cyfitter_cfg.c **** ********************************************************************************
 221:Generated_Source\PSoC5/cyfitter_cfg.c **** *
 222:Generated_Source\PSoC5/cyfitter_cfg.c **** * Summary:
 223:Generated_Source\PSoC5/cyfitter_cfg.c **** *  Sets up the analog portions of the chip to default values based on chip
 224:Generated_Source\PSoC5/cyfitter_cfg.c **** *  configuration options from the project.
 225:Generated_Source\PSoC5/cyfitter_cfg.c **** *
 226:Generated_Source\PSoC5/cyfitter_cfg.c **** * Parameters:
 227:Generated_Source\PSoC5/cyfitter_cfg.c **** *  void
 228:Generated_Source\PSoC5/cyfitter_cfg.c **** *
 229:Generated_Source\PSoC5/cyfitter_cfg.c **** * Return:
 230:Generated_Source\PSoC5/cyfitter_cfg.c **** *  void
 231:Generated_Source\PSoC5/cyfitter_cfg.c **** *
 232:Generated_Source\PSoC5/cyfitter_cfg.c **** *******************************************************************************/
 233:Generated_Source\PSoC5/cyfitter_cfg.c **** static void AnalogSetDefault(void);
 234:Generated_Source\PSoC5/cyfitter_cfg.c **** static void AnalogSetDefault(void)
 235:Generated_Source\PSoC5/cyfitter_cfg.c **** {
  46              		.loc 1 235 0
  47              		.cfi_startproc
  48              		@ args = 0, pretend = 0, frame = 0
  49              		@ frame_needed = 0, uses_anonymous_args = 0
  50              		@ link register save eliminated.
ARM GAS  C:\Users\slavi\AppData\Local\Temp\ccIpp60e.s 			page 6


 236:Generated_Source\PSoC5/cyfitter_cfg.c **** 	uint8 bg_xover_inl_trim = CY_GET_XTND_REG8((void CYFAR *)(CYREG_FLSHID_MFG_CFG_BG_XOVER_INL_TRIM +
  51              		.loc 1 236 0
  52 0000 0A4B     		ldr	r3, .L4
  53 0002 1B78     		ldrb	r3, [r3]	@ zero_extendqisi2
  54 0004 DBB2     		uxtb	r3, r3
  55              	.LVL1:
 237:Generated_Source\PSoC5/cyfitter_cfg.c **** 	CY_SET_XTND_REG8((void CYFAR *)(CYREG_BG_DFT0), (bg_xover_inl_trim & 0x07u));
  56              		.loc 1 237 0
  57 0006 03F00701 		and	r1, r3, #7
  58 000a 094A     		ldr	r2, .L4+4
  59 000c 1170     		strb	r1, [r2]
 238:Generated_Source\PSoC5/cyfitter_cfg.c **** 	CY_SET_XTND_REG8((void CYFAR *)(CYREG_BG_DFT1), ((bg_xover_inl_trim >> 4) & 0x0Fu));
  60              		.loc 1 238 0
  61 000e 1B09     		lsrs	r3, r3, #4
  62              	.LVL2:
  63 0010 0132     		adds	r2, r2, #1
  64 0012 1370     		strb	r3, [r2]
 239:Generated_Source\PSoC5/cyfitter_cfg.c **** 	CY_SET_XTND_REG8((void CYFAR *)CYREG_PRT2_AG, 0x02u);
  65              		.loc 1 239 0
  66 0014 0223     		movs	r3, #2
  67 0016 A2F24272 		subw	r2, r2, #1858
  68 001a 1370     		strb	r3, [r2]
 240:Generated_Source\PSoC5/cyfitter_cfg.c **** 	CY_SET_XTND_REG8((void CYFAR *)CYREG_DAC0_SW0, 0x02u);
  69              		.loc 1 240 0
  70 001c 02F65312 		addw	r2, r2, #2387
  71 0020 1370     		strb	r3, [r2]
 241:Generated_Source\PSoC5/cyfitter_cfg.c **** 	CY_SET_XTND_REG8((void CYFAR *)CYREG_PUMP_CR0, 0x44u);
  72              		.loc 1 241 0
  73 0022 4422     		movs	r2, #68
  74 0024 034B     		ldr	r3, .L4+8
  75 0026 1A70     		strb	r2, [r3]
  76 0028 7047     		bx	lr
  77              	.L5:
  78 002a 00BF     		.align	2
  79              	.L4:
  80 002c CF010049 		.word	1224737231
  81 0030 6E580040 		.word	1073764462
  82 0034 76580040 		.word	1073764470
  83              		.cfi_endproc
  84              	.LFE5:
  85              		.size	AnalogSetDefault, .-AnalogSetDefault
  86              		.section	.text.CYMEMZERO,"ax",%progbits
  87              		.align	2
  88              		.thumb
  89              		.thumb_func
  90              		.type	CYMEMZERO, %function
  91              	CYMEMZERO:
  92              	.LFB0:
  78:Generated_Source\PSoC5/cyfitter_cfg.c **** 	(void)memset(s, 0, n);
  93              		.loc 1 78 0
  94              		.cfi_startproc
  95              		@ args = 0, pretend = 0, frame = 0
  96              		@ frame_needed = 0, uses_anonymous_args = 0
  97              	.LVL3:
  98 0000 08B5     		push	{r3, lr}
  99              		.cfi_def_cfa_offset 8
 100              		.cfi_offset 3, -8
ARM GAS  C:\Users\slavi\AppData\Local\Temp\ccIpp60e.s 			page 7


 101              		.cfi_offset 14, -4
  79:Generated_Source\PSoC5/cyfitter_cfg.c **** }
 102              		.loc 1 79 0
 103 0002 0A46     		mov	r2, r1
 104 0004 0021     		movs	r1, #0
 105              	.LVL4:
 106 0006 FFF7FEFF 		bl	memset
 107              	.LVL5:
 108 000a 08BD     		pop	{r3, pc}
 109              		.cfi_endproc
 110              	.LFE0:
 111              		.size	CYMEMZERO, .-CYMEMZERO
 112              		.section	.text.ClockSetup,"ax",%progbits
 113              		.align	2
 114              		.thumb
 115              		.thumb_func
 116              		.type	ClockSetup, %function
 117              	ClockSetup:
 118              	.LFB4:
 176:Generated_Source\PSoC5/cyfitter_cfg.c **** 	uint32 timeout;
 119              		.loc 1 176 0
 120              		.cfi_startproc
 121              		@ args = 0, pretend = 0, frame = 0
 122              		@ frame_needed = 0, uses_anonymous_args = 0
 123 0000 38B5     		push	{r3, r4, r5, lr}
 124              		.cfi_def_cfa_offset 16
 125              		.cfi_offset 3, -16
 126              		.cfi_offset 4, -12
 127              		.cfi_offset 5, -8
 128              		.cfi_offset 14, -4
 182:Generated_Source\PSoC5/cyfitter_cfg.c **** 	CY_SET_XTND_REG8((void CYFAR *)(CYREG_CLKDIST_CR), 0x08u);
 129              		.loc 1 182 0
 130 0002 0222     		movs	r2, #2
 131 0004 1E4B     		ldr	r3, .L14
 132 0006 1A70     		strb	r2, [r3]
 183:Generated_Source\PSoC5/cyfitter_cfg.c **** 
 133              		.loc 1 183 0
 134 0008 0822     		movs	r2, #8
 135 000a 4FF04023 		mov	r3, #1073758208
 136 000e 1A70     		strb	r2, [r3]
 186:Generated_Source\PSoC5/cyfitter_cfg.c **** 	CY_SET_XTND_REG8((void CYFAR *)(CYREG_IMO_TR1), (CY_GET_XTND_REG8((void CYFAR *)CYREG_FLSHID_CUST_
 137              		.loc 1 186 0
 138 0010 0321     		movs	r1, #3
 139 0012 03F50073 		add	r3, r3, #512
 140 0016 1970     		strb	r1, [r3]
 187:Generated_Source\PSoC5/cyfitter_cfg.c **** 
 141              		.loc 1 187 0
 142 0018 1A4B     		ldr	r3, .L14+4
 143 001a 1B78     		ldrb	r3, [r3]	@ zero_extendqisi2
 144 001c DBB2     		uxtb	r3, r3
 145 001e 1A49     		ldr	r1, .L14+8
 146 0020 0B70     		strb	r3, [r1]
 190:Generated_Source\PSoC5/cyfitter_cfg.c **** 	CY_SET_XTND_REG16((void CYFAR *)(CYREG_FASTCLK_PLL_CFG0), 0x1251u);
 147              		.loc 1 190 0
 148 0022 1A4B     		ldr	r3, .L14+12
 149 0024 1A80     		strh	r2, [r3]	@ movhi
 191:Generated_Source\PSoC5/cyfitter_cfg.c **** 	/* Wait up to 250us for the PLL to lock */
ARM GAS  C:\Users\slavi\AppData\Local\Temp\ccIpp60e.s 			page 8


 150              		.loc 1 191 0
 151 0026 41F25122 		movw	r2, #4689
 152 002a 023B     		subs	r3, r3, #2
 153 002c 1A80     		strh	r2, [r3]	@ movhi
 154              	.LVL6:
 193:Generated_Source\PSoC5/cyfitter_cfg.c **** 	for (timeout = 250u / 10u; (timeout > 0u) && (pllLock != 0x03u); timeout--)
 155              		.loc 1 193 0
 156 002e 0024     		movs	r4, #0
 194:Generated_Source\PSoC5/cyfitter_cfg.c **** 	{ 
 157              		.loc 1 194 0
 158 0030 1925     		movs	r5, #25
 159 0032 0CE0     		b	.L9
 160              	.LVL7:
 161              	.L11:
 196:Generated_Source\PSoC5/cyfitter_cfg.c **** 		CyDelayCycles(10u * 48u); /* Delay 10us based on 48MHz clock */
 162              		.loc 1 196 0 discriminator 4
 163 0034 164B     		ldr	r3, .L14+16
 164 0036 1B78     		ldrb	r3, [r3]	@ zero_extendqisi2
 165 0038 03F00103 		and	r3, r3, #1
 166 003c 43EA4404 		orr	r4, r3, r4, lsl #1
 167              	.LVL8:
 168 0040 04F00304 		and	r4, r4, #3
 169              	.LVL9:
 197:Generated_Source\PSoC5/cyfitter_cfg.c **** 	}
 170              		.loc 1 197 0 discriminator 4
 171 0044 4FF4F070 		mov	r0, #480
 172 0048 FFF7FEFF 		bl	CyDelayCycles
 173              	.LVL10:
 194:Generated_Source\PSoC5/cyfitter_cfg.c **** 	{ 
 174              		.loc 1 194 0 discriminator 4
 175 004c 013D     		subs	r5, r5, #1
 176              	.LVL11:
 177              	.L9:
 194:Generated_Source\PSoC5/cyfitter_cfg.c **** 	{ 
 178              		.loc 1 194 0 is_stmt 0 discriminator 1
 179 004e 0DB1     		cbz	r5, .L10
 194:Generated_Source\PSoC5/cyfitter_cfg.c **** 	{ 
 180              		.loc 1 194 0 discriminator 3
 181 0050 032C     		cmp	r4, #3
 182 0052 EFD1     		bne	.L11
 183              	.L10:
 200:Generated_Source\PSoC5/cyfitter_cfg.c **** 	{
 184              		.loc 1 200 0 is_stmt 1
 185 0054 15B9     		cbnz	r5, .L12
 202:Generated_Source\PSoC5/cyfitter_cfg.c **** 	}
 186              		.loc 1 202 0
 187 0056 0320     		movs	r0, #3
 188 0058 FFF7FEFF 		bl	CyClockStartupError
 189              	.LVL12:
 190              	.L12:
 206:Generated_Source\PSoC5/cyfitter_cfg.c **** 	CY_SET_XTND_REG8((void CYFAR *)(CYREG_CLKDIST_MSTR0), 0x07u);
 191              		.loc 1 206 0
 192 005c 0D4B     		ldr	r3, .L14+20
 193 005e 4FF48072 		mov	r2, #256
 194 0062 1A80     		strh	r2, [r3]	@ movhi
 207:Generated_Source\PSoC5/cyfitter_cfg.c **** 	CY_SET_XTND_REG8((void CYFAR *)(CYREG_CLKDIST_BCFG0), 0x00u);
 195              		.loc 1 207 0
ARM GAS  C:\Users\slavi\AppData\Local\Temp\ccIpp60e.s 			page 9


 196 0064 0722     		movs	r2, #7
 197 0066 1A70     		strb	r2, [r3]
 208:Generated_Source\PSoC5/cyfitter_cfg.c **** 	CY_SET_XTND_REG8((void CYFAR *)(CYREG_CLKDIST_BCFG2), 0x48u);
 198              		.loc 1 208 0
 199 0068 0022     		movs	r2, #0
 200 006a 0B49     		ldr	r1, .L14+24
 201 006c 0A70     		strb	r2, [r1]
 209:Generated_Source\PSoC5/cyfitter_cfg.c **** 	CY_SET_XTND_REG8((void CYFAR *)(CYREG_CLKDIST_MSTR0), 0x00u);
 202              		.loc 1 209 0
 203 006e 4820     		movs	r0, #72
 204 0070 0231     		adds	r1, r1, #2
 205 0072 0870     		strb	r0, [r1]
 210:Generated_Source\PSoC5/cyfitter_cfg.c **** 	CY_SET_XTND_REG8((void CYFAR *)(CYREG_CLKDIST_LD), 0x02u);
 206              		.loc 1 210 0
 207 0074 1A70     		strb	r2, [r3]
 211:Generated_Source\PSoC5/cyfitter_cfg.c **** }
 208              		.loc 1 211 0
 209 0076 0222     		movs	r2, #2
 210 0078 033B     		subs	r3, r3, #3
 211 007a 1A70     		strb	r2, [r3]
 212 007c 38BD     		pop	{r3, r4, r5, pc}
 213              	.LVL13:
 214              	.L15:
 215 007e 00BF     		.align	2
 216              	.L14:
 217 0080 00430040 		.word	1073758976
 218 0084 08010049 		.word	1224737032
 219 0088 A1460040 		.word	1073759905
 220 008c 22420040 		.word	1073758754
 221 0090 25420040 		.word	1073758757
 222 0094 04400040 		.word	1073758212
 223 0098 06400040 		.word	1073758214
 224              		.cfi_endproc
 225              	.LFE4:
 226              		.size	ClockSetup, .-ClockSetup
 227              		.section	.text.CYCONFIGCPY,"ax",%progbits
 228              		.align	2
 229              		.thumb
 230              		.thumb_func
 231              		.type	CYCONFIGCPY, %function
 232              	CYCONFIGCPY:
 233              	.LFB1:
  85:Generated_Source\PSoC5/cyfitter_cfg.c **** 	(void)memcpy(dest, src, n);
 234              		.loc 1 85 0
 235              		.cfi_startproc
 236              		@ args = 0, pretend = 0, frame = 0
 237              		@ frame_needed = 0, uses_anonymous_args = 0
 238              	.LVL14:
 239 0000 08B5     		push	{r3, lr}
 240              		.cfi_def_cfa_offset 8
 241              		.cfi_offset 3, -8
 242              		.cfi_offset 14, -4
  86:Generated_Source\PSoC5/cyfitter_cfg.c **** }
 243              		.loc 1 86 0
 244 0002 FFF7FEFF 		bl	memcpy
 245              	.LVL15:
 246 0006 08BD     		pop	{r3, pc}
ARM GAS  C:\Users\slavi\AppData\Local\Temp\ccIpp60e.s 			page 10


 247              		.cfi_endproc
 248              	.LFE1:
 249              		.size	CYCONFIGCPY, .-CYCONFIGCPY
 250              		.section	.text.SetAnalogRoutingPumps,"ax",%progbits
 251              		.align	2
 252              		.global	SetAnalogRoutingPumps
 253              		.thumb
 254              		.thumb_func
 255              		.type	SetAnalogRoutingPumps, %function
 256              	SetAnalogRoutingPumps:
 257              	.LFB6:
 242:Generated_Source\PSoC5/cyfitter_cfg.c **** }
 243:Generated_Source\PSoC5/cyfitter_cfg.c **** 
 244:Generated_Source\PSoC5/cyfitter_cfg.c **** 
 245:Generated_Source\PSoC5/cyfitter_cfg.c **** /*******************************************************************************
 246:Generated_Source\PSoC5/cyfitter_cfg.c **** * Function Name: SetAnalogRoutingPumps
 247:Generated_Source\PSoC5/cyfitter_cfg.c **** ********************************************************************************
 248:Generated_Source\PSoC5/cyfitter_cfg.c **** *
 249:Generated_Source\PSoC5/cyfitter_cfg.c **** * Summary:
 250:Generated_Source\PSoC5/cyfitter_cfg.c **** * Enables or disables the analog pumps feeding analog routing switches.
 251:Generated_Source\PSoC5/cyfitter_cfg.c **** * Intended to be called at startup, based on the Vdda system configuration;
 252:Generated_Source\PSoC5/cyfitter_cfg.c **** * may be called during operation when the user informs us that the Vdda voltage
 253:Generated_Source\PSoC5/cyfitter_cfg.c **** * crossed the pump threshold.
 254:Generated_Source\PSoC5/cyfitter_cfg.c **** *
 255:Generated_Source\PSoC5/cyfitter_cfg.c **** * Parameters:
 256:Generated_Source\PSoC5/cyfitter_cfg.c **** *  enabled - 1 to enable the pumps, 0 to disable the pumps
 257:Generated_Source\PSoC5/cyfitter_cfg.c **** *
 258:Generated_Source\PSoC5/cyfitter_cfg.c **** * Return:
 259:Generated_Source\PSoC5/cyfitter_cfg.c **** *  void
 260:Generated_Source\PSoC5/cyfitter_cfg.c **** *
 261:Generated_Source\PSoC5/cyfitter_cfg.c **** *******************************************************************************/
 262:Generated_Source\PSoC5/cyfitter_cfg.c **** void SetAnalogRoutingPumps(uint8 enabled)
 263:Generated_Source\PSoC5/cyfitter_cfg.c **** {
 258              		.loc 1 263 0
 259              		.cfi_startproc
 260              		@ args = 0, pretend = 0, frame = 0
 261              		@ frame_needed = 0, uses_anonymous_args = 0
 262              		@ link register save eliminated.
 263              	.LVL16:
 264:Generated_Source\PSoC5/cyfitter_cfg.c **** 	uint8 regValue = CY_GET_XTND_REG8((void CYFAR *)CYREG_PUMP_CR0);
 264              		.loc 1 264 0
 265 0000 054B     		ldr	r3, .L21
 266 0002 1B78     		ldrb	r3, [r3]	@ zero_extendqisi2
 267 0004 DBB2     		uxtb	r3, r3
 268              	.LVL17:
 265:Generated_Source\PSoC5/cyfitter_cfg.c **** 	if (enabled != 0u)
 269              		.loc 1 265 0
 270 0006 10B1     		cbz	r0, .L19
 266:Generated_Source\PSoC5/cyfitter_cfg.c **** 	{
 267:Generated_Source\PSoC5/cyfitter_cfg.c **** 		regValue |= 0x22u;
 271              		.loc 1 267 0
 272 0008 43F02203 		orr	r3, r3, #34
 273              	.LVL18:
 274 000c 01E0     		b	.L20
 275              	.L19:
 268:Generated_Source\PSoC5/cyfitter_cfg.c **** 	}
 269:Generated_Source\PSoC5/cyfitter_cfg.c **** 	else
ARM GAS  C:\Users\slavi\AppData\Local\Temp\ccIpp60e.s 			page 11


 270:Generated_Source\PSoC5/cyfitter_cfg.c **** 	{
 271:Generated_Source\PSoC5/cyfitter_cfg.c **** 		regValue &= (uint8)~0x22u;
 276              		.loc 1 271 0
 277 000e 03F0DD03 		and	r3, r3, #221
 278              	.LVL19:
 279              	.L20:
 272:Generated_Source\PSoC5/cyfitter_cfg.c **** 	}
 273:Generated_Source\PSoC5/cyfitter_cfg.c **** 	CY_SET_XTND_REG8((void CYFAR *)CYREG_PUMP_CR0, regValue);
 280              		.loc 1 273 0
 281 0012 014A     		ldr	r2, .L21
 282 0014 1370     		strb	r3, [r2]
 283 0016 7047     		bx	lr
 284              	.L22:
 285              		.align	2
 286              	.L21:
 287 0018 76580040 		.word	1073764470
 288              		.cfi_endproc
 289              	.LFE6:
 290              		.size	SetAnalogRoutingPumps, .-SetAnalogRoutingPumps
 291              		.section	.text.cyfitter_cfg,"ax",%progbits
 292              		.align	2
 293              		.global	cyfitter_cfg
 294              		.thumb
 295              		.thumb_func
 296              		.type	cyfitter_cfg, %function
 297              	cyfitter_cfg:
 298              	.LFB7:
 274:Generated_Source\PSoC5/cyfitter_cfg.c **** }
 275:Generated_Source\PSoC5/cyfitter_cfg.c **** 
 276:Generated_Source\PSoC5/cyfitter_cfg.c **** 
 277:Generated_Source\PSoC5/cyfitter_cfg.c **** 
 278:Generated_Source\PSoC5/cyfitter_cfg.c **** 
 279:Generated_Source\PSoC5/cyfitter_cfg.c **** /*******************************************************************************
 280:Generated_Source\PSoC5/cyfitter_cfg.c **** * Function Name: cyfitter_cfg
 281:Generated_Source\PSoC5/cyfitter_cfg.c **** ********************************************************************************
 282:Generated_Source\PSoC5/cyfitter_cfg.c **** * Summary:
 283:Generated_Source\PSoC5/cyfitter_cfg.c **** *  This function is called by the start-up code for the selected device. It
 284:Generated_Source\PSoC5/cyfitter_cfg.c **** *  performs all of the necessary device configuration based on the design
 285:Generated_Source\PSoC5/cyfitter_cfg.c **** *  settings.  This includes settings from the Design Wide Resources (DWR) such
 286:Generated_Source\PSoC5/cyfitter_cfg.c **** *  as Clocks and Pins as well as any component configuration that is necessary.
 287:Generated_Source\PSoC5/cyfitter_cfg.c **** *
 288:Generated_Source\PSoC5/cyfitter_cfg.c **** * Parameters:
 289:Generated_Source\PSoC5/cyfitter_cfg.c **** *   void
 290:Generated_Source\PSoC5/cyfitter_cfg.c **** *
 291:Generated_Source\PSoC5/cyfitter_cfg.c **** * Return:
 292:Generated_Source\PSoC5/cyfitter_cfg.c **** *   void
 293:Generated_Source\PSoC5/cyfitter_cfg.c **** *
 294:Generated_Source\PSoC5/cyfitter_cfg.c **** *******************************************************************************/
 295:Generated_Source\PSoC5/cyfitter_cfg.c **** 
 296:Generated_Source\PSoC5/cyfitter_cfg.c **** void cyfitter_cfg(void)
 297:Generated_Source\PSoC5/cyfitter_cfg.c **** {
 299              		.loc 1 297 0
 300              		.cfi_startproc
 301              		@ args = 0, pretend = 0, frame = 0
 302              		@ frame_needed = 0, uses_anonymous_args = 0
 303 0000 38B5     		push	{r3, r4, r5, lr}
 304              		.cfi_def_cfa_offset 16
ARM GAS  C:\Users\slavi\AppData\Local\Temp\ccIpp60e.s 			page 12


 305              		.cfi_offset 3, -16
 306              		.cfi_offset 4, -12
 307              		.cfi_offset 5, -8
 308              		.cfi_offset 14, -4
 298:Generated_Source\PSoC5/cyfitter_cfg.c **** #ifdef CYGlobalIntDisable
 299:Generated_Source\PSoC5/cyfitter_cfg.c **** 	/* Disable interrupts by default. Let user enable if/when they want. */
 300:Generated_Source\PSoC5/cyfitter_cfg.c **** 	CYGlobalIntDisable
 309              		.loc 1 300 0
 310              		.syntax unified
 311              	@ 300 "Generated_Source\PSoC5\cyfitter_cfg.c" 1
 312 0002 72B6     		CPSID   i
 313              	@ 0 "" 2
 301:Generated_Source\PSoC5/cyfitter_cfg.c **** #endif
 302:Generated_Source\PSoC5/cyfitter_cfg.c **** 
 303:Generated_Source\PSoC5/cyfitter_cfg.c **** 	/* Enable/Disable Debug functionality based on settings from System DWR */
 304:Generated_Source\PSoC5/cyfitter_cfg.c **** 	CY_SET_XTND_REG8((void CYFAR *)CYREG_MLOGIC_DEBUG, (CY_GET_XTND_REG8((void CYFAR *)CYREG_MLOGIC_DE
 314              		.loc 1 304 0
 315              		.thumb
 316              		.syntax unified
 317 0004 204A     		ldr	r2, .L27
 318 0006 1378     		ldrb	r3, [r2]	@ zero_extendqisi2
 319 0008 43F00403 		orr	r3, r3, #4
 320 000c 1370     		strb	r3, [r2]
 321              	.LVL20:
 322              	.LBB2:
 305:Generated_Source\PSoC5/cyfitter_cfg.c **** 
 306:Generated_Source\PSoC5/cyfitter_cfg.c **** 	{
 307:Generated_Source\PSoC5/cyfitter_cfg.c **** 
 308:Generated_Source\PSoC5/cyfitter_cfg.c **** 		CYPACKED typedef struct {
 309:Generated_Source\PSoC5/cyfitter_cfg.c **** 			void CYFAR *address;
 310:Generated_Source\PSoC5/cyfitter_cfg.c **** 			uint16 size;
 311:Generated_Source\PSoC5/cyfitter_cfg.c **** 		} CYPACKED_ATTR cfg_memset_t;
 312:Generated_Source\PSoC5/cyfitter_cfg.c **** 
 313:Generated_Source\PSoC5/cyfitter_cfg.c **** 		static const cfg_memset_t CYCODE cfg_memset_list[] = {
 314:Generated_Source\PSoC5/cyfitter_cfg.c **** 			/* address, size */
 315:Generated_Source\PSoC5/cyfitter_cfg.c **** 			{(void CYFAR *)(CYREG_PRT0_DR), 16u},
 316:Generated_Source\PSoC5/cyfitter_cfg.c **** 			{(void CYFAR *)(CYREG_PRT3_DR), 64u},
 317:Generated_Source\PSoC5/cyfitter_cfg.c **** 			{(void CYFAR *)(CYREG_PRT12_DR), 16u},
 318:Generated_Source\PSoC5/cyfitter_cfg.c **** 			{(void CYFAR *)(CYREG_PRT15_DR), 16u},
 319:Generated_Source\PSoC5/cyfitter_cfg.c **** 			{(void CYFAR *)(CYDEV_UCFG_B0_P0_U0_BASE), 4096u},
 320:Generated_Source\PSoC5/cyfitter_cfg.c **** 			{(void CYFAR *)(CYDEV_UCFG_B1_P2_U0_BASE), 2048u},
 321:Generated_Source\PSoC5/cyfitter_cfg.c **** 			{(void CYFAR *)(CYDEV_UCFG_DSI0_BASE), 2560u},
 322:Generated_Source\PSoC5/cyfitter_cfg.c **** 			{(void CYFAR *)(CYDEV_UCFG_DSI12_BASE), 512u},
 323:Generated_Source\PSoC5/cyfitter_cfg.c **** 			{(void CYFAR *)(CYREG_BCTL0_MDCLK_EN), 32u},
 324:Generated_Source\PSoC5/cyfitter_cfg.c **** 		};
 325:Generated_Source\PSoC5/cyfitter_cfg.c **** 
 326:Generated_Source\PSoC5/cyfitter_cfg.c **** 		uint8 CYDATA i;
 327:Generated_Source\PSoC5/cyfitter_cfg.c **** 
 328:Generated_Source\PSoC5/cyfitter_cfg.c **** 		/* Zero out critical memory blocks before beginning configuration */
 329:Generated_Source\PSoC5/cyfitter_cfg.c **** 		for (i = 0u; i < (sizeof(cfg_memset_list)/sizeof(cfg_memset_list[0])); i++)
 323              		.loc 1 329 0
 324 000e 0024     		movs	r4, #0
 325 0010 0CE0     		b	.L24
 326              	.LVL21:
 327              	.L25:
 328              	.LBB3:
 330:Generated_Source\PSoC5/cyfitter_cfg.c **** 		{
ARM GAS  C:\Users\slavi\AppData\Local\Temp\ccIpp60e.s 			page 13


 331:Generated_Source\PSoC5/cyfitter_cfg.c **** 			const cfg_memset_t CYCODE * CYDATA ms = &cfg_memset_list[i];
 332:Generated_Source\PSoC5/cyfitter_cfg.c **** 			CYMEMZERO(ms->address, (size_t)(uint32)(ms->size));
 329              		.loc 1 332 0 discriminator 3
 330 0012 1E4D     		ldr	r5, .L27+4
 331 0014 6300     		lsls	r3, r4, #1
 332 0016 1919     		adds	r1, r3, r4
 333 0018 4A00     		lsls	r2, r1, #1
 334 001a 1146     		mov	r1, r2
 335 001c 2A44     		add	r2, r2, r5
 336 001e 0846     		mov	r0, r1
 337 0020 9188     		ldrh	r1, [r2, #4]
 338 0022 2858     		ldr	r0, [r5, r0]	@ unaligned
 339 0024 FFF7FEFF 		bl	CYMEMZERO
 340              	.LVL22:
 341              	.LBE3:
 329:Generated_Source\PSoC5/cyfitter_cfg.c **** 		{
 342              		.loc 1 329 0 discriminator 3
 343 0028 0134     		adds	r4, r4, #1
 344              	.LVL23:
 345 002a E4B2     		uxtb	r4, r4
 346              	.LVL24:
 347              	.L24:
 329:Generated_Source\PSoC5/cyfitter_cfg.c **** 		{
 348              		.loc 1 329 0 is_stmt 0 discriminator 1
 349 002c 082C     		cmp	r4, #8
 350 002e F0D9     		bls	.L25
 333:Generated_Source\PSoC5/cyfitter_cfg.c **** 		}
 334:Generated_Source\PSoC5/cyfitter_cfg.c **** 
 335:Generated_Source\PSoC5/cyfitter_cfg.c **** 		/* Enable digital routing */
 336:Generated_Source\PSoC5/cyfitter_cfg.c **** 		CY_SET_XTND_REG8((void CYFAR *)CYREG_BCTL0_BANK_CTL, CY_GET_XTND_REG8((void CYFAR *)CYREG_BCTL0_B
 351              		.loc 1 336 0 is_stmt 1
 352 0030 174A     		ldr	r2, .L27+8
 353 0032 1378     		ldrb	r3, [r2]	@ zero_extendqisi2
 354 0034 43F00203 		orr	r3, r3, #2
 355 0038 1370     		strb	r3, [r2]
 337:Generated_Source\PSoC5/cyfitter_cfg.c **** 		CY_SET_XTND_REG8((void CYFAR *)CYREG_BCTL1_BANK_CTL, CY_GET_XTND_REG8((void CYFAR *)CYREG_BCTL1_B
 356              		.loc 1 337 0
 357 003a 1032     		adds	r2, r2, #16
 358 003c 1378     		ldrb	r3, [r2]	@ zero_extendqisi2
 359 003e 43F00203 		orr	r3, r3, #2
 360 0042 1370     		strb	r3, [r2]
 361              	.LBE2:
 338:Generated_Source\PSoC5/cyfitter_cfg.c **** 	}
 339:Generated_Source\PSoC5/cyfitter_cfg.c **** 
 340:Generated_Source\PSoC5/cyfitter_cfg.c **** 
 341:Generated_Source\PSoC5/cyfitter_cfg.c **** 	/* Perform second pass device configuration. These items must be configured in specific order afte
 342:Generated_Source\PSoC5/cyfitter_cfg.c **** 	CYCONFIGCPY((void CYFAR *)(CYREG_PRT1_DM0), (const void CYFAR *)(BS_IOPINS0_1_VAL), 8u);
 362              		.loc 1 342 0
 363 0044 0822     		movs	r2, #8
 364 0046 4FF09041 		mov	r1, #1207959552
 365 004a 1248     		ldr	r0, .L27+12
 366 004c FFF7FEFF 		bl	CYCONFIGCPY
 367              	.LVL25:
 343:Generated_Source\PSoC5/cyfitter_cfg.c **** 	CYCONFIGCPY((void CYFAR *)(CYREG_PRT2_DM0), (const void CYFAR *)(BS_IOPINS0_2_VAL), 8u);
 368              		.loc 1 343 0
 369 0050 0822     		movs	r2, #8
 370 0052 1149     		ldr	r1, .L27+16
ARM GAS  C:\Users\slavi\AppData\Local\Temp\ccIpp60e.s 			page 14


 371 0054 1148     		ldr	r0, .L27+20
 372 0056 FFF7FEFF 		bl	CYCONFIGCPY
 373              	.LVL26:
 344:Generated_Source\PSoC5/cyfitter_cfg.c **** 	/* Switch Boost to the precision bandgap reference from its internal reference */
 345:Generated_Source\PSoC5/cyfitter_cfg.c **** 	CY_SET_REG8((void CYXDATA *)CYREG_BOOST_CR2, (CY_GET_REG8((void CYXDATA *)CYREG_BOOST_CR2) | 0x08u
 374              		.loc 1 345 0
 375 005a 114A     		ldr	r2, .L27+24
 376 005c 1378     		ldrb	r3, [r2]	@ zero_extendqisi2
 377 005e 43F00803 		orr	r3, r3, #8
 378 0062 1370     		strb	r3, [r2]
 346:Generated_Source\PSoC5/cyfitter_cfg.c **** 
 347:Generated_Source\PSoC5/cyfitter_cfg.c **** 	/* Set Flash Cycles based on max possible frequency in case a glitch occurs during ClockSetup(). *
 348:Generated_Source\PSoC5/cyfitter_cfg.c **** 	CY_SET_XTND_REG8((void CYFAR *)(CYREG_CACHE_CC_CTL), (((CYDEV_INSTRUCT_CACHE_ENABLED) != 0) ? 0x61
 379              		.loc 1 348 0
 380 0064 0F4C     		ldr	r4, .L27+28
 381              	.LVL27:
 382 0066 6123     		movs	r3, #97
 383 0068 2370     		strb	r3, [r4]
 349:Generated_Source\PSoC5/cyfitter_cfg.c **** 	/* Setup clocks based on selections from Clock DWR */
 350:Generated_Source\PSoC5/cyfitter_cfg.c **** 	ClockSetup();
 384              		.loc 1 350 0
 385 006a FFF7FEFF 		bl	ClockSetup
 386              	.LVL28:
 351:Generated_Source\PSoC5/cyfitter_cfg.c **** 	/* Set Flash Cycles based on newly configured 24.00MHz Bus Clock. */
 352:Generated_Source\PSoC5/cyfitter_cfg.c **** 	CY_SET_XTND_REG8((void CYFAR *)(CYREG_CACHE_CC_CTL), (((CYDEV_INSTRUCT_CACHE_ENABLED) != 0) ? 0x81
 387              		.loc 1 352 0
 388 006e 8123     		movs	r3, #129
 389 0070 2370     		strb	r3, [r4]
 353:Generated_Source\PSoC5/cyfitter_cfg.c **** 	CY_SET_XTND_REG8((void CYFAR *)(CYREG_PANTHER_WAITPIPE), 0x01u);
 390              		.loc 1 353 0
 391 0072 0122     		movs	r2, #1
 392 0074 0C4B     		ldr	r3, .L27+32
 393 0076 1A70     		strb	r2, [r3]
 354:Generated_Source\PSoC5/cyfitter_cfg.c **** 
 355:Generated_Source\PSoC5/cyfitter_cfg.c **** 	/* Perform basic analog initialization to defaults */
 356:Generated_Source\PSoC5/cyfitter_cfg.c **** 	AnalogSetDefault();
 394              		.loc 1 356 0
 395 0078 FFF7FEFF 		bl	AnalogSetDefault
 396              	.LVL29:
 357:Generated_Source\PSoC5/cyfitter_cfg.c **** 
 358:Generated_Source\PSoC5/cyfitter_cfg.c **** 	/* Configure alternate active mode */
 359:Generated_Source\PSoC5/cyfitter_cfg.c **** 	CYCONFIGCPY((void CYFAR *)CYDEV_PM_STBY_BASE, (const void CYFAR *)CYDEV_PM_ACT_BASE, 14u);
 397              		.loc 1 359 0
 398 007c 0E22     		movs	r2, #14
 399 007e 0B49     		ldr	r1, .L27+36
 400 0080 0B48     		ldr	r0, .L27+40
 401 0082 FFF7FEFF 		bl	CYCONFIGCPY
 402              	.LVL30:
 403 0086 38BD     		pop	{r3, r4, r5, pc}
 404              	.L28:
 405              		.align	2
 406              	.L27:
 407 0088 E8460040 		.word	1073759976
 408 008c 00000000 		.word	.LANCHOR0
 409 0090 03500140 		.word	1073827843
 410 0094 12510040 		.word	1073762578
 411 0098 08000048 		.word	1207959560
ARM GAS  C:\Users\slavi\AppData\Local\Temp\ccIpp60e.s 			page 15


 412 009c 22510040 		.word	1073762594
 413 00a0 22430040 		.word	1073759010
 414 00a4 00480040 		.word	1073760256
 415 00a8 04000840 		.word	1074266116
 416 00ac A0430040 		.word	1073759136
 417 00b0 B0430040 		.word	1073759152
 418              		.cfi_endproc
 419              	.LFE7:
 420              		.size	cyfitter_cfg, .-cyfitter_cfg
 421              		.section	.rodata
 422              		.align	2
 423              		.set	.LANCHOR0,. + 0
 424              		.type	cfg_memset_list.4992, %object
 425              		.size	cfg_memset_list.4992, 54
 426              	cfg_memset_list.4992:
 427 0000 00510040 		.word	1073762560
 428 0004 1000     		.short	16
 429 0006 30510040 		.4byte	1073762608
 430 000a 4000     		.short	64
 431 000c C0510040 		.word	1073762752
 432 0010 1000     		.short	16
 433 0012 F0510040 		.4byte	1073762800
 434 0016 1000     		.short	16
 435 0018 00000140 		.word	1073807360
 436 001c 0010     		.short	4096
 437 001e 00140140 		.4byte	1073812480
 438 0022 0008     		.short	2048
 439 0024 00400140 		.word	1073823744
 440 0028 000A     		.short	2560
 441 002a 004C0140 		.4byte	1073826816
 442 002e 0002     		.short	512
 443 0030 00500140 		.word	1073827840
 444 0034 2000     		.short	32
 445              		.text
 446              	.Letext0:
 447              		.file 2 "c:\\program files (x86)\\cypress\\psoc creator\\4.4\\psoc creator\\import\\gnu\\arm\\5.4.
 448              		.file 3 "Generated_Source\\PSoC5\\cytypes.h"
 449              		.file 4 "Generated_Source\\PSoC5\\CyLib.h"
 450              		.section	.debug_info,"",%progbits
 451              	.Ldebug_info0:
 452 0000 CD030000 		.4byte	0x3cd
 453 0004 0400     		.2byte	0x4
 454 0006 00000000 		.4byte	.Ldebug_abbrev0
 455 000a 04       		.byte	0x4
 456 000b 01       		.uleb128 0x1
 457 000c 8E000000 		.4byte	.LASF39
 458 0010 0C       		.byte	0xc
 459 0011 EA010000 		.4byte	.LASF40
 460 0015 61020000 		.4byte	.LASF41
 461 0019 00000000 		.4byte	.Ldebug_ranges0+0
 462 001d 00000000 		.4byte	0
 463 0021 00000000 		.4byte	.Ldebug_line0
 464 0025 02       		.uleb128 0x2
 465 0026 04       		.byte	0x4
 466 0027 05       		.byte	0x5
 467 0028 696E7400 		.ascii	"int\000"
 468 002c 03       		.uleb128 0x3
ARM GAS  C:\Users\slavi\AppData\Local\Temp\ccIpp60e.s 			page 16


 469 002d 14000000 		.4byte	.LASF12
 470 0031 02       		.byte	0x2
 471 0032 D8       		.byte	0xd8
 472 0033 37000000 		.4byte	0x37
 473 0037 04       		.uleb128 0x4
 474 0038 04       		.byte	0x4
 475 0039 07       		.byte	0x7
 476 003a 9A010000 		.4byte	.LASF0
 477 003e 04       		.uleb128 0x4
 478 003f 08       		.byte	0x8
 479 0040 05       		.byte	0x5
 480 0041 DC010000 		.4byte	.LASF1
 481 0045 04       		.uleb128 0x4
 482 0046 08       		.byte	0x8
 483 0047 04       		.byte	0x4
 484 0048 37020000 		.4byte	.LASF2
 485 004c 04       		.uleb128 0x4
 486 004d 01       		.byte	0x1
 487 004e 06       		.byte	0x6
 488 004f 55020000 		.4byte	.LASF3
 489 0053 04       		.uleb128 0x4
 490 0054 01       		.byte	0x1
 491 0055 08       		.byte	0x8
 492 0056 59010000 		.4byte	.LASF4
 493 005a 04       		.uleb128 0x4
 494 005b 02       		.byte	0x2
 495 005c 05       		.byte	0x5
 496 005d 17020000 		.4byte	.LASF5
 497 0061 04       		.uleb128 0x4
 498 0062 02       		.byte	0x2
 499 0063 07       		.byte	0x7
 500 0064 4F000000 		.4byte	.LASF6
 501 0068 04       		.uleb128 0x4
 502 0069 04       		.byte	0x4
 503 006a 05       		.byte	0x5
 504 006b 29020000 		.4byte	.LASF7
 505 006f 04       		.uleb128 0x4
 506 0070 04       		.byte	0x4
 507 0071 07       		.byte	0x7
 508 0072 21010000 		.4byte	.LASF8
 509 0076 04       		.uleb128 0x4
 510 0077 08       		.byte	0x8
 511 0078 07       		.byte	0x7
 512 0079 AF010000 		.4byte	.LASF9
 513 007d 04       		.uleb128 0x4
 514 007e 04       		.byte	0x4
 515 007f 07       		.byte	0x7
 516 0080 D3010000 		.4byte	.LASF10
 517 0084 05       		.uleb128 0x5
 518 0085 04       		.byte	0x4
 519 0086 04       		.uleb128 0x4
 520 0087 01       		.byte	0x1
 521 0088 08       		.byte	0x8
 522 0089 32020000 		.4byte	.LASF11
 523 008d 06       		.uleb128 0x6
 524 008e 33010000 		.4byte	.LASF13
 525 0092 03       		.byte	0x3
ARM GAS  C:\Users\slavi\AppData\Local\Temp\ccIpp60e.s 			page 17


 526 0093 E801     		.2byte	0x1e8
 527 0095 53000000 		.4byte	0x53
 528 0099 06       		.uleb128 0x6
 529 009a 82010000 		.4byte	.LASF14
 530 009e 03       		.byte	0x3
 531 009f E901     		.2byte	0x1e9
 532 00a1 61000000 		.4byte	0x61
 533 00a5 06       		.uleb128 0x6
 534 00a6 93010000 		.4byte	.LASF15
 535 00aa 03       		.byte	0x3
 536 00ab EA01     		.2byte	0x1ea
 537 00ad 6F000000 		.4byte	0x6f
 538 00b1 04       		.uleb128 0x4
 539 00b2 04       		.byte	0x4
 540 00b3 04       		.byte	0x4
 541 00b4 6A000000 		.4byte	.LASF16
 542 00b8 04       		.uleb128 0x4
 543 00b9 08       		.byte	0x8
 544 00ba 04       		.byte	0x4
 545 00bb 6E010000 		.4byte	.LASF17
 546 00bf 06       		.uleb128 0x6
 547 00c0 1C010000 		.4byte	.LASF18
 548 00c4 03       		.byte	0x3
 549 00c5 9202     		.2byte	0x292
 550 00c7 CB000000 		.4byte	0xcb
 551 00cb 07       		.uleb128 0x7
 552 00cc 8D000000 		.4byte	0x8d
 553 00d0 06       		.uleb128 0x6
 554 00d1 00000000 		.4byte	.LASF19
 555 00d5 03       		.byte	0x3
 556 00d6 9302     		.2byte	0x293
 557 00d8 DC000000 		.4byte	0xdc
 558 00dc 07       		.uleb128 0x7
 559 00dd 99000000 		.4byte	0x99
 560 00e1 08       		.uleb128 0x8
 561 00e2 70000000 		.4byte	.LASF42
 562 00e6 01       		.byte	0x1
 563 00e7 7F       		.byte	0x7f
 564 00e8 00000000 		.4byte	.LFB3
 565 00ec 02000000 		.4byte	.LFE3-.LFB3
 566 00f0 01       		.uleb128 0x1
 567 00f1 9C       		.byte	0x9c
 568 00f2 04010000 		.4byte	0x104
 569 00f6 09       		.uleb128 0x9
 570 00f7 89010000 		.4byte	.LASF22
 571 00fb 01       		.byte	0x1
 572 00fc 7F       		.byte	0x7f
 573 00fd 8D000000 		.4byte	0x8d
 574 0101 01       		.uleb128 0x1
 575 0102 50       		.byte	0x50
 576 0103 00       		.byte	0
 577 0104 0A       		.uleb128 0xa
 578 0105 1B000000 		.4byte	.LASF20
 579 0109 01       		.byte	0x1
 580 010a EA       		.byte	0xea
 581 010b 00000000 		.4byte	.LFB5
 582 010f 38000000 		.4byte	.LFE5-.LFB5
ARM GAS  C:\Users\slavi\AppData\Local\Temp\ccIpp60e.s 			page 18


 583 0113 01       		.uleb128 0x1
 584 0114 9C       		.byte	0x9c
 585 0115 29010000 		.4byte	0x129
 586 0119 0B       		.uleb128 0xb
 587 011a 43020000 		.4byte	.LASF24
 588 011e 01       		.byte	0x1
 589 011f EC       		.byte	0xec
 590 0120 8D000000 		.4byte	0x8d
 591 0124 00000000 		.4byte	.LLST0
 592 0128 00       		.byte	0
 593 0129 0A       		.uleb128 0xa
 594 012a 39010000 		.4byte	.LASF21
 595 012e 01       		.byte	0x1
 596 012f 4D       		.byte	0x4d
 597 0130 00000000 		.4byte	.LFB0
 598 0134 0C000000 		.4byte	.LFE0-.LFB0
 599 0138 01       		.uleb128 0x1
 600 0139 9C       		.byte	0x9c
 601 013a 76010000 		.4byte	0x176
 602 013e 0C       		.uleb128 0xc
 603 013f 7300     		.ascii	"s\000"
 604 0141 01       		.byte	0x1
 605 0142 4D       		.byte	0x4d
 606 0143 84000000 		.4byte	0x84
 607 0147 13000000 		.4byte	.LLST1
 608 014b 0C       		.uleb128 0xc
 609 014c 6E00     		.ascii	"n\000"
 610 014e 01       		.byte	0x1
 611 014f 4D       		.byte	0x4d
 612 0150 2C000000 		.4byte	0x2c
 613 0154 34000000 		.4byte	.LLST2
 614 0158 0D       		.uleb128 0xd
 615 0159 0A000000 		.4byte	.LVL5
 616 015d B3030000 		.4byte	0x3b3
 617 0161 0E       		.uleb128 0xe
 618 0162 01       		.uleb128 0x1
 619 0163 50       		.byte	0x50
 620 0164 03       		.uleb128 0x3
 621 0165 F3       		.byte	0xf3
 622 0166 01       		.uleb128 0x1
 623 0167 50       		.byte	0x50
 624 0168 0E       		.uleb128 0xe
 625 0169 01       		.uleb128 0x1
 626 016a 51       		.byte	0x51
 627 016b 01       		.uleb128 0x1
 628 016c 30       		.byte	0x30
 629 016d 0E       		.uleb128 0xe
 630 016e 01       		.uleb128 0x1
 631 016f 52       		.byte	0x52
 632 0170 03       		.uleb128 0x3
 633 0171 F3       		.byte	0xf3
 634 0172 01       		.uleb128 0x1
 635 0173 51       		.byte	0x51
 636 0174 00       		.byte	0
 637 0175 00       		.byte	0
 638 0176 0A       		.uleb128 0xa
 639 0177 44000000 		.4byte	.LASF23
ARM GAS  C:\Users\slavi\AppData\Local\Temp\ccIpp60e.s 			page 19


 640 017b 01       		.byte	0x1
 641 017c AF       		.byte	0xaf
 642 017d 00000000 		.4byte	.LFB4
 643 0181 9C000000 		.4byte	.LFE4-.LFB4
 644 0185 01       		.uleb128 0x1
 645 0186 9C       		.byte	0x9c
 646 0187 CE010000 		.4byte	0x1ce
 647 018b 0B       		.uleb128 0xb
 648 018c 2C000000 		.4byte	.LASF25
 649 0190 01       		.byte	0x1
 650 0191 B1       		.byte	0xb1
 651 0192 A5000000 		.4byte	0xa5
 652 0196 60000000 		.4byte	.LLST3
 653 019a 0B       		.uleb128 0xb
 654 019b 62000000 		.4byte	.LASF26
 655 019f 01       		.byte	0x1
 656 01a0 B2       		.byte	0xb2
 657 01a1 8D000000 		.4byte	0x8d
 658 01a5 7F000000 		.4byte	.LLST4
 659 01a9 0F       		.uleb128 0xf
 660 01aa 4C000000 		.4byte	.LVL10
 661 01ae BC030000 		.4byte	0x3bc
 662 01b2 BE010000 		.4byte	0x1be
 663 01b6 0E       		.uleb128 0xe
 664 01b7 01       		.uleb128 0x1
 665 01b8 50       		.byte	0x50
 666 01b9 03       		.uleb128 0x3
 667 01ba 0A       		.byte	0xa
 668 01bb E001     		.2byte	0x1e0
 669 01bd 00       		.byte	0
 670 01be 0D       		.uleb128 0xd
 671 01bf 5C000000 		.4byte	.LVL12
 672 01c3 E1000000 		.4byte	0xe1
 673 01c7 0E       		.uleb128 0xe
 674 01c8 01       		.uleb128 0x1
 675 01c9 50       		.byte	0x50
 676 01ca 01       		.uleb128 0x1
 677 01cb 33       		.byte	0x33
 678 01cc 00       		.byte	0
 679 01cd 00       		.byte	0
 680 01ce 0A       		.uleb128 0xa
 681 01cf A4020000 		.4byte	.LASF27
 682 01d3 01       		.byte	0x1
 683 01d4 54       		.byte	0x54
 684 01d5 00000000 		.4byte	.LFB1
 685 01d9 08000000 		.4byte	.LFE1-.LFB1
 686 01dd 01       		.uleb128 0x1
 687 01de 9C       		.byte	0x9c
 688 01df 2E020000 		.4byte	0x22e
 689 01e3 10       		.uleb128 0x10
 690 01e4 84000000 		.4byte	.LASF28
 691 01e8 01       		.byte	0x1
 692 01e9 54       		.byte	0x54
 693 01ea 84000000 		.4byte	0x84
 694 01ee A9000000 		.4byte	.LLST5
 695 01f2 0C       		.uleb128 0xc
 696 01f3 73726300 		.ascii	"src\000"
ARM GAS  C:\Users\slavi\AppData\Local\Temp\ccIpp60e.s 			page 20


 697 01f7 01       		.byte	0x1
 698 01f8 54       		.byte	0x54
 699 01f9 2E020000 		.4byte	0x22e
 700 01fd CA000000 		.4byte	.LLST6
 701 0201 0C       		.uleb128 0xc
 702 0202 6E00     		.ascii	"n\000"
 703 0204 01       		.byte	0x1
 704 0205 54       		.byte	0x54
 705 0206 2C000000 		.4byte	0x2c
 706 020a EB000000 		.4byte	.LLST7
 707 020e 0D       		.uleb128 0xd
 708 020f 06000000 		.4byte	.LVL15
 709 0213 C7030000 		.4byte	0x3c7
 710 0217 0E       		.uleb128 0xe
 711 0218 01       		.uleb128 0x1
 712 0219 50       		.byte	0x50
 713 021a 03       		.uleb128 0x3
 714 021b F3       		.byte	0xf3
 715 021c 01       		.uleb128 0x1
 716 021d 50       		.byte	0x50
 717 021e 0E       		.uleb128 0xe
 718 021f 01       		.uleb128 0x1
 719 0220 51       		.byte	0x51
 720 0221 03       		.uleb128 0x3
 721 0222 F3       		.byte	0xf3
 722 0223 01       		.uleb128 0x1
 723 0224 51       		.byte	0x51
 724 0225 0E       		.uleb128 0xe
 725 0226 01       		.uleb128 0x1
 726 0227 52       		.byte	0x52
 727 0228 03       		.uleb128 0x3
 728 0229 F3       		.byte	0xf3
 729 022a 01       		.uleb128 0x1
 730 022b 52       		.byte	0x52
 731 022c 00       		.byte	0
 732 022d 00       		.byte	0
 733 022e 11       		.uleb128 0x11
 734 022f 04       		.byte	0x4
 735 0230 34020000 		.4byte	0x234
 736 0234 12       		.uleb128 0x12
 737 0235 13       		.uleb128 0x13
 738 0236 43010000 		.4byte	.LASF31
 739 023a 01       		.byte	0x1
 740 023b 0601     		.2byte	0x106
 741 023d 00000000 		.4byte	.LFB6
 742 0241 1C000000 		.4byte	.LFE6-.LFB6
 743 0245 01       		.uleb128 0x1
 744 0246 9C       		.byte	0x9c
 745 0247 68020000 		.4byte	0x268
 746 024b 14       		.uleb128 0x14
 747 024c 21020000 		.4byte	.LASF29
 748 0250 01       		.byte	0x1
 749 0251 0601     		.2byte	0x106
 750 0253 8D000000 		.4byte	0x8d
 751 0257 01       		.uleb128 0x1
 752 0258 50       		.byte	0x50
 753 0259 15       		.uleb128 0x15
ARM GAS  C:\Users\slavi\AppData\Local\Temp\ccIpp60e.s 			page 21


 754 025a 9B020000 		.4byte	.LASF30
 755 025e 01       		.byte	0x1
 756 025f 0801     		.2byte	0x108
 757 0261 8D000000 		.4byte	0x8d
 758 0265 01       		.uleb128 0x1
 759 0266 53       		.byte	0x53
 760 0267 00       		.byte	0
 761 0268 13       		.uleb128 0x13
 762 0269 75010000 		.4byte	.LASF32
 763 026d 01       		.byte	0x1
 764 026e 2801     		.2byte	0x128
 765 0270 00000000 		.4byte	.LFB7
 766 0274 B4000000 		.4byte	.LFE7-.LFB7
 767 0278 01       		.uleb128 0x1
 768 0279 9C       		.byte	0x9c
 769 027a B3030000 		.4byte	0x3b3
 770 027e 16       		.uleb128 0x16
 771 027f 0E000000 		.4byte	.LBB2
 772 0283 36000000 		.4byte	.LBE2-.LBB2
 773 0287 37030000 		.4byte	0x337
 774 028b 17       		.uleb128 0x17
 775 028c 06       		.byte	0x6
 776 028d 01       		.byte	0x1
 777 028e 3401     		.2byte	0x134
 778 0290 AF020000 		.4byte	0x2af
 779 0294 18       		.uleb128 0x18
 780 0295 A7010000 		.4byte	.LASF33
 781 0299 01       		.byte	0x1
 782 029a 3501     		.2byte	0x135
 783 029c 84000000 		.4byte	0x84
 784 02a0 00       		.byte	0
 785 02a1 18       		.uleb128 0x18
 786 02a2 89000000 		.4byte	.LASF34
 787 02a6 01       		.byte	0x1
 788 02a7 3601     		.2byte	0x136
 789 02a9 99000000 		.4byte	0x99
 790 02ad 04       		.byte	0x4
 791 02ae 00       		.byte	0
 792 02af 06       		.uleb128 0x6
 793 02b0 C6010000 		.4byte	.LASF35
 794 02b4 01       		.byte	0x1
 795 02b5 3701     		.2byte	0x137
 796 02b7 8B020000 		.4byte	0x28b
 797 02bb 19       		.uleb128 0x19
 798 02bc CB020000 		.4byte	0x2cb
 799 02c0 CB020000 		.4byte	0x2cb
 800 02c4 1A       		.uleb128 0x1a
 801 02c5 7D000000 		.4byte	0x7d
 802 02c9 08       		.byte	0x8
 803 02ca 00       		.byte	0
 804 02cb 1B       		.uleb128 0x1b
 805 02cc AF020000 		.4byte	0x2af
 806 02d0 15       		.uleb128 0x15
 807 02d1 34000000 		.4byte	.LASF36
 808 02d5 01       		.byte	0x1
 809 02d6 3901     		.2byte	0x139
 810 02d8 E2020000 		.4byte	0x2e2
ARM GAS  C:\Users\slavi\AppData\Local\Temp\ccIpp60e.s 			page 22


 811 02dc 05       		.uleb128 0x5
 812 02dd 03       		.byte	0x3
 813 02de 00000000 		.4byte	cfg_memset_list.4992
 814 02e2 1B       		.uleb128 0x1b
 815 02e3 BB020000 		.4byte	0x2bb
 816 02e7 1C       		.uleb128 0x1c
 817 02e8 6900     		.ascii	"i\000"
 818 02ea 01       		.byte	0x1
 819 02eb 4601     		.2byte	0x146
 820 02ed 8D000000 		.4byte	0x8d
 821 02f1 0C010000 		.4byte	.LLST8
 822 02f5 1D       		.uleb128 0x1d
 823 02f6 12000000 		.4byte	.LBB3
 824 02fa 16000000 		.4byte	.LBE3-.LBB3
 825 02fe 1C       		.uleb128 0x1c
 826 02ff 6D7300   		.ascii	"ms\000"
 827 0302 01       		.byte	0x1
 828 0303 4B01     		.2byte	0x14b
 829 0305 0D030000 		.4byte	0x30d
 830 0309 36010000 		.4byte	.LLST9
 831 030d 11       		.uleb128 0x11
 832 030e 04       		.byte	0x4
 833 030f CB020000 		.4byte	0x2cb
 834 0313 0D       		.uleb128 0xd
 835 0314 28000000 		.4byte	.LVL22
 836 0318 29010000 		.4byte	0x129
 837 031c 0E       		.uleb128 0xe
 838 031d 01       		.uleb128 0x1
 839 031e 51       		.byte	0x51
 840 031f 14       		.uleb128 0x14
 841 0320 74       		.byte	0x74
 842 0321 00       		.sleb128 0
 843 0322 31       		.byte	0x31
 844 0323 24       		.byte	0x24
 845 0324 74       		.byte	0x74
 846 0325 00       		.sleb128 0
 847 0326 22       		.byte	0x22
 848 0327 31       		.byte	0x31
 849 0328 24       		.byte	0x24
 850 0329 75       		.byte	0x75
 851 032a 00       		.sleb128 0
 852 032b 22       		.byte	0x22
 853 032c 23       		.byte	0x23
 854 032d 04       		.uleb128 0x4
 855 032e 94       		.byte	0x94
 856 032f 02       		.byte	0x2
 857 0330 0A       		.byte	0xa
 858 0331 FFFF     		.2byte	0xffff
 859 0333 1A       		.byte	0x1a
 860 0334 00       		.byte	0
 861 0335 00       		.byte	0
 862 0336 00       		.byte	0
 863 0337 0F       		.uleb128 0xf
 864 0338 50000000 		.4byte	.LVL25
 865 033c CE010000 		.4byte	0x1ce
 866 0340 5A030000 		.4byte	0x35a
 867 0344 0E       		.uleb128 0xe
ARM GAS  C:\Users\slavi\AppData\Local\Temp\ccIpp60e.s 			page 23


 868 0345 01       		.uleb128 0x1
 869 0346 50       		.byte	0x50
 870 0347 05       		.uleb128 0x5
 871 0348 0C       		.byte	0xc
 872 0349 12510040 		.4byte	0x40005112
 873 034d 0E       		.uleb128 0xe
 874 034e 01       		.uleb128 0x1
 875 034f 51       		.byte	0x51
 876 0350 03       		.uleb128 0x3
 877 0351 42       		.byte	0x42
 878 0352 4A       		.byte	0x4a
 879 0353 24       		.byte	0x24
 880 0354 0E       		.uleb128 0xe
 881 0355 01       		.uleb128 0x1
 882 0356 52       		.byte	0x52
 883 0357 01       		.uleb128 0x1
 884 0358 38       		.byte	0x38
 885 0359 00       		.byte	0
 886 035a 0F       		.uleb128 0xf
 887 035b 5A000000 		.4byte	.LVL26
 888 035f CE010000 		.4byte	0x1ce
 889 0363 7F030000 		.4byte	0x37f
 890 0367 0E       		.uleb128 0xe
 891 0368 01       		.uleb128 0x1
 892 0369 50       		.byte	0x50
 893 036a 05       		.uleb128 0x5
 894 036b 0C       		.byte	0xc
 895 036c 22510040 		.4byte	0x40005122
 896 0370 0E       		.uleb128 0xe
 897 0371 01       		.uleb128 0x1
 898 0372 51       		.byte	0x51
 899 0373 05       		.uleb128 0x5
 900 0374 0C       		.byte	0xc
 901 0375 08000048 		.4byte	0x48000008
 902 0379 0E       		.uleb128 0xe
 903 037a 01       		.uleb128 0x1
 904 037b 52       		.byte	0x52
 905 037c 01       		.uleb128 0x1
 906 037d 38       		.byte	0x38
 907 037e 00       		.byte	0
 908 037f 1E       		.uleb128 0x1e
 909 0380 6E000000 		.4byte	.LVL28
 910 0384 76010000 		.4byte	0x176
 911 0388 1E       		.uleb128 0x1e
 912 0389 7C000000 		.4byte	.LVL29
 913 038d 04010000 		.4byte	0x104
 914 0391 0D       		.uleb128 0xd
 915 0392 86000000 		.4byte	.LVL30
 916 0396 CE010000 		.4byte	0x1ce
 917 039a 0E       		.uleb128 0xe
 918 039b 01       		.uleb128 0x1
 919 039c 50       		.byte	0x50
 920 039d 05       		.uleb128 0x5
 921 039e 0C       		.byte	0xc
 922 039f B0430040 		.4byte	0x400043b0
 923 03a3 0E       		.uleb128 0xe
 924 03a4 01       		.uleb128 0x1
ARM GAS  C:\Users\slavi\AppData\Local\Temp\ccIpp60e.s 			page 24


 925 03a5 51       		.byte	0x51
 926 03a6 05       		.uleb128 0x5
 927 03a7 0C       		.byte	0xc
 928 03a8 A0430040 		.4byte	0x400043a0
 929 03ac 0E       		.uleb128 0xe
 930 03ad 01       		.uleb128 0x1
 931 03ae 52       		.byte	0x52
 932 03af 01       		.uleb128 0x1
 933 03b0 3E       		.byte	0x3e
 934 03b1 00       		.byte	0
 935 03b2 00       		.byte	0
 936 03b3 1F       		.uleb128 0x1f
 937 03b4 67010000 		.4byte	.LASF37
 938 03b8 67010000 		.4byte	.LASF37
 939 03bc 20       		.uleb128 0x20
 940 03bd 06000000 		.4byte	.LASF43
 941 03c1 06000000 		.4byte	.LASF43
 942 03c5 04       		.byte	0x4
 943 03c6 79       		.byte	0x79
 944 03c7 1F       		.uleb128 0x1f
 945 03c8 10020000 		.4byte	.LASF38
 946 03cc 10020000 		.4byte	.LASF38
 947 03d0 00       		.byte	0
 948              		.section	.debug_abbrev,"",%progbits
 949              	.Ldebug_abbrev0:
 950 0000 01       		.uleb128 0x1
 951 0001 11       		.uleb128 0x11
 952 0002 01       		.byte	0x1
 953 0003 25       		.uleb128 0x25
 954 0004 0E       		.uleb128 0xe
 955 0005 13       		.uleb128 0x13
 956 0006 0B       		.uleb128 0xb
 957 0007 03       		.uleb128 0x3
 958 0008 0E       		.uleb128 0xe
 959 0009 1B       		.uleb128 0x1b
 960 000a 0E       		.uleb128 0xe
 961 000b 55       		.uleb128 0x55
 962 000c 17       		.uleb128 0x17
 963 000d 11       		.uleb128 0x11
 964 000e 01       		.uleb128 0x1
 965 000f 10       		.uleb128 0x10
 966 0010 17       		.uleb128 0x17
 967 0011 00       		.byte	0
 968 0012 00       		.byte	0
 969 0013 02       		.uleb128 0x2
 970 0014 24       		.uleb128 0x24
 971 0015 00       		.byte	0
 972 0016 0B       		.uleb128 0xb
 973 0017 0B       		.uleb128 0xb
 974 0018 3E       		.uleb128 0x3e
 975 0019 0B       		.uleb128 0xb
 976 001a 03       		.uleb128 0x3
 977 001b 08       		.uleb128 0x8
 978 001c 00       		.byte	0
 979 001d 00       		.byte	0
 980 001e 03       		.uleb128 0x3
 981 001f 16       		.uleb128 0x16
ARM GAS  C:\Users\slavi\AppData\Local\Temp\ccIpp60e.s 			page 25


 982 0020 00       		.byte	0
 983 0021 03       		.uleb128 0x3
 984 0022 0E       		.uleb128 0xe
 985 0023 3A       		.uleb128 0x3a
 986 0024 0B       		.uleb128 0xb
 987 0025 3B       		.uleb128 0x3b
 988 0026 0B       		.uleb128 0xb
 989 0027 49       		.uleb128 0x49
 990 0028 13       		.uleb128 0x13
 991 0029 00       		.byte	0
 992 002a 00       		.byte	0
 993 002b 04       		.uleb128 0x4
 994 002c 24       		.uleb128 0x24
 995 002d 00       		.byte	0
 996 002e 0B       		.uleb128 0xb
 997 002f 0B       		.uleb128 0xb
 998 0030 3E       		.uleb128 0x3e
 999 0031 0B       		.uleb128 0xb
 1000 0032 03       		.uleb128 0x3
 1001 0033 0E       		.uleb128 0xe
 1002 0034 00       		.byte	0
 1003 0035 00       		.byte	0
 1004 0036 05       		.uleb128 0x5
 1005 0037 0F       		.uleb128 0xf
 1006 0038 00       		.byte	0
 1007 0039 0B       		.uleb128 0xb
 1008 003a 0B       		.uleb128 0xb
 1009 003b 00       		.byte	0
 1010 003c 00       		.byte	0
 1011 003d 06       		.uleb128 0x6
 1012 003e 16       		.uleb128 0x16
 1013 003f 00       		.byte	0
 1014 0040 03       		.uleb128 0x3
 1015 0041 0E       		.uleb128 0xe
 1016 0042 3A       		.uleb128 0x3a
 1017 0043 0B       		.uleb128 0xb
 1018 0044 3B       		.uleb128 0x3b
 1019 0045 05       		.uleb128 0x5
 1020 0046 49       		.uleb128 0x49
 1021 0047 13       		.uleb128 0x13
 1022 0048 00       		.byte	0
 1023 0049 00       		.byte	0
 1024 004a 07       		.uleb128 0x7
 1025 004b 35       		.uleb128 0x35
 1026 004c 00       		.byte	0
 1027 004d 49       		.uleb128 0x49
 1028 004e 13       		.uleb128 0x13
 1029 004f 00       		.byte	0
 1030 0050 00       		.byte	0
 1031 0051 08       		.uleb128 0x8
 1032 0052 2E       		.uleb128 0x2e
 1033 0053 01       		.byte	0x1
 1034 0054 03       		.uleb128 0x3
 1035 0055 0E       		.uleb128 0xe
 1036 0056 3A       		.uleb128 0x3a
 1037 0057 0B       		.uleb128 0xb
 1038 0058 3B       		.uleb128 0x3b
ARM GAS  C:\Users\slavi\AppData\Local\Temp\ccIpp60e.s 			page 26


 1039 0059 0B       		.uleb128 0xb
 1040 005a 27       		.uleb128 0x27
 1041 005b 19       		.uleb128 0x19
 1042 005c 8701     		.uleb128 0x87
 1043 005e 19       		.uleb128 0x19
 1044 005f 11       		.uleb128 0x11
 1045 0060 01       		.uleb128 0x1
 1046 0061 12       		.uleb128 0x12
 1047 0062 06       		.uleb128 0x6
 1048 0063 40       		.uleb128 0x40
 1049 0064 18       		.uleb128 0x18
 1050 0065 9742     		.uleb128 0x2117
 1051 0067 19       		.uleb128 0x19
 1052 0068 01       		.uleb128 0x1
 1053 0069 13       		.uleb128 0x13
 1054 006a 00       		.byte	0
 1055 006b 00       		.byte	0
 1056 006c 09       		.uleb128 0x9
 1057 006d 05       		.uleb128 0x5
 1058 006e 00       		.byte	0
 1059 006f 03       		.uleb128 0x3
 1060 0070 0E       		.uleb128 0xe
 1061 0071 3A       		.uleb128 0x3a
 1062 0072 0B       		.uleb128 0xb
 1063 0073 3B       		.uleb128 0x3b
 1064 0074 0B       		.uleb128 0xb
 1065 0075 49       		.uleb128 0x49
 1066 0076 13       		.uleb128 0x13
 1067 0077 02       		.uleb128 0x2
 1068 0078 18       		.uleb128 0x18
 1069 0079 00       		.byte	0
 1070 007a 00       		.byte	0
 1071 007b 0A       		.uleb128 0xa
 1072 007c 2E       		.uleb128 0x2e
 1073 007d 01       		.byte	0x1
 1074 007e 03       		.uleb128 0x3
 1075 007f 0E       		.uleb128 0xe
 1076 0080 3A       		.uleb128 0x3a
 1077 0081 0B       		.uleb128 0xb
 1078 0082 3B       		.uleb128 0x3b
 1079 0083 0B       		.uleb128 0xb
 1080 0084 27       		.uleb128 0x27
 1081 0085 19       		.uleb128 0x19
 1082 0086 11       		.uleb128 0x11
 1083 0087 01       		.uleb128 0x1
 1084 0088 12       		.uleb128 0x12
 1085 0089 06       		.uleb128 0x6
 1086 008a 40       		.uleb128 0x40
 1087 008b 18       		.uleb128 0x18
 1088 008c 9742     		.uleb128 0x2117
 1089 008e 19       		.uleb128 0x19
 1090 008f 01       		.uleb128 0x1
 1091 0090 13       		.uleb128 0x13
 1092 0091 00       		.byte	0
 1093 0092 00       		.byte	0
 1094 0093 0B       		.uleb128 0xb
 1095 0094 34       		.uleb128 0x34
ARM GAS  C:\Users\slavi\AppData\Local\Temp\ccIpp60e.s 			page 27


 1096 0095 00       		.byte	0
 1097 0096 03       		.uleb128 0x3
 1098 0097 0E       		.uleb128 0xe
 1099 0098 3A       		.uleb128 0x3a
 1100 0099 0B       		.uleb128 0xb
 1101 009a 3B       		.uleb128 0x3b
 1102 009b 0B       		.uleb128 0xb
 1103 009c 49       		.uleb128 0x49
 1104 009d 13       		.uleb128 0x13
 1105 009e 02       		.uleb128 0x2
 1106 009f 17       		.uleb128 0x17
 1107 00a0 00       		.byte	0
 1108 00a1 00       		.byte	0
 1109 00a2 0C       		.uleb128 0xc
 1110 00a3 05       		.uleb128 0x5
 1111 00a4 00       		.byte	0
 1112 00a5 03       		.uleb128 0x3
 1113 00a6 08       		.uleb128 0x8
 1114 00a7 3A       		.uleb128 0x3a
 1115 00a8 0B       		.uleb128 0xb
 1116 00a9 3B       		.uleb128 0x3b
 1117 00aa 0B       		.uleb128 0xb
 1118 00ab 49       		.uleb128 0x49
 1119 00ac 13       		.uleb128 0x13
 1120 00ad 02       		.uleb128 0x2
 1121 00ae 17       		.uleb128 0x17
 1122 00af 00       		.byte	0
 1123 00b0 00       		.byte	0
 1124 00b1 0D       		.uleb128 0xd
 1125 00b2 898201   		.uleb128 0x4109
 1126 00b5 01       		.byte	0x1
 1127 00b6 11       		.uleb128 0x11
 1128 00b7 01       		.uleb128 0x1
 1129 00b8 31       		.uleb128 0x31
 1130 00b9 13       		.uleb128 0x13
 1131 00ba 00       		.byte	0
 1132 00bb 00       		.byte	0
 1133 00bc 0E       		.uleb128 0xe
 1134 00bd 8A8201   		.uleb128 0x410a
 1135 00c0 00       		.byte	0
 1136 00c1 02       		.uleb128 0x2
 1137 00c2 18       		.uleb128 0x18
 1138 00c3 9142     		.uleb128 0x2111
 1139 00c5 18       		.uleb128 0x18
 1140 00c6 00       		.byte	0
 1141 00c7 00       		.byte	0
 1142 00c8 0F       		.uleb128 0xf
 1143 00c9 898201   		.uleb128 0x4109
 1144 00cc 01       		.byte	0x1
 1145 00cd 11       		.uleb128 0x11
 1146 00ce 01       		.uleb128 0x1
 1147 00cf 31       		.uleb128 0x31
 1148 00d0 13       		.uleb128 0x13
 1149 00d1 01       		.uleb128 0x1
 1150 00d2 13       		.uleb128 0x13
 1151 00d3 00       		.byte	0
 1152 00d4 00       		.byte	0
ARM GAS  C:\Users\slavi\AppData\Local\Temp\ccIpp60e.s 			page 28


 1153 00d5 10       		.uleb128 0x10
 1154 00d6 05       		.uleb128 0x5
 1155 00d7 00       		.byte	0
 1156 00d8 03       		.uleb128 0x3
 1157 00d9 0E       		.uleb128 0xe
 1158 00da 3A       		.uleb128 0x3a
 1159 00db 0B       		.uleb128 0xb
 1160 00dc 3B       		.uleb128 0x3b
 1161 00dd 0B       		.uleb128 0xb
 1162 00de 49       		.uleb128 0x49
 1163 00df 13       		.uleb128 0x13
 1164 00e0 02       		.uleb128 0x2
 1165 00e1 17       		.uleb128 0x17
 1166 00e2 00       		.byte	0
 1167 00e3 00       		.byte	0
 1168 00e4 11       		.uleb128 0x11
 1169 00e5 0F       		.uleb128 0xf
 1170 00e6 00       		.byte	0
 1171 00e7 0B       		.uleb128 0xb
 1172 00e8 0B       		.uleb128 0xb
 1173 00e9 49       		.uleb128 0x49
 1174 00ea 13       		.uleb128 0x13
 1175 00eb 00       		.byte	0
 1176 00ec 00       		.byte	0
 1177 00ed 12       		.uleb128 0x12
 1178 00ee 26       		.uleb128 0x26
 1179 00ef 00       		.byte	0
 1180 00f0 00       		.byte	0
 1181 00f1 00       		.byte	0
 1182 00f2 13       		.uleb128 0x13
 1183 00f3 2E       		.uleb128 0x2e
 1184 00f4 01       		.byte	0x1
 1185 00f5 3F       		.uleb128 0x3f
 1186 00f6 19       		.uleb128 0x19
 1187 00f7 03       		.uleb128 0x3
 1188 00f8 0E       		.uleb128 0xe
 1189 00f9 3A       		.uleb128 0x3a
 1190 00fa 0B       		.uleb128 0xb
 1191 00fb 3B       		.uleb128 0x3b
 1192 00fc 05       		.uleb128 0x5
 1193 00fd 27       		.uleb128 0x27
 1194 00fe 19       		.uleb128 0x19
 1195 00ff 11       		.uleb128 0x11
 1196 0100 01       		.uleb128 0x1
 1197 0101 12       		.uleb128 0x12
 1198 0102 06       		.uleb128 0x6
 1199 0103 40       		.uleb128 0x40
 1200 0104 18       		.uleb128 0x18
 1201 0105 9742     		.uleb128 0x2117
 1202 0107 19       		.uleb128 0x19
 1203 0108 01       		.uleb128 0x1
 1204 0109 13       		.uleb128 0x13
 1205 010a 00       		.byte	0
 1206 010b 00       		.byte	0
 1207 010c 14       		.uleb128 0x14
 1208 010d 05       		.uleb128 0x5
 1209 010e 00       		.byte	0
ARM GAS  C:\Users\slavi\AppData\Local\Temp\ccIpp60e.s 			page 29


 1210 010f 03       		.uleb128 0x3
 1211 0110 0E       		.uleb128 0xe
 1212 0111 3A       		.uleb128 0x3a
 1213 0112 0B       		.uleb128 0xb
 1214 0113 3B       		.uleb128 0x3b
 1215 0114 05       		.uleb128 0x5
 1216 0115 49       		.uleb128 0x49
 1217 0116 13       		.uleb128 0x13
 1218 0117 02       		.uleb128 0x2
 1219 0118 18       		.uleb128 0x18
 1220 0119 00       		.byte	0
 1221 011a 00       		.byte	0
 1222 011b 15       		.uleb128 0x15
 1223 011c 34       		.uleb128 0x34
 1224 011d 00       		.byte	0
 1225 011e 03       		.uleb128 0x3
 1226 011f 0E       		.uleb128 0xe
 1227 0120 3A       		.uleb128 0x3a
 1228 0121 0B       		.uleb128 0xb
 1229 0122 3B       		.uleb128 0x3b
 1230 0123 05       		.uleb128 0x5
 1231 0124 49       		.uleb128 0x49
 1232 0125 13       		.uleb128 0x13
 1233 0126 02       		.uleb128 0x2
 1234 0127 18       		.uleb128 0x18
 1235 0128 00       		.byte	0
 1236 0129 00       		.byte	0
 1237 012a 16       		.uleb128 0x16
 1238 012b 0B       		.uleb128 0xb
 1239 012c 01       		.byte	0x1
 1240 012d 11       		.uleb128 0x11
 1241 012e 01       		.uleb128 0x1
 1242 012f 12       		.uleb128 0x12
 1243 0130 06       		.uleb128 0x6
 1244 0131 01       		.uleb128 0x1
 1245 0132 13       		.uleb128 0x13
 1246 0133 00       		.byte	0
 1247 0134 00       		.byte	0
 1248 0135 17       		.uleb128 0x17
 1249 0136 13       		.uleb128 0x13
 1250 0137 01       		.byte	0x1
 1251 0138 0B       		.uleb128 0xb
 1252 0139 0B       		.uleb128 0xb
 1253 013a 3A       		.uleb128 0x3a
 1254 013b 0B       		.uleb128 0xb
 1255 013c 3B       		.uleb128 0x3b
 1256 013d 05       		.uleb128 0x5
 1257 013e 01       		.uleb128 0x1
 1258 013f 13       		.uleb128 0x13
 1259 0140 00       		.byte	0
 1260 0141 00       		.byte	0
 1261 0142 18       		.uleb128 0x18
 1262 0143 0D       		.uleb128 0xd
 1263 0144 00       		.byte	0
 1264 0145 03       		.uleb128 0x3
 1265 0146 0E       		.uleb128 0xe
 1266 0147 3A       		.uleb128 0x3a
ARM GAS  C:\Users\slavi\AppData\Local\Temp\ccIpp60e.s 			page 30


 1267 0148 0B       		.uleb128 0xb
 1268 0149 3B       		.uleb128 0x3b
 1269 014a 05       		.uleb128 0x5
 1270 014b 49       		.uleb128 0x49
 1271 014c 13       		.uleb128 0x13
 1272 014d 38       		.uleb128 0x38
 1273 014e 0B       		.uleb128 0xb
 1274 014f 00       		.byte	0
 1275 0150 00       		.byte	0
 1276 0151 19       		.uleb128 0x19
 1277 0152 01       		.uleb128 0x1
 1278 0153 01       		.byte	0x1
 1279 0154 49       		.uleb128 0x49
 1280 0155 13       		.uleb128 0x13
 1281 0156 01       		.uleb128 0x1
 1282 0157 13       		.uleb128 0x13
 1283 0158 00       		.byte	0
 1284 0159 00       		.byte	0
 1285 015a 1A       		.uleb128 0x1a
 1286 015b 21       		.uleb128 0x21
 1287 015c 00       		.byte	0
 1288 015d 49       		.uleb128 0x49
 1289 015e 13       		.uleb128 0x13
 1290 015f 2F       		.uleb128 0x2f
 1291 0160 0B       		.uleb128 0xb
 1292 0161 00       		.byte	0
 1293 0162 00       		.byte	0
 1294 0163 1B       		.uleb128 0x1b
 1295 0164 26       		.uleb128 0x26
 1296 0165 00       		.byte	0
 1297 0166 49       		.uleb128 0x49
 1298 0167 13       		.uleb128 0x13
 1299 0168 00       		.byte	0
 1300 0169 00       		.byte	0
 1301 016a 1C       		.uleb128 0x1c
 1302 016b 34       		.uleb128 0x34
 1303 016c 00       		.byte	0
 1304 016d 03       		.uleb128 0x3
 1305 016e 08       		.uleb128 0x8
 1306 016f 3A       		.uleb128 0x3a
 1307 0170 0B       		.uleb128 0xb
 1308 0171 3B       		.uleb128 0x3b
 1309 0172 05       		.uleb128 0x5
 1310 0173 49       		.uleb128 0x49
 1311 0174 13       		.uleb128 0x13
 1312 0175 02       		.uleb128 0x2
 1313 0176 17       		.uleb128 0x17
 1314 0177 00       		.byte	0
 1315 0178 00       		.byte	0
 1316 0179 1D       		.uleb128 0x1d
 1317 017a 0B       		.uleb128 0xb
 1318 017b 01       		.byte	0x1
 1319 017c 11       		.uleb128 0x11
 1320 017d 01       		.uleb128 0x1
 1321 017e 12       		.uleb128 0x12
 1322 017f 06       		.uleb128 0x6
 1323 0180 00       		.byte	0
ARM GAS  C:\Users\slavi\AppData\Local\Temp\ccIpp60e.s 			page 31


 1324 0181 00       		.byte	0
 1325 0182 1E       		.uleb128 0x1e
 1326 0183 898201   		.uleb128 0x4109
 1327 0186 00       		.byte	0
 1328 0187 11       		.uleb128 0x11
 1329 0188 01       		.uleb128 0x1
 1330 0189 31       		.uleb128 0x31
 1331 018a 13       		.uleb128 0x13
 1332 018b 00       		.byte	0
 1333 018c 00       		.byte	0
 1334 018d 1F       		.uleb128 0x1f
 1335 018e 2E       		.uleb128 0x2e
 1336 018f 00       		.byte	0
 1337 0190 3F       		.uleb128 0x3f
 1338 0191 19       		.uleb128 0x19
 1339 0192 3C       		.uleb128 0x3c
 1340 0193 19       		.uleb128 0x19
 1341 0194 6E       		.uleb128 0x6e
 1342 0195 0E       		.uleb128 0xe
 1343 0196 03       		.uleb128 0x3
 1344 0197 0E       		.uleb128 0xe
 1345 0198 00       		.byte	0
 1346 0199 00       		.byte	0
 1347 019a 20       		.uleb128 0x20
 1348 019b 2E       		.uleb128 0x2e
 1349 019c 00       		.byte	0
 1350 019d 3F       		.uleb128 0x3f
 1351 019e 19       		.uleb128 0x19
 1352 019f 3C       		.uleb128 0x3c
 1353 01a0 19       		.uleb128 0x19
 1354 01a1 6E       		.uleb128 0x6e
 1355 01a2 0E       		.uleb128 0xe
 1356 01a3 03       		.uleb128 0x3
 1357 01a4 0E       		.uleb128 0xe
 1358 01a5 3A       		.uleb128 0x3a
 1359 01a6 0B       		.uleb128 0xb
 1360 01a7 3B       		.uleb128 0x3b
 1361 01a8 0B       		.uleb128 0xb
 1362 01a9 00       		.byte	0
 1363 01aa 00       		.byte	0
 1364 01ab 00       		.byte	0
 1365              		.section	.debug_loc,"",%progbits
 1366              	.Ldebug_loc0:
 1367              	.LLST0:
 1368 0000 06000000 		.4byte	.LVL1
 1369 0004 10000000 		.4byte	.LVL2
 1370 0008 0100     		.2byte	0x1
 1371 000a 53       		.byte	0x53
 1372 000b 00000000 		.4byte	0
 1373 000f 00000000 		.4byte	0
 1374              	.LLST1:
 1375 0013 00000000 		.4byte	.LVL3
 1376 0017 09000000 		.4byte	.LVL5-1
 1377 001b 0100     		.2byte	0x1
 1378 001d 50       		.byte	0x50
 1379 001e 09000000 		.4byte	.LVL5-1
 1380 0022 0C000000 		.4byte	.LFE0
ARM GAS  C:\Users\slavi\AppData\Local\Temp\ccIpp60e.s 			page 32


 1381 0026 0400     		.2byte	0x4
 1382 0028 F3       		.byte	0xf3
 1383 0029 01       		.uleb128 0x1
 1384 002a 50       		.byte	0x50
 1385 002b 9F       		.byte	0x9f
 1386 002c 00000000 		.4byte	0
 1387 0030 00000000 		.4byte	0
 1388              	.LLST2:
 1389 0034 00000000 		.4byte	.LVL3
 1390 0038 06000000 		.4byte	.LVL4
 1391 003c 0100     		.2byte	0x1
 1392 003e 51       		.byte	0x51
 1393 003f 06000000 		.4byte	.LVL4
 1394 0043 09000000 		.4byte	.LVL5-1
 1395 0047 0100     		.2byte	0x1
 1396 0049 52       		.byte	0x52
 1397 004a 09000000 		.4byte	.LVL5-1
 1398 004e 0C000000 		.4byte	.LFE0
 1399 0052 0400     		.2byte	0x4
 1400 0054 F3       		.byte	0xf3
 1401 0055 01       		.uleb128 0x1
 1402 0056 51       		.byte	0x51
 1403 0057 9F       		.byte	0x9f
 1404 0058 00000000 		.4byte	0
 1405 005c 00000000 		.4byte	0
 1406              	.LLST3:
 1407 0060 2E000000 		.4byte	.LVL6
 1408 0064 34000000 		.4byte	.LVL7
 1409 0068 0200     		.2byte	0x2
 1410 006a 49       		.byte	0x49
 1411 006b 9F       		.byte	0x9f
 1412 006c 34000000 		.4byte	.LVL7
 1413 0070 7E000000 		.4byte	.LVL13
 1414 0074 0100     		.2byte	0x1
 1415 0076 55       		.byte	0x55
 1416 0077 00000000 		.4byte	0
 1417 007b 00000000 		.4byte	0
 1418              	.LLST4:
 1419 007f 2E000000 		.4byte	.LVL6
 1420 0083 34000000 		.4byte	.LVL7
 1421 0087 0200     		.2byte	0x2
 1422 0089 30       		.byte	0x30
 1423 008a 9F       		.byte	0x9f
 1424 008b 34000000 		.4byte	.LVL7
 1425 008f 40000000 		.4byte	.LVL8
 1426 0093 0100     		.2byte	0x1
 1427 0095 54       		.byte	0x54
 1428 0096 44000000 		.4byte	.LVL9
 1429 009a 7E000000 		.4byte	.LVL13
 1430 009e 0100     		.2byte	0x1
 1431 00a0 54       		.byte	0x54
 1432 00a1 00000000 		.4byte	0
 1433 00a5 00000000 		.4byte	0
 1434              	.LLST5:
 1435 00a9 00000000 		.4byte	.LVL14
 1436 00ad 05000000 		.4byte	.LVL15-1
 1437 00b1 0100     		.2byte	0x1
ARM GAS  C:\Users\slavi\AppData\Local\Temp\ccIpp60e.s 			page 33


 1438 00b3 50       		.byte	0x50
 1439 00b4 05000000 		.4byte	.LVL15-1
 1440 00b8 08000000 		.4byte	.LFE1
 1441 00bc 0400     		.2byte	0x4
 1442 00be F3       		.byte	0xf3
 1443 00bf 01       		.uleb128 0x1
 1444 00c0 50       		.byte	0x50
 1445 00c1 9F       		.byte	0x9f
 1446 00c2 00000000 		.4byte	0
 1447 00c6 00000000 		.4byte	0
 1448              	.LLST6:
 1449 00ca 00000000 		.4byte	.LVL14
 1450 00ce 05000000 		.4byte	.LVL15-1
 1451 00d2 0100     		.2byte	0x1
 1452 00d4 51       		.byte	0x51
 1453 00d5 05000000 		.4byte	.LVL15-1
 1454 00d9 08000000 		.4byte	.LFE1
 1455 00dd 0400     		.2byte	0x4
 1456 00df F3       		.byte	0xf3
 1457 00e0 01       		.uleb128 0x1
 1458 00e1 51       		.byte	0x51
 1459 00e2 9F       		.byte	0x9f
 1460 00e3 00000000 		.4byte	0
 1461 00e7 00000000 		.4byte	0
 1462              	.LLST7:
 1463 00eb 00000000 		.4byte	.LVL14
 1464 00ef 05000000 		.4byte	.LVL15-1
 1465 00f3 0100     		.2byte	0x1
 1466 00f5 52       		.byte	0x52
 1467 00f6 05000000 		.4byte	.LVL15-1
 1468 00fa 08000000 		.4byte	.LFE1
 1469 00fe 0400     		.2byte	0x4
 1470 0100 F3       		.byte	0xf3
 1471 0101 01       		.uleb128 0x1
 1472 0102 52       		.byte	0x52
 1473 0103 9F       		.byte	0x9f
 1474 0104 00000000 		.4byte	0
 1475 0108 00000000 		.4byte	0
 1476              	.LLST8:
 1477 010c 0E000000 		.4byte	.LVL20
 1478 0110 12000000 		.4byte	.LVL21
 1479 0114 0200     		.2byte	0x2
 1480 0116 30       		.byte	0x30
 1481 0117 9F       		.byte	0x9f
 1482 0118 12000000 		.4byte	.LVL21
 1483 011c 2A000000 		.4byte	.LVL23
 1484 0120 0100     		.2byte	0x1
 1485 0122 54       		.byte	0x54
 1486 0123 2C000000 		.4byte	.LVL24
 1487 0127 66000000 		.4byte	.LVL27
 1488 012b 0100     		.2byte	0x1
 1489 012d 54       		.byte	0x54
 1490 012e 00000000 		.4byte	0
 1491 0132 00000000 		.4byte	0
 1492              	.LLST9:
 1493 0136 12000000 		.4byte	.LVL21
 1494 013a 2A000000 		.4byte	.LVL23
ARM GAS  C:\Users\slavi\AppData\Local\Temp\ccIpp60e.s 			page 34


 1495 013e 0B00     		.2byte	0xb
 1496 0140 74       		.byte	0x74
 1497 0141 00       		.sleb128 0
 1498 0142 36       		.byte	0x36
 1499 0143 1E       		.byte	0x1e
 1500 0144 03       		.byte	0x3
 1501 0145 00000000 		.4byte	cfg_memset_list.4992
 1502 0149 22       		.byte	0x22
 1503 014a 9F       		.byte	0x9f
 1504 014b 2A000000 		.4byte	.LVL23
 1505 014f 2C000000 		.4byte	.LVL24
 1506 0153 0B00     		.2byte	0xb
 1507 0155 74       		.byte	0x74
 1508 0156 7F       		.sleb128 -1
 1509 0157 36       		.byte	0x36
 1510 0158 1E       		.byte	0x1e
 1511 0159 03       		.byte	0x3
 1512 015a 00000000 		.4byte	cfg_memset_list.4992
 1513 015e 22       		.byte	0x22
 1514 015f 9F       		.byte	0x9f
 1515 0160 00000000 		.4byte	0
 1516 0164 00000000 		.4byte	0
 1517              		.section	.debug_aranges,"",%progbits
 1518 0000 4C000000 		.4byte	0x4c
 1519 0004 0200     		.2byte	0x2
 1520 0006 00000000 		.4byte	.Ldebug_info0
 1521 000a 04       		.byte	0x4
 1522 000b 00       		.byte	0
 1523 000c 0000     		.2byte	0
 1524 000e 0000     		.2byte	0
 1525 0010 00000000 		.4byte	.LFB3
 1526 0014 02000000 		.4byte	.LFE3-.LFB3
 1527 0018 00000000 		.4byte	.LFB5
 1528 001c 38000000 		.4byte	.LFE5-.LFB5
 1529 0020 00000000 		.4byte	.LFB0
 1530 0024 0C000000 		.4byte	.LFE0-.LFB0
 1531 0028 00000000 		.4byte	.LFB4
 1532 002c 9C000000 		.4byte	.LFE4-.LFB4
 1533 0030 00000000 		.4byte	.LFB1
 1534 0034 08000000 		.4byte	.LFE1-.LFB1
 1535 0038 00000000 		.4byte	.LFB6
 1536 003c 1C000000 		.4byte	.LFE6-.LFB6
 1537 0040 00000000 		.4byte	.LFB7
 1538 0044 B4000000 		.4byte	.LFE7-.LFB7
 1539 0048 00000000 		.4byte	0
 1540 004c 00000000 		.4byte	0
 1541              		.section	.debug_ranges,"",%progbits
 1542              	.Ldebug_ranges0:
 1543 0000 00000000 		.4byte	.LFB3
 1544 0004 02000000 		.4byte	.LFE3
 1545 0008 00000000 		.4byte	.LFB5
 1546 000c 38000000 		.4byte	.LFE5
 1547 0010 00000000 		.4byte	.LFB0
 1548 0014 0C000000 		.4byte	.LFE0
 1549 0018 00000000 		.4byte	.LFB4
 1550 001c 9C000000 		.4byte	.LFE4
 1551 0020 00000000 		.4byte	.LFB1
ARM GAS  C:\Users\slavi\AppData\Local\Temp\ccIpp60e.s 			page 35


 1552 0024 08000000 		.4byte	.LFE1
 1553 0028 00000000 		.4byte	.LFB6
 1554 002c 1C000000 		.4byte	.LFE6
 1555 0030 00000000 		.4byte	.LFB7
 1556 0034 B4000000 		.4byte	.LFE7
 1557 0038 00000000 		.4byte	0
 1558 003c 00000000 		.4byte	0
 1559              		.section	.debug_line,"",%progbits
 1560              	.Ldebug_line0:
 1561 0000 A5010000 		.section	.debug_str,"MS",%progbits,1
 1561      0200D600 
 1561      00000201 
 1561      FB0E0D00 
 1561      01010101 
 1562              	.LASF19:
 1563 0000 72656731 		.ascii	"reg16\000"
 1563      3600
 1564              	.LASF43:
 1565 0006 43794465 		.ascii	"CyDelayCycles\000"
 1565      6C617943 
 1565      79636C65 
 1565      7300
 1566              	.LASF12:
 1567 0014 73697A65 		.ascii	"size_t\000"
 1567      5F7400
 1568              	.LASF20:
 1569 001b 416E616C 		.ascii	"AnalogSetDefault\000"
 1569      6F675365 
 1569      74446566 
 1569      61756C74 
 1569      00
 1570              	.LASF25:
 1571 002c 74696D65 		.ascii	"timeout\000"
 1571      6F757400 
 1572              	.LASF36:
 1573 0034 6366675F 		.ascii	"cfg_memset_list\000"
 1573      6D656D73 
 1573      65745F6C 
 1573      69737400 
 1574              	.LASF23:
 1575 0044 436C6F63 		.ascii	"ClockSetup\000"
 1575      6B536574 
 1575      757000
 1576              	.LASF6:
 1577 004f 73686F72 		.ascii	"short unsigned int\000"
 1577      7420756E 
 1577      7369676E 
 1577      65642069 
 1577      6E7400
 1578              	.LASF26:
 1579 0062 706C6C4C 		.ascii	"pllLock\000"
 1579      6F636B00 
 1580              	.LASF16:
 1581 006a 666C6F61 		.ascii	"float\000"
 1581      7400
 1582              	.LASF42:
 1583 0070 4379436C 		.ascii	"CyClockStartupError\000"
ARM GAS  C:\Users\slavi\AppData\Local\Temp\ccIpp60e.s 			page 36


 1583      6F636B53 
 1583      74617274 
 1583      75704572 
 1583      726F7200 
 1584              	.LASF28:
 1585 0084 64657374 		.ascii	"dest\000"
 1585      00
 1586              	.LASF34:
 1587 0089 73697A65 		.ascii	"size\000"
 1587      00
 1588              	.LASF39:
 1589 008e 474E5520 		.ascii	"GNU C11 5.4.1 20160609 (release) [ARM/embedded-5-br"
 1589      43313120 
 1589      352E342E 
 1589      31203230 
 1589      31363036 
 1590 00c1 616E6368 		.ascii	"anch revision 237715] -mcpu=cortex-m3 -mthumb -g -O"
 1590      20726576 
 1590      6973696F 
 1590      6E203233 
 1590      37373135 
 1591 00f4 67202D66 		.ascii	"g -ffunction-sections -ffat-lto-objects\000"
 1591      66756E63 
 1591      74696F6E 
 1591      2D736563 
 1591      74696F6E 
 1592              	.LASF18:
 1593 011c 72656738 		.ascii	"reg8\000"
 1593      00
 1594              	.LASF8:
 1595 0121 6C6F6E67 		.ascii	"long unsigned int\000"
 1595      20756E73 
 1595      69676E65 
 1595      6420696E 
 1595      7400
 1596              	.LASF13:
 1597 0133 75696E74 		.ascii	"uint8\000"
 1597      3800
 1598              	.LASF21:
 1599 0139 43594D45 		.ascii	"CYMEMZERO\000"
 1599      4D5A4552 
 1599      4F00
 1600              	.LASF31:
 1601 0143 53657441 		.ascii	"SetAnalogRoutingPumps\000"
 1601      6E616C6F 
 1601      67526F75 
 1601      74696E67 
 1601      50756D70 
 1602              	.LASF4:
 1603 0159 756E7369 		.ascii	"unsigned char\000"
 1603      676E6564 
 1603      20636861 
 1603      7200
 1604              	.LASF37:
 1605 0167 6D656D73 		.ascii	"memset\000"
 1605      657400
 1606              	.LASF17:
ARM GAS  C:\Users\slavi\AppData\Local\Temp\ccIpp60e.s 			page 37


 1607 016e 646F7562 		.ascii	"double\000"
 1607      6C6500
 1608              	.LASF32:
 1609 0175 63796669 		.ascii	"cyfitter_cfg\000"
 1609      74746572 
 1609      5F636667 
 1609      00
 1610              	.LASF14:
 1611 0182 75696E74 		.ascii	"uint16\000"
 1611      313600
 1612              	.LASF22:
 1613 0189 6572726F 		.ascii	"errorCode\000"
 1613      72436F64 
 1613      6500
 1614              	.LASF15:
 1615 0193 75696E74 		.ascii	"uint32\000"
 1615      333200
 1616              	.LASF0:
 1617 019a 756E7369 		.ascii	"unsigned int\000"
 1617      676E6564 
 1617      20696E74 
 1617      00
 1618              	.LASF33:
 1619 01a7 61646472 		.ascii	"address\000"
 1619      65737300 
 1620              	.LASF9:
 1621 01af 6C6F6E67 		.ascii	"long long unsigned int\000"
 1621      206C6F6E 
 1621      6720756E 
 1621      7369676E 
 1621      65642069 
 1622              	.LASF35:
 1623 01c6 6366675F 		.ascii	"cfg_memset_t\000"
 1623      6D656D73 
 1623      65745F74 
 1623      00
 1624              	.LASF10:
 1625 01d3 73697A65 		.ascii	"sizetype\000"
 1625      74797065 
 1625      00
 1626              	.LASF1:
 1627 01dc 6C6F6E67 		.ascii	"long long int\000"
 1627      206C6F6E 
 1627      6720696E 
 1627      7400
 1628              	.LASF40:
 1629 01ea 47656E65 		.ascii	"Generated_Source\\PSoC5\\cyfitter_cfg.c\000"
 1629      72617465 
 1629      645F536F 
 1629      75726365 
 1629      5C50536F 
 1630              	.LASF38:
 1631 0210 6D656D63 		.ascii	"memcpy\000"
 1631      707900
 1632              	.LASF5:
 1633 0217 73686F72 		.ascii	"short int\000"
 1633      7420696E 
ARM GAS  C:\Users\slavi\AppData\Local\Temp\ccIpp60e.s 			page 38


 1633      7400
 1634              	.LASF29:
 1635 0221 656E6162 		.ascii	"enabled\000"
 1635      6C656400 
 1636              	.LASF7:
 1637 0229 6C6F6E67 		.ascii	"long int\000"
 1637      20696E74 
 1637      00
 1638              	.LASF11:
 1639 0232 63686172 		.ascii	"char\000"
 1639      00
 1640              	.LASF2:
 1641 0237 6C6F6E67 		.ascii	"long double\000"
 1641      20646F75 
 1641      626C6500 
 1642              	.LASF24:
 1643 0243 62675F78 		.ascii	"bg_xover_inl_trim\000"
 1643      6F766572 
 1643      5F696E6C 
 1643      5F747269 
 1643      6D00
 1644              	.LASF3:
 1645 0255 7369676E 		.ascii	"signed char\000"
 1645      65642063 
 1645      68617200 
 1646              	.LASF41:
 1647 0261 433A5C55 		.ascii	"C:\\Users\\slavi\\Documents\\PSoC Creator\\PPAZ_2\\"
 1647      73657273 
 1647      5C736C61 
 1647      76695C44 
 1647      6F63756D 
 1648 028e 5050415A 		.ascii	"PPAZ_2.cydsn\000"
 1648      5F322E63 
 1648      7964736E 
 1648      00
 1649              	.LASF30:
 1650 029b 72656756 		.ascii	"regValue\000"
 1650      616C7565 
 1650      00
 1651              	.LASF27:
 1652 02a4 4359434F 		.ascii	"CYCONFIGCPY\000"
 1652      4E464947 
 1652      43505900 
 1653              		.ident	"GCC: (GNU Tools for ARM Embedded Processors) 5.4.1 20160609 (release) [ARM/embedded-5-bran
